Component: ARM Compiler 5.06 update 7 (build 960) Tool: armlink [4d3601]

==============================================================================

Section Cross References

    startup_stm32f401xe.o(RESET) refers to startup_stm32f401xe.o(STACK) for __initial_sp
    startup_stm32f401xe.o(RESET) refers to startup_stm32f401xe.o(.text) for Reset_Handler
    startup_stm32f401xe.o(RESET) refers to stm32f4xx_it.o(i.NMI_Handler) for NMI_Handler
    startup_stm32f401xe.o(RESET) refers to stm32f4xx_it.o(i.HardFault_Handler) for HardFault_Handler
    startup_stm32f401xe.o(RESET) refers to stm32f4xx_it.o(i.MemManage_Handler) for MemManage_Handler
    startup_stm32f401xe.o(RESET) refers to stm32f4xx_it.o(i.BusFault_Handler) for BusFault_Handler
    startup_stm32f401xe.o(RESET) refers to stm32f4xx_it.o(i.UsageFault_Handler) for UsageFault_Handler
    startup_stm32f401xe.o(RESET) refers to stm32f4xx_it.o(i.SVC_Handler) for SVC_Handler
    startup_stm32f401xe.o(RESET) refers to stm32f4xx_it.o(i.DebugMon_Handler) for DebugMon_Handler
    startup_stm32f401xe.o(RESET) refers to stm32f4xx_it.o(i.PendSV_Handler) for PendSV_Handler
    startup_stm32f401xe.o(RESET) refers to stm32f4xx_it.o(i.SysTick_Handler) for SysTick_Handler
    startup_stm32f401xe.o(RESET) refers to stm32f4xx_it.o(i.EXTI4_IRQHandler) for EXTI4_IRQHandler
    startup_stm32f401xe.o(RESET) refers to stm32f4xx_it.o(i.EXTI15_10_IRQHandler) for EXTI15_10_IRQHandler
    startup_stm32f401xe.o(.text) refers to system_stm32f4xx.o(i.SystemInit) for SystemInit
    startup_stm32f401xe.o(.text) refers to entry.o(.ARM.Collect$$$$00000000) for __main
    main.o(i.MX_GPIO_Init) refers to memseta.o(.text) for __aeabi_memclr4
    main.o(i.MX_GPIO_Init) refers to stm32f4xx_hal_gpio.o(i.HAL_GPIO_WritePin) for HAL_GPIO_WritePin
    main.o(i.MX_GPIO_Init) refers to stm32f4xx_hal_gpio.o(i.HAL_GPIO_Init) for HAL_GPIO_Init
    main.o(i.MX_GPIO_Init) refers to stm32f4xx_hal_cortex.o(i.HAL_NVIC_SetPriority) for HAL_NVIC_SetPriority
    main.o(i.MX_GPIO_Init) refers to stm32f4xx_hal_cortex.o(i.HAL_NVIC_EnableIRQ) for HAL_NVIC_EnableIRQ
    main.o(i.MX_RTC_Init) refers to memseta.o(.text) for __aeabi_memclr4
    main.o(i.MX_RTC_Init) refers to stm32f4xx_hal_rtc.o(i.HAL_RTC_Init) for HAL_RTC_Init
    main.o(i.MX_RTC_Init) refers to stm32f4xx_hal_rtc.o(i.HAL_RTC_SetTime) for HAL_RTC_SetTime
    main.o(i.MX_RTC_Init) refers to stm32f4xx_hal_rtc.o(i.HAL_RTC_SetDate) for HAL_RTC_SetDate
    main.o(i.MX_RTC_Init) refers to main.o(.bss) for .bss
    main.o(i.SystemClock_Config) refers to memseta.o(.text) for __aeabi_memclr4
    main.o(i.SystemClock_Config) refers to stm32f4xx_hal_rcc.o(i.HAL_RCC_OscConfig) for HAL_RCC_OscConfig
    main.o(i.SystemClock_Config) refers to stm32f4xx_hal_rcc.o(i.HAL_RCC_ClockConfig) for HAL_RCC_ClockConfig
    main.o(i.main) refers to stm32f4xx_hal.o(i.HAL_Init) for HAL_Init
    main.o(i.main) refers to main.o(i.SystemClock_Config) for SystemClock_Config
    main.o(i.main) refers to main.o(i.MX_GPIO_Init) for MX_GPIO_Init
    main.o(i.main) refers to main.o(i.MX_RTC_Init) for MX_RTC_Init
    main.o(i.main) refers to app_tof.o(i.MX_TOF_Init) for MX_TOF_Init
    main.o(i.main) refers to app_tof.o(i.MX_TOF_Process) for MX_TOF_Process
    app_tof_pin_conf.o(i.HAL_GPIO_EXTI_Callback) refers to app_tof.o(.data) for ToF_EventDetected
    custom_ranging_sensor.o(i.CUSTOM_RANGING_SENSOR_ConfigIT) refers to custom_ranging_sensor.o(.data) for .data
    custom_ranging_sensor.o(i.CUSTOM_RANGING_SENSOR_ConfigProfile) refers to custom_ranging_sensor.o(.data) for .data
    custom_ranging_sensor.o(i.CUSTOM_RANGING_SENSOR_ConfigROI) refers to custom_ranging_sensor.o(.bss) for .bss
    custom_ranging_sensor.o(i.CUSTOM_RANGING_SENSOR_ConfigROI) refers to custom_ranging_sensor.o(.data) for .data
    custom_ranging_sensor.o(i.CUSTOM_RANGING_SENSOR_DeInit) refers to custom_ranging_sensor.o(.data) for .data
    custom_ranging_sensor.o(i.CUSTOM_RANGING_SENSOR_GetAddress) refers to custom_ranging_sensor.o(.data) for .data
    custom_ranging_sensor.o(i.CUSTOM_RANGING_SENSOR_GetCapabilities) refers to custom_ranging_sensor.o(.data) for .data
    custom_ranging_sensor.o(i.CUSTOM_RANGING_SENSOR_GetDistance) refers to custom_ranging_sensor.o(.data) for .data
    custom_ranging_sensor.o(i.CUSTOM_RANGING_SENSOR_GetPowerMode) refers to custom_ranging_sensor.o(.data) for .data
    custom_ranging_sensor.o(i.CUSTOM_RANGING_SENSOR_Init) refers to stm32f4xx_hal_gpio.o(i.HAL_GPIO_WritePin) for HAL_GPIO_WritePin
    custom_ranging_sensor.o(i.CUSTOM_RANGING_SENSOR_Init) refers to stm32f4xx_hal.o(i.HAL_Delay) for HAL_Delay
    custom_ranging_sensor.o(i.CUSTOM_RANGING_SENSOR_Init) refers to custom_ranging_sensor.o(i.VL53L5CX_Probe) for VL53L5CX_Probe
    custom_ranging_sensor.o(i.CUSTOM_RANGING_SENSOR_ReadID) refers to custom_ranging_sensor.o(.data) for .data
    custom_ranging_sensor.o(i.CUSTOM_RANGING_SENSOR_SetAddress) refers to custom_ranging_sensor.o(.data) for .data
[...]

==============================================================================

Image Symbol Table

    Local Symbols

    Symbol Name                              Value     Ov Type        Size  Object(Section)

    ../../../../../../Drivers/BSP/Components/vl53l5cx/modules/vl53l5cx_api.c 0x00000000   Number         0  vl53l5cx_api.o ABSOLUTE
    ../../../../../../Drivers/BSP/Components/vl53l5cx/modules/vl53l5cx_plugin_detection_thresholds.c 0x00000000   Number         0  vl53l5cx_plugin_detection_thresholds.o ABSOLUTE
    ../../../../../../Drivers/BSP/Components/vl53l5cx/modules/vl53l5cx_plugin_motion_indicator.c 0x00000000   Number         0  vl53l5cx_plugin_motion_indicator.o ABSOLUTE
    ../../../../../../Drivers/BSP/Components/vl53l5cx/modules/vl53l5cx_plugin_xtalk.c 0x00000000   Number         0  vl53l5cx_plugin_xtalk.o ABSOLUTE
    ../../../../../../Drivers/BSP/Components/vl53l5cx/porting/platform.c 0x00000000   Number         0  platform.o ABSOLUTE
    ../../../../../../Drivers/BSP/Components/vl53l5cx/vl53l5cx.c 0x00000000   Number         0  vl53l5cx.o ABSOLUTE
    ../../../../../../Drivers/STM32F4xx_HAL_Driver/Src/stm32f4xx_hal.c 0x00000000   Number         0  stm32f4xx_hal.o ABSOLUTE
    ../../../../../../Drivers/STM32F4xx_HAL_Driver/Src/stm32f4xx_hal_cortex.c 0x00000000   Number         0  stm32f4xx_hal_cortex.o ABSOLUTE
    ../../../../../../Drivers/STM32F4xx_HAL_Driver/Src/stm32f4xx_hal_dma.c 0x00000000   Number         0  stm32f4xx_hal_dma.o ABSOLUTE
    ../../../../../../Drivers/STM32F4xx_HAL_Driver/Src/stm32f4xx_hal_dma_ex.c 0x00000000   Number         0  stm32f4xx_hal_dma_ex.o ABSOLUTE
    ../../../../../../Drivers/STM32F4xx_HAL_Driver/Src/stm32f4xx_hal_exti.c 0x00000000   Number         0  stm32f4xx_hal_exti.o ABSOLUTE
    ../../../../../../Drivers/STM32F4xx_HAL_Driver/Src/stm32f4xx_hal_flash.c 0x00000000   Number         0  stm32f4xx_hal_flash.o ABSOLUTE
    ../../../../../../Drivers/STM32F4xx_HAL_Driver/Src/stm32f4xx_hal_flash_ex.c 0x00000000   Number         0  stm32f4xx_hal_flash_ex.o ABSOLUTE
    ../../../../../../Drivers/STM32F4xx_HAL_Driver/Src/stm32f4xx_hal_flash_ramfunc.c 0x00000000   Number         0  stm32f4xx_hal_flash_ramfunc.o ABSOLUTE
    ../../../../../../Drivers/STM32F4xx_HAL_Driver/Src/stm32f4xx_hal_gpio.c 0x00000000   Number         0  stm32f4xx_hal_gpio.o ABSOLUTE
    ../../../../../../Drivers/STM32F4xx_HAL_Driver/Src/stm32f4xx_hal_i2c.c 0x00000000   Number         0  stm32f4xx_hal_i2c.o ABSOLUTE
    ../../../../../../Drivers/STM32F4xx_HAL_Driver/Src/stm32f4xx_hal_i2c_ex.c 0x00000000   Number         0  stm32f4xx_hal_i2c_ex.o ABSOLUTE
    ../../../../../../Drivers/STM32F4xx_HAL_Driver/Src/stm32f4xx_hal_pwr.c 0x00000000   Number         0  stm32f4xx_hal_pwr.o ABSOLUTE
    ../../../../../../Drivers/STM32F4xx_HAL_Driver/Src/stm32f4xx_hal_pwr_ex.c 0x00000000   Number         0  stm32f4xx_hal_pwr_ex.o ABSOLUTE
    ../../../../../../Drivers/STM32F4xx_HAL_Driver/Src/stm32f4xx_hal_rcc.c 0x00000000   Number         0  stm32f4xx_hal_rcc.o ABSOLUTE
    ../../../../../../Drivers/STM32F4xx_HAL_Driver/Src/stm32f4xx_hal_rcc_ex.c 0x00000000   Number         0  stm32f4xx_hal_rcc_ex.o ABSOLUTE
    ../../../../../../Drivers/STM32F4xx_HAL_Driver/Src/stm32f4xx_hal_rtc.c 0x00000000   Number         0  stm32f4xx_hal_rtc.o ABSOLUTE
    ../../../../../../Drivers/STM32F4xx_HAL_Driver/Src/stm32f4xx_hal_rtc_ex.c 0x00000000   Number         0  stm32f4xx_hal_rtc_ex.o ABSOLUTE
    ../../../../../../Drivers/STM32F4xx_HAL_Driver/Src/stm32f4xx_hal_tim.c 0x00000000   Number         0  stm32f4xx_hal_tim.o ABSOLUTE
    ../../../../../../Drivers/STM32F4xx_HAL_Driver/Src/stm32f4xx_hal_tim_ex.c 0x00000000   Number         0  stm32f4xx_hal_tim_ex.o ABSOLUTE
    ../../../../../../Drivers/STM32F4xx_HAL_Driver/Src/stm32f4xx_hal_uart.c 0x00000000   Number         0  stm32f4xx_hal_uart.o ABSOLUTE
    ../Src/app_tof.c                         0x00000000   Number         0  app_tof.o ABSOLUTE
    ../Src/app_tof_pin_conf.c                0x00000000   Number         0  app_tof_pin_conf.o ABSOLUTE
    ../Src/custom_ranging_sensor.c           0x00000000   Number         0  custom_ranging_sensor.o ABSOLUTE
    ../Src/main.c                            0x00000000   Number         0  main.o ABSOLUTE
    ../Src/stm32f4xx_hal_msp.c               0x00000000   Number         0  stm32f4xx_hal_msp.o ABSOLUTE
    ../Src/stm32f4xx_it.c                    0x00000000   Number         0  stm32f4xx_it.o ABSOLUTE
    ../Src/stm32f4xx_nucleo.c                0x00000000   Number         0  stm32f4xx_nucleo.o ABSOLUTE
    ../Src/stm32f4xx_nucleo_bus.c            0x00000000   Number         0  stm32f4xx_nucleo_bus.o ABSOLUTE
    ../Src/system_stm32f4xx.c                0x00000000   Number         0  system_stm32f4xx.o ABSOLUTE
    ../clib/microlib/division.c              0x00000000   Number         0  uldiv.o ABSOLUTE
    ../clib/microlib/division.c              0x00000000   Number         0  uidiv.o ABSOLUTE
    ../clib/microlib/init/entry.s            0x00000000   Number         0  entry8a.o ABSOLUTE
    ../clib/microlib/init/entry.s            0x00000000   Number         0  entry.o ABSOLUTE
    ../clib/microlib/init/entry.s            0x00000000   Number         0  entry7b.o ABSOLUTE
    ../clib/microlib/init/entry.s            0x00000000   Number         0  entry9b.o ABSOLUTE
    ../clib/microlib/init/entry.s            0x00000000   Number         0  entry7a.o ABSOLUTE
    ../clib/microlib/init/entry.s            0x00000000   Number         0  entry12b.o ABSOLUTE
    ../clib/microlib/init/entry.s            0x00000000   Number         0  entry5.o ABSOLUTE
    ../clib/microlib/init/entry.s            0x00000000   Number         0  entry10a.o ABSOLUTE
    ../clib/microlib/init/entry.s            0x00000000   Number         0  entry10b.o ABSOLUTE
    ../clib/microlib/init/entry.s            0x00000000   Number         0  entry2.o ABSOLUTE
    ../clib/microlib/init/entry.s            0x00000000   Number         0  entry11a.o ABSOLUTE
    ../clib/microlib/init/entry.s            0x00000000   Number         0  entry11b.o ABSOLUTE
    ../clib/microlib/init/entry.s            0x00000000   Number         0  entry12a.o ABSOLUTE
    ../clib/microlib/init/entry.s            0x00000000   Number         0  entry9a.o ABSOLUTE
    ../clib/microlib/init/entry.s            0x00000000   Number         0  entry8b.o ABSOLUTE
    ../clib/microlib/longlong.c              0x00000000   Number         0  llshl.o ABSOLUTE
    ../clib/microlib/longlong.c              0x00000000   Number         0  llushr.o ABSOLUTE
    ../clib/microlib/longlong.c              0x00000000   Number         0  llsshr.o ABSOLUTE
    ../clib/microlib/printf/printf.c         0x00000000   Number         0  printf7.o ABSOLUTE
    ../clib/microlib/printf/printf.c         0x00000000   Number         0  printfa.o ABSOLUTE
    ../clib/microlib/printf/printf.c         0x00000000   Number         0  printf8.o ABSOLUTE
    ../clib/microlib/printf/printf.c         0x00000000   Number         0  printf6.o ABSOLUTE
    ../clib/microlib/printf/printf.c         0x00000000   Number         0  printf5.o ABSOLUTE
    ../clib/microlib/printf/printf.c         0x00000000   Number         0  printf4.o ABSOLUTE
    ../clib/microlib/printf/printf.c         0x00000000   Number         0  printf3.o ABSOLUTE
    ../clib/microlib/printf/printf.c         0x00000000   Number         0  printf2.o ABSOLUTE
    ../clib/microlib/printf/printf.c         0x00000000   Number         0  printf1.o ABSOLUTE
    ../clib/microlib/printf/printf.c         0x00000000   Number         0  printf0.o ABSOLUTE
    ../clib/microlib/printf/printf.c         0x00000000   Number         0  printfb.o ABSOLUTE
    ../clib/microlib/printf/stubs.s          0x00000000   Number         0  stubs.o ABSOLUTE
    ../clib/microlib/stdio/streams.c         0x00000000   Number         0  stdout.o ABSOLUTE
    ../clib/microlib/string/memcpy.c         0x00000000   Number         0  memcpya.o ABSOLUTE
    ../clib/microlib/string/memcpy.c         0x00000000   Number         0  memcpyb.o ABSOLUTE
    ../clib/microlib/string/memset.c         0x00000000   Number         0  memseta.o ABSOLUTE
    ../clib/microlib/stubs.s                 0x00000000   Number         0  iusefp.o ABSOLUTE
    ../fplib/microlib/fpadd.c                0x00000000   Number         0  dadd.o ABSOLUTE
    ../fplib/microlib/fpdiv.c                0x00000000   Number         0  ddiv.o ABSOLUTE
    ../fplib/microlib/fpepilogue.c           0x00000000   Number         0  depilogue.o ABSOLUTE
    ../fplib/microlib/fpfix.c                0x00000000   Number         0  dfixul.o ABSOLUTE
    ../fplib/microlib/fpmul.c                0x00000000   Number         0  dmul.o ABSOLUTE
    ..\..\..\..\..\..\Drivers\STM32F4xx_HAL_Driver\Src\stm32f4xx_hal.c 0x00000000   Number         0  stm32f4xx_hal.o ABSOLUTE
    ..\..\..\..\..\..\Drivers\STM32F4xx_HAL_Driver\Src\stm32f4xx_hal_cortex.c 0x00000000   Number         0  stm32f4xx_hal_cortex.o ABSOLUTE
    ..\..\..\..\..\..\Drivers\STM32F4xx_HAL_Driver\Src\stm32f4xx_hal_dma.c 0x00000000   Number         0  stm32f4xx_hal_dma.o ABSOLUTE
    ..\..\..\..\..\..\Drivers\STM32F4xx_HAL_Driver\Src\stm32f4xx_hal_dma_ex.c 0x00000000   Number         0  stm32f4xx_hal_dma_ex.o ABSOLUTE
    ..\..\..\..\..\..\Drivers\STM32F4xx_HAL_Driver\Src\stm32f4xx_hal_exti.c 0x00000000   Number         0  stm32f4xx_hal_exti.o ABSOLUTE
    ..\..\..\..\..\..\Drivers\STM32F4xx_HAL_Driver\Src\stm32f4xx_hal_flash.c 0x00000000   Number         0  stm32f4xx_hal_flash.o ABSOLUTE
    ..\..\..\..\..\..\Drivers\STM32F4xx_HAL_Driver\Src\stm32f4xx_hal_flash_ex.c 0x00000000   Number         0  stm32f4xx_hal_flash_ex.o ABSOLUTE
    ..\..\..\..\..\..\Drivers\STM32F4xx_HAL_Driver\Src\stm32f4xx_hal_flash_ramfunc.c 0x00000000   Number         0  stm32f4xx_hal_flash_ramfunc.o ABSOLUTE
    ..\..\..\..\..\..\Drivers\STM32F4xx_HAL_Driver\Src\stm32f4xx_hal_gpio.c 0x00000000   Number         0  stm32f4xx_hal_gpio.o ABSOLUTE
    ..\..\..\..\..\..\Drivers\STM32F4xx_HAL_Driver\Src\stm32f4xx_hal_i2c.c 0x00000000   Number         0  stm32f4xx_hal_i2c.o ABSOLUTE
    ..\..\..\..\..\..\Drivers\STM32F4xx_HAL_Driver\Src\stm32f4xx_hal_i2c_ex.c 0x00000000   Number         0  stm32f4xx_hal_i2c_ex.o ABSOLUTE
    ..\..\..\..\..\..\Drivers\STM32F4xx_HAL_Driver\Src\stm32f4xx_hal_pwr.c 0x00000000   Number         0  stm32f4xx_hal_pwr.o ABSOLUTE
    ..\..\..\..\..\..\Drivers\STM32F4xx_HAL_Driver\Src\stm32f4xx_hal_pwr_ex.c 0x00000000   Number         0  stm32f4xx_hal_pwr_ex.o ABSOLUTE
    ..\..\..\..\..\..\Drivers\STM32F4xx_HAL_Driver\Src\stm32f4xx_hal_rcc.c 0x00000000   Number         0  stm32f4xx_hal_rcc.o ABSOLUTE
    ..\..\..\..\..\..\Drivers\STM32F4xx_HAL_Driver\Src\stm32f4xx_hal_rcc_ex.c 0x00000000   Number         0  stm32f4xx_hal_rcc_ex.o ABSOLUTE
    ..\..\..\..\..\..\Drivers\STM32F4xx_HAL_Driver\Src\stm32f4xx_hal_rtc.c 0x00000000   Number         0  stm32f4xx_hal_rtc.o ABSOLUTE
    ..\..\..\..\..\..\Drivers\STM32F4xx_HAL_Driver\Src\stm32f4xx_hal_rtc_ex.c 0x00000000   Number         0  stm32f4xx_hal_rtc_ex.o ABSOLUTE
    ..\..\..\..\..\..\Drivers\STM32F4xx_HAL_Driver\Src\stm32f4xx_hal_tim.c 0x00000000   Number         0  stm32f4xx_hal_tim.o ABSOLUTE
    ..\..\..\..\..\..\Drivers\STM32F4xx_HAL_Driver\Src\stm32f4xx_hal_tim_ex.c 0x00000000   Number         0  stm32f4xx_hal_tim_ex.o ABSOLUTE
    ..\..\..\..\..\..\Drivers\STM32F4xx_HAL_Driver\Src\stm32f4xx_hal_uart.c 0x00000000   Number         0  stm32f4xx_hal_uart.o ABSOLUTE
    ..\Src\app_tof.c                         0x00000000   Number         0  app_tof.o ABSOLUTE
    ..\Src\app_tof_pin_conf.c                0x00000000   Number         0  app_tof_pin_conf.o ABSOLUTE
    ..\Src\custom_ranging_sensor.c           0x00000000   Number         0  custom_ranging_sensor.o ABSOLUTE
    ..\Src\main.c                            0x00000000   Number         0  main.o ABSOLUTE
    ..\Src\stm32f4xx_hal_msp.c               0x00000000   Number         0  stm32f4xx_hal_msp.o ABSOLUTE
    ..\Src\stm32f4xx_it.c                    0x00000000   Number         0  stm32f4xx_it.o ABSOLUTE
    ..\Src\stm32f4xx_nucleo.c                0x00000000   Number         0  stm32f4xx_nucleo.o ABSOLUTE
    ..\Src\stm32f4xx_nucleo_bus.c            0x00000000   Number         0  stm32f4xx_nucleo_bus.o ABSOLUTE
    ..\Src\system_stm32f4xx.c                0x00000000   Number         0  system_stm32f4xx.o ABSOLUTE
    cdrcmple.s                               0x00000000   Number         0  cdrcmple.o ABSOLUTE
    dc.s                                     0x00000000   Number         0  dc.o ABSOLUTE
    handlers.s                               0x00000000   Number         0  handlers.o ABSOLUTE
    init.s                                   0x00000000   Number         0  init.o ABSOLUTE
    startup_stm32f401xe.s                    0x00000000   Number         0  startup_stm32f401xe.o ABSOLUTE
    RESET                                    0x08000000   Section      404  startup_stm32f401xe.o(RESET)
    .ARM.Collect$$$$00000000                 0x08000194   Section        0  entry.o(.ARM.Collect$$$$00000000)
    .ARM.Collect$$$$00000001                 0x08000194   Section        4  entry2.o(.ARM.Collect$$$$00000001)
    .ARM.Collect$$$$00000004                 0x08000198   Section        4  entry5.o(.ARM.Collect$$$$00000004)
    .ARM.Collect$$$$00000008                 0x0800019c   Section        0  entry7b.o(.ARM.Collect$$$$00000008)
    .ARM.Collect$$$$0000000A                 0x0800019c   Section        0  entry8b.o(.ARM.Collect$$$$0000000A)
    .ARM.Collect$$$$0000000B                 0x0800019c   Section        8  entry9a.o(.ARM.Collect$$$$0000000B)
    .ARM.Collect$$$$0000000E                 0x080001a4   Section        4  entry12b.o(.ARM.Collect$$$$0000000E)
    .ARM.Collect$$$$0000000F                 0x080001a8   Section        0  entry10a.o(.ARM.Collect$$$$0000000F)
    .ARM.Collect$$$$00000011                 0x080001a8   Section        0  entry11a.o(.ARM.Collect$$$$00000011)
    .ARM.Collect$$$$00002712                 0x080001a8   Section        4  entry2.o(.ARM.Collect$$$$00002712)
    __lit__00000000                          0x080001a8   Data           4  entry2.o(.ARM.Collect$$$$00002712)
    .text                                    0x080001ac   Section       36  startup_stm32f401xe.o(.text)
    $v0                                      0x080001ac   Number         0  startup_stm32f401xe.o(.text)
    .text                                    0x080001d0   Section        0  uldiv.o(.text)
    .text                                    0x08000232   Section        0  memcpya.o(.text)
    .text                                    0x08000256   Section        0  memseta.o(.text)
    .text                                    0x0800027a   Section        0  uidiv.o(.text)
    .text                                    0x080002a6   Section        0  llshl.o(.text)
    .text                                    0x080002c4   Section        0  llushr.o(.text)
    .text                                    0x080002e4   Section       36  init.o(.text)
    i.BSP_COM_Init                           0x08000308   Section        0  stm32f4xx_nucleo.o(i.BSP_COM_Init)
    i.BSP_GetTick                            0x08000348   Section        0  stm32f4xx_nucleo_bus.o(i.BSP_GetTick)
    i.BSP_I2C1_DeInit                        0x0800034c   Section        0  stm32f4xx_nucleo_bus.o(i.BSP_I2C1_DeInit)
    i.BSP_I2C1_Init                          0x08000398   Section        0  stm32f4xx_nucleo_bus.o(i.BSP_I2C1_Init)
    i.BSP_I2C1_ReadReg16                     0x080003d8   Section        0  stm32f4xx_nucleo_bus.o(i.BSP_I2C1_ReadReg16)
    i.BSP_I2C1_WriteReg16                    0x08000410   Section        0  stm32f4xx_nucleo_bus.o(i.BSP_I2C1_WriteReg16)
    i.BusFault_Handler                       0x08000444   Section        0  stm32f4xx_it.o(i.BusFault_Handler)
    i.CUSTOM_RANGING_SENSOR_ConfigProfile    0x08000448   Section        0  custom_ranging_sensor.o(i.CUSTOM_RANGING_SENSOR_ConfigProfile)
    i.CUSTOM_RANGING_SENSOR_GetCapabilities  0x08000474   Section        0  custom_ranging_sensor.o(i.CUSTOM_RANGING_SENSOR_GetCapabilities)
    i.CUSTOM_RANGING_SENSOR_GetDistance      0x080004a0   Section        0  custom_ranging_sensor.o(i.CUSTOM_RANGING_SENSOR_GetDistance)
    i.CUSTOM_RANGING_SENSOR_Init             0x080004cc   Section        0  custom_ranging_sensor.o(i.CUSTOM_RANGING_SENSOR_Init)
    i.CUSTOM_RANGING_SENSOR_ReadID           0x08000534   Section        0  custom_ranging_sensor.o(i.CUSTOM_RANGING_SENSOR_ReadID)
    i.CUSTOM_RANGING_SENSOR_Start            0x08000560   Section        0  custom_ranging_sensor.o(i.CUSTOM_RANGING_SENSOR_Start)
    i.CUSTOM_RANGING_SENSOR_Stop             0x0800058c   Section        0  custom_ranging_sensor.o(i.CUSTOM_RANGING_SENSOR_Stop)
    i.DebugMon_Handler                       0x080005b8   Section        0  stm32f4xx_it.o(i.DebugMon_Handler)
    i.EXTI15_10_IRQHandler                   0x080005ba   Section        0  stm32f4xx_it.o(i.EXTI15_10_IRQHandler)
    i.EXTI4_IRQHandler                       0x080005c2   Section        0  stm32f4xx_it.o(i.EXTI4_IRQHandler)
    i.Error_Handler                          0x080005c8   Section        0  main.o(i.Error_Handler)
    i.HAL_Delay                              0x080005cc   Section        0  stm32f4xx_hal.o(i.HAL_Delay)
    i.HAL_GPIO_DeInit                        0x080005f0   Section        0  stm32f4xx_hal_gpio.o(i.HAL_GPIO_DeInit)
    i.HAL_GPIO_EXTI_Callback                 0x0800071c   Section        0  app_tof_pin_conf.o(i.HAL_GPIO_EXTI_Callback)
    i.HAL_GPIO_EXTI_IRQHandler               0x0800072c   Section        0  stm32f4xx_hal_gpio.o(i.HAL_GPIO_EXTI_IRQHandler)
    i.HAL_GPIO_Init                          0x08000744   Section        0  stm32f4xx_hal_gpio.o(i.HAL_GPIO_Init)
    i.HAL_GPIO_WritePin                      0x08000924   Section        0  stm32f4xx_hal_gpio.o(i.HAL_GPIO_WritePin)
    i.HAL_GetTick                            0x08000930   Section        0  stm32f4xx_hal.o(i.HAL_GetTick)
    i.HAL_I2C_DeInit                         0x0800093c   Section        0  stm32f4xx_hal_i2c.o(i.HAL_I2C_DeInit)
    i.HAL_I2C_GetError                       0x0800096e   Section        0  stm32f4xx_hal_i2c.o(i.HAL_I2C_GetError)
    i.HAL_I2C_GetState                       0x08000972   Section        0  stm32f4xx_hal_i2c.o(i.HAL_I2C_GetState)
    i.HAL_I2C_Init                           0x08000978   Section        0  stm32f4xx_hal_i2c.o(i.HAL_I2C_Init)
    i.HAL_I2C_Mem_Read                       0x08000b00   Section        0  stm32f4xx_hal_i2c.o(i.HAL_I2C_Mem_Read)
    i.HAL_I2C_Mem_Write                      0x08000cf8   Section        0  stm32f4xx_hal_i2c.o(i.HAL_I2C_Mem_Write)
    i.HAL_I2C_MspDeInit                      0x08000e28   Section        0  stm32f4xx_hal_i2c.o(i.HAL_I2C_MspDeInit)
    i.HAL_I2C_MspInit                        0x08000e2a   Section        0  stm32f4xx_hal_i2c.o(i.HAL_I2C_MspInit)
    i.HAL_IncTick                            0x08000e2c   Section        0  stm32f4xx_hal.o(i.HAL_IncTick)
    i.HAL_Init                               0x08000e3c   Section        0  stm32f4xx_hal.o(i.HAL_Init)
    i.HAL_InitTick                           0x08000e70   Section        0  stm32f4xx_hal.o(i.HAL_InitTick)
    i.HAL_MspInit                            0x08000eb0   Section        0  stm32f4xx_hal_msp.o(i.HAL_MspInit)
    i.HAL_NVIC_EnableIRQ                     0x08000ee4   Section        0  stm32f4xx_hal_cortex.o(i.HAL_NVIC_EnableIRQ)
    i.HAL_NVIC_SetPriority                   0x08000f00   Section        0  stm32f4xx_hal_cortex.o(i.HAL_NVIC_SetPriority)
    i.HAL_NVIC_SetPriorityGrouping           0x08000f40   Section        0  stm32f4xx_hal_cortex.o(i.HAL_NVIC_SetPriorityGrouping)
    i.HAL_RCCEx_PeriphCLKConfig              0x08000f64   Section        0  stm32f4xx_hal_rcc_ex.o(i.HAL_RCCEx_PeriphCLKConfig)
    i.HAL_RCC_ClockConfig                    0x080010b4   Section        0  stm32f4xx_hal_rcc.o(i.HAL_RCC_ClockConfig)
    i.HAL_RCC_GetPCLK1Freq                   0x080011e8   Section        0  stm32f4xx_hal_rcc.o(i.HAL_RCC_GetPCLK1Freq)
    i.HAL_RCC_GetPCLK2Freq                   0x08001208   Section        0  stm32f4xx_hal_rcc.o(i.HAL_RCC_GetPCLK2Freq)
    i.HAL_RCC_GetSysClockFreq                0x08001228   Section        0  stm32f4xx_hal_rcc.o(i.HAL_RCC_GetSysClockFreq)
    i.HAL_RCC_OscConfig                      0x08001288   Section        0  stm32f4xx_hal_rcc.o(i.HAL_RCC_OscConfig)
    i.HAL_RTC_Init                           0x080015f4   Section        0  stm32f4xx_hal_rtc.o(i.HAL_RTC_Init)
    i.HAL_RTC_MspInit                        0x08001680   Section        0  stm32f4xx_hal_msp.o(i.HAL_RTC_MspInit)
    i.HAL_RTC_SetDate                        0x080016bc   Section        0  stm32f4xx_hal_rtc.o(i.HAL_RTC_SetDate)
    i.HAL_RTC_SetTime                        0x08001754   Section        0  stm32f4xx_hal_rtc.o(i.HAL_RTC_SetTime)
    i.HAL_RTC_WaitForSynchro                 0x08001814   Section        0  stm32f4xx_hal_rtc.o(i.HAL_RTC_WaitForSynchro)
    i.HAL_SYSTICK_Config                     0x0800184a   Section        0  stm32f4xx_hal_cortex.o(i.HAL_SYSTICK_Config)
    i.HAL_UART_Init                          0x08001872   Section        0  stm32f4xx_hal_uart.o(i.HAL_UART_Init)
    i.HAL_UART_MspInit                       0x080018d4   Section        0  stm32f4xx_hal_uart.o(i.HAL_UART_MspInit)
    i.HAL_UART_Receive                       0x080018d8   Section        0  stm32f4xx_hal_uart.o(i.HAL_UART_Receive)
    i.HAL_UART_Transmit                      0x08001998   Section        0  stm32f4xx_hal_uart.o(i.HAL_UART_Transmit)
    i.HardFault_Handler                      0x08001a4a   Section        0  stm32f4xx_it.o(i.HardFault_Handler)
    i.I2C1_MspInit                           0x08001a4c   Section        0  stm32f4xx_nucleo_bus.o(i.I2C1_MspInit)
    I2C1_MspInit                             0x08001a4d   Thumb Code    92  stm32f4xx_nucleo_bus.o(i.I2C1_MspInit)
    i.I2C_IsAcknowledgeFailed                0x08001ab0   Section        0  stm32f4xx_hal_i2c.o(i.I2C_IsAcknowledgeFailed)
    I2C_IsAcknowledgeFailed                  0x08001ab1   Thumb Code    46  stm32f4xx_hal_i2c.o(i.I2C_IsAcknowledgeFailed)
    i.I2C_RequestMemoryRead                  0x08001ae0   Section        0  stm32f4xx_hal_i2c.o(i.I2C_RequestMemoryRead)
    I2C_RequestMemoryRead                    0x08001ae1   Thumb Code   246  stm32f4xx_hal_i2c.o(i.I2C_RequestMemoryRead)
    i.I2C_RequestMemoryWrite                 0x08001bdc   Section        0  stm32f4xx_hal_i2c.o(i.I2C_RequestMemoryWrite)
    I2C_RequestMemoryWrite                   0x08001bdd   Thumb Code   162  stm32f4xx_hal_i2c.o(i.I2C_RequestMemoryWrite)
    i.I2C_WaitOnBTFFlagUntilTimeout          0x08001c84   Section        0  stm32f4xx_hal_i2c.o(i.I2C_WaitOnBTFFlagUntilTimeout)
    I2C_WaitOnBTFFlagUntilTimeout            0x08001c85   Thumb Code    76  stm32f4xx_hal_i2c.o(i.I2C_WaitOnBTFFlagUntilTimeout)
    i.I2C_WaitOnFlagUntilTimeout             0x08001cd0   Section        0  stm32f4xx_hal_i2c.o(i.I2C_WaitOnFlagUntilTimeout)
    I2C_WaitOnFlagUntilTimeout               0x08001cd1   Thumb Code   104  stm32f4xx_hal_i2c.o(i.I2C_WaitOnFlagUntilTimeout)
    i.I2C_WaitOnMasterAddressFlagUntilTimeout 0x08001d38   Section        0  stm32f4xx_hal_i2c.o(i.I2C_WaitOnMasterAddressFlagUntilTimeout)
    I2C_WaitOnMasterAddressFlagUntilTimeout  0x08001d39   Thumb Code   150  stm32f4xx_hal_i2c.o(i.I2C_WaitOnMasterAddressFlagUntilTimeout)
    i.I2C_WaitOnRXNEFlagUntilTimeout         0x08001dce   Section        0  stm32f4xx_hal_i2c.o(i.I2C_WaitOnRXNEFlagUntilTimeout)
    I2C_WaitOnRXNEFlagUntilTimeout           0x08001dcf   Thumb Code   102  stm32f4xx_hal_i2c.o(i.I2C_WaitOnRXNEFlagUntilTimeout)
    i.I2C_WaitOnTXEFlagUntilTimeout          0x08001e34   Section        0  stm32f4xx_hal_i2c.o(i.I2C_WaitOnTXEFlagUntilTimeout)
    I2C_WaitOnTXEFlagUntilTimeout            0x08001e35   Thumb Code    76  stm32f4xx_hal_i2c.o(i.I2C_WaitOnTXEFlagUntilTimeout)
    i.MX_GPIO_Init                           0x08001e80   Section        0  main.o(i.MX_GPIO_Init)
    MX_GPIO_Init                             0x08001e81   Thumb Code   250  main.o(i.MX_GPIO_Init)
    i.MX_I2C1_Init                           0x08001f8c   Section        0  stm32f4xx_nucleo_bus.o(i.MX_I2C1_Init)
    i.MX_RTC_Init                            0x08001fc0   Section        0  main.o(i.MX_RTC_Init)
    MX_RTC_Init                              0x08001fc1   Thumb Code   120  main.o(i.MX_RTC_Init)
    i.MX_TOF_Init                            0x08002040   Section        0  app_tof.o(i.MX_TOF_Init)
    i.MX_TOF_Process                         0x08002088   Section        0  app_tof.o(i.MX_TOF_Process)
    i.MX_USART2_UART_Init                    0x0800208c   Section        0  stm32f4xx_nucleo.o(i.MX_USART2_UART_Init)
    i.MX_VL53L5CX_SimpleRanging_Process      0x080020b8   Section        0  app_tof.o(i.MX_VL53L5CX_SimpleRanging_Process)
    MX_VL53L5CX_SimpleRanging_Process        0x080020b9   Thumb Code   128  app_tof.o(i.MX_VL53L5CX_SimpleRanging_Process)
    i.MemManage_Handler                      0x08002144   Section        0  stm32f4xx_it.o(i.MemManage_Handler)
    i.NMI_Handler                            0x08002146   Section        0  stm32f4xx_it.o(i.NMI_Handler)
    i.PendSV_Handler                         0x08002148   Section        0  stm32f4xx_it.o(i.PendSV_Handler)
    i.RTC_ByteToBcd2                         0x0800214a   Section        0  stm32f4xx_hal_rtc.o(i.RTC_ByteToBcd2)
    i.RTC_EnterInitMode                      0x08002164   Section        0  stm32f4xx_hal_rtc.o(i.RTC_EnterInitMode)
    i.RTC_ExitInitMode                       0x080021ac   Section        0  stm32f4xx_hal_rtc.o(i.RTC_ExitInitMode)
    i.RdByte                                 0x080021d6   Section        0  platform.o(i.RdByte)
    i.RdMulti                                0x080021e6   Section        0  platform.o(i.RdMulti)
    i.SVC_Handler                            0x080021f6   Section        0  stm32f4xx_it.o(i.SVC_Handler)
    i.SwapBuffer                             0x080021f8   Section        0  platform.o(i.SwapBuffer)
    i.SysTick_Handler                        0x0800221a   Section        0  stm32f4xx_it.o(i.SysTick_Handler)
    i.SystemClock_Config                     0x08002220   Section        0  main.o(i.SystemClock_Config)
    i.SystemInit                             0x080022bc   Section        0  system_stm32f4xx.o(i.SystemInit)
    i.UART_SetConfig                         0x080022cc   Section        0  stm32f4xx_hal_uart.o(i.UART_SetConfig)
    UART_SetConfig                           0x080022cd   Thumb Code   258  stm32f4xx_hal_uart.o(i.UART_SetConfig)
    i.UART_WaitOnFlagUntilTimeout            0x080023d8   Section        0  stm32f4xx_hal_uart.o(i.UART_WaitOnFlagUntilTimeout)
    UART_WaitOnFlagUntilTimeout              0x080023d9   Thumb Code   120  stm32f4xx_hal_uart.o(i.UART_WaitOnFlagUntilTimeout)
    i.USART2_MspInit                         0x08002450   Section        0  stm32f4xx_nucleo.o(i.USART2_MspInit)
    USART2_MspInit                           0x08002451   Thumb Code    94  stm32f4xx_nucleo.o(i.USART2_MspInit)
    i.UsageFault_Handler                     0x080024b8   Section        0  stm32f4xx_it.o(i.UsageFault_Handler)
    i.VL53L5CX_ConfigIT                      0x080024bc   Section        0  vl53l5cx.o(i.VL53L5CX_ConfigIT)
    i.VL53L5CX_ConfigProfile                 0x08002568   Section        0  vl53l5cx.o(i.VL53L5CX_ConfigProfile)
    i.VL53L5CX_ConfigROI                     0x080025f8   Section        0  vl53l5cx.o(i.VL53L5CX_ConfigROI)
    i.VL53L5CX_DeInit                        0x080025fe   Section        0  vl53l5cx.o(i.VL53L5CX_DeInit)
    i.VL53L5CX_GetAddress                    0x0800262a   Section        0  vl53l5cx.o(i.VL53L5CX_GetAddress)
    i.VL53L5CX_GetCapabilities               0x0800263c   Section        0  vl53l5cx.o(i.VL53L5CX_GetCapabilities)
    i.VL53L5CX_GetDistance                   0x08002658   Section        0  vl53l5cx.o(i.VL53L5CX_GetDistance)
    i.VL53L5CX_GetPowerMode                  0x0800269a   Section        0  vl53l5cx.o(i.VL53L5CX_GetPowerMode)
    i.VL53L5CX_Init                          0x080026c4   Section        0  vl53l5cx.o(i.VL53L5CX_Init)
    i.VL53L5CX_Probe                         0x08002708   Section        0  custom_ranging_sensor.o(i.VL53L5CX_Probe)
    VL53L5CX_Probe                           0x08002709   Thumb Code   134  custom_ranging_sensor.o(i.VL53L5CX_Probe)
    i.VL53L5CX_ReadID                        0x080027b4   Section        0  vl53l5cx.o(i.VL53L5CX_ReadID)
    i.VL53L5CX_RegisterBusIO                 0x08002820   Section        0  vl53l5cx.o(i.VL53L5CX_RegisterBusIO)
    i.VL53L5CX_SetAddress                    0x0800285c   Section        0  vl53l5cx.o(i.VL53L5CX_SetAddress)
    i.VL53L5CX_SetPowerMode                  0x08002884   Section        0  vl53l5cx.o(i.VL53L5CX_SetPowerMode)
    i.VL53L5CX_Start                         0x080028a8   Section        0  vl53l5cx.o(i.VL53L5CX_Start)
    i.VL53L5CX_Stop                          0x08002906   Section        0  vl53l5cx.o(i.VL53L5CX_Stop)
    i.WaitMs                                 0x08002932   Section        0  platform.o(i.WaitMs)
    i.WrByte                                 0x0800294c   Section        0  platform.o(i.WrByte)
    i.WrMulti                                0x0800295e   Section        0  platform.o(i.WrMulti)
    i.__0printf$6                            0x08002970   Section        0  printf6.o(i.__0printf$6)
    i.__NVIC_SetPriority                     0x08002990   Section        0  stm32f4xx_hal_cortex.o(i.__NVIC_SetPriority)
    __NVIC_SetPriority                       0x08002991   Thumb Code    32  stm32f4xx_hal_cortex.o(i.__NVIC_SetPriority)
    i.__scatterload_copy                     0x080029b0   Section       14  handlers.o(i.__scatterload_copy)
    i.__scatterload_null                     0x080029be   Section        2  handlers.o(i.__scatterload_null)
    i.__scatterload_zeroinit                 0x080029c0   Section       14  handlers.o(i.__scatterload_zeroinit)
    i._printf_core                           0x080029d0   Section        0  printf6.o(i._printf_core)
    _printf_core                             0x080029d1   Thumb Code   748  printf6.o(i._printf_core)
    i._printf_post_padding                   0x08002cc0   Section        0  printf6.o(i._printf_post_padding)
    _printf_post_padding                     0x08002cc1   Thumb Code    36  printf6.o(i._printf_post_padding)
    i._printf_pre_padding                    0x08002ce4   Section        0  printf6.o(i._printf_pre_padding)
    _printf_pre_padding                      0x08002ce5   Thumb Code    46  printf6.o(i._printf_pre_padding)
    i._vl53l5cx_poll_for_answer              0x08002d12   Section        0  vl53l5cx_api.o(i._vl53l5cx_poll_for_answer)
    _vl53l5cx_poll_for_answer                0x08002d13   Thumb Code   106  vl53l5cx_api.o(i._vl53l5cx_poll_for_answer)
    i._vl53l5cx_send_offset_data             0x08002d7c   Section        0  vl53l5cx_api.o(i._vl53l5cx_send_offset_data)
    _vl53l5cx_send_offset_data               0x08002d7d   Thumb Code   322  vl53l5cx_api.o(i._vl53l5cx_send_offset_data)
    i._vl53l5cx_send_xtalk_data              0x08002ed0   Section        0  vl53l5cx_api.o(i._vl53l5cx_send_xtalk_data)
    _vl53l5cx_send_xtalk_data                0x08002ed1   Thumb Code   242  vl53l5cx_api.o(i._vl53l5cx_send_xtalk_data)
    i.clear_screen                           0x08002fd8   Section        0  app_tof.o(i.clear_screen)
    clear_screen                             0x08002fd9   Thumb Code     8  app_tof.o(i.clear_screen)
    i.display_commands_banner                0x08002fe8   Section        0  app_tof.o(i.display_commands_banner)
    display_commands_banner                  0x08002fe9   Thumb Code    62  app_tof.o(i.display_commands_banner)
    i.fputc                                  0x08003120   Section        0  stm32f4xx_nucleo.o(i.fputc)
    i.handle_cmd                             0x08003148   Section        0  app_tof.o(i.handle_cmd)
    handle_cmd                               0x08003149   Thumb Code   116  app_tof.o(i.handle_cmd)
    i.main                                   0x080031c0   Section        0  main.o(i.main)
    i.print_result                           0x080031dc   Section        0  app_tof.o(i.print_result)
    print_result                             0x080031dd   Thumb Code   386  app_tof.o(i.print_result)
    i.vl53l5cx_check_data_ready              0x08003484   Section        0  vl53l5cx_api.o(i.vl53l5cx_check_data_ready)
    i.vl53l5cx_dci_read_data                 0x080034dc   Section        0  vl53l5cx_api.o(i.vl53l5cx_dci_read_data)
    i.vl53l5cx_dci_replace_data              0x08003590   Section        0  vl53l5cx_api.o(i.vl53l5cx_dci_replace_data)
    i.vl53l5cx_dci_write_data                0x080035c8   Section        0  vl53l5cx_api.o(i.vl53l5cx_dci_write_data)
    i.vl53l5cx_get_power_mode                0x08003694   Section        0  vl53l5cx_api.o(i.vl53l5cx_get_power_mode)
    i.vl53l5cx_get_ranging_data              0x080036dc   Section        0  vl53l5cx_api.o(i.vl53l5cx_get_ranging_data)
    i.vl53l5cx_get_resolution                0x0800386e   Section        0  vl53l5cx_api.o(i.vl53l5cx_get_resolution)
    i.vl53l5cx_get_result                    0x08003894   Section        0  vl53l5cx.o(i.vl53l5cx_get_result)
    vl53l5cx_get_result                      0x08003895   Thumb Code   224  vl53l5cx.o(i.vl53l5cx_get_result)
    i.vl53l5cx_init                          0x0800397c   Section        0  vl53l5cx_api.o(i.vl53l5cx_init)
    i.vl53l5cx_poll_for_measurement          0x08003f1c   Section        0  vl53l5cx.o(i.vl53l5cx_poll_for_measurement)
    vl53l5cx_poll_for_measurement            0x08003f1d   Thumb Code    72  vl53l5cx.o(i.vl53l5cx_poll_for_measurement)
    i.vl53l5cx_set_detection_thresholds      0x08003f64   Section        0  vl53l5cx_plugin_detection_thresholds.o(i.vl53l5cx_set_detection_thresholds)
    i.vl53l5cx_set_detection_thresholds_enable 0x08004028   Section        0  vl53l5cx_plugin_detection_thresholds.o(i.vl53l5cx_set_detection_thresholds_enable)
    i.vl53l5cx_set_i2c_address               0x08004090   Section        0  vl53l5cx_api.o(i.vl53l5cx_set_i2c_address)
    i.vl53l5cx_set_integration_time_ms       0x080040c6   Section        0  vl53l5cx_api.o(i.vl53l5cx_set_integration_time_ms)
    i.vl53l5cx_set_power_mode                0x080040fc   Section        0  vl53l5cx_api.o(i.vl53l5cx_set_power_mode)
    i.vl53l5cx_set_ranging_frequency_hz      0x0800418a   Section        0  vl53l5cx_api.o(i.vl53l5cx_set_ranging_frequency_hz)
    i.vl53l5cx_set_ranging_mode              0x080041aa   Section        0  vl53l5cx_api.o(i.vl53l5cx_set_ranging_mode)
    i.vl53l5cx_set_resolution                0x08004214   Section        0  vl53l5cx_api.o(i.vl53l5cx_set_resolution)
    i.vl53l5cx_start_ranging                 0x08004310   Section        0  vl53l5cx_api.o(i.vl53l5cx_start_ranging)
    i.vl53l5cx_stop_ranging                  0x08004468   Section        0  vl53l5cx_api.o(i.vl53l5cx_stop_ranging)
    .constdata                               0x08004568   Section    87868  vl53l5cx_api.o(.constdata)
    .constdata                               0x08019ca4   Section       16  system_stm32f4xx.o(.constdata)
    .constdata                               0x08019cb4   Section        8  system_stm32f4xx.o(.constdata)
    .data                                    0x20000000   Section        8  custom_ranging_sensor.o(.data)
    CUSTOM_RANGING_Drv                       0x20000004   Data           4  custom_ranging_sensor.o(.data)
    .data                                    0x20000008   Section        4  app_tof.o(.data)
    status                                   0x20000008   Data           4  app_tof.o(.data)
    .data                                    0x2000000c   Section        1  app_tof.o(.data)
    .data                                    0x20000010   Section        4  stm32f4xx_nucleo_bus.o(.data)
    I2C1InitCounter                          0x20000010   Data           4  stm32f4xx_nucleo_bus.o(.data)
    .data                                    0x20000014   Section        8  stm32f4xx_nucleo.o(.data)
    COM_ActiveLogPort                        0x20000014   Data           1  stm32f4xx_nucleo.o(.data)
    .data                                    0x2000001c   Section       56  vl53l5cx.o(.data)
    .data                                    0x20000054   Section       12  stm32f4xx_hal.o(.data)
    .data                                    0x20000060   Section        4  system_stm32f4xx.o(.data)
    .data                                    0x20000064   Section        4  stdout.o(.data)
    .bss                                     0x20000068   Section       32  main.o(.bss)
    .bss                                     0x20000088   Section     2404  custom_ranging_sensor.o(.bss)
    VL53L5CXObj                              0x20000088   Data        2388  custom_ranging_sensor.o(.bss)
    RANGING_SENSOR_Cap                       0x200009dc   Data          16  custom_ranging_sensor.o(.bss)
    .bss                                     0x200009ec   Section     1320  app_tof.o(.bss)
    Cap                                      0x200009ec   Data          16  app_tof.o(.bss)
    Profile                                  0x200009fc   Data          20  app_tof.o(.bss)
    Result                                   0x20000a10   Data        1284  app_tof.o(.bss)
    .bss                                     0x20000f14   Section       84  stm32f4xx_nucleo_bus.o(.bss)
    .bss                                     0x20000f68   Section       68  stm32f4xx_nucleo.o(.bss)
    .bss                                     0x20000fac   Section     1744  vl53l5cx.o(.bss)
    thresholds                               0x20000fac   Data         768  vl53l5cx.o(.bss)
    data                                     0x200012ac   Data         976  vl53l5cx.o(.bss)
    STACK                                    0x20001680   Section     2048  startup_stm32f401xe.o(STACK)

    Global Symbols

    Symbol Name                              Value     Ov Type        Size  Object(Section)

    BuildAttributes$$THM_ISAv4$E$P$D$K$B$S$7EM$VFPi3$EXTD16$VFPS$VFMA$PE$A:L22UL41UL21$X:L11$S22US41US21$IEEE1$IW$USESV6$~STKCKD$USESV7$~SHL$OSPACE$ROPI$EBA8$MICROLIB$REQ8$PRES8$EABIv2 0x00000000   Number         0  anon$$obj.o ABSOLUTE
    __ARM_use_no_argv                        0x00000000   Number         0  main.o ABSOLUTE
    _printf_a                                0x00000000   Number         0  stubs.o ABSOLUTE
    _printf_c                                0x00000000   Number         0  stubs.o ABSOLUTE
    _printf_charcount                        0x00000000   Number         0  stubs.o ABSOLUTE
    _printf_d                                0x00000000   Number         0  stubs.o ABSOLUTE
    _printf_e                                0x00000000   Number         0  stubs.o ABSOLUTE
    _printf_f                                0x00000000   Number         0  stubs.o ABSOLUTE
    _printf_flags                            0x00000000   Number         0  stubs.o ABSOLUTE
    _printf_fp_dec                           0x00000000   Number         0  stubs.o ABSOLUTE
    _printf_fp_hex                           0x00000000   Number         0  stubs.o ABSOLUTE
    _printf_g                                0x00000000   Number         0  stubs.o ABSOLUTE
    _printf_i                                0x00000000   Number         0  stubs.o ABSOLUTE
    _printf_int_dec                          0x00000000   Number         0  stubs.o ABSOLUTE
    _printf_l                                0x00000000   Number         0  stubs.o ABSOLUTE
    _printf_lc                               0x00000000   Number         0  stubs.o ABSOLUTE
    _printf_ll                               0x00000000   Number         0  stubs.o ABSOLUTE
    _printf_lld                              0x00000000   Number         0  stubs.o ABSOLUTE
    _printf_lli                              0x00000000   Number         0  stubs.o ABSOLUTE
    _printf_llo                              0x00000000   Number         0  stubs.o ABSOLUTE
    _printf_llu                              0x00000000   Number         0  stubs.o ABSOLUTE
    _printf_llx                              0x00000000   Number         0  stubs.o ABSOLUTE
    _printf_longlong_dec                     0x00000000   Number         0  stubs.o ABSOLUTE
    _printf_longlong_hex                     0x00000000   Number         0  stubs.o ABSOLUTE
    _printf_longlong_oct                     0x00000000   Number         0  stubs.o ABSOLUTE
    _printf_ls                               0x00000000   Number         0  stubs.o ABSOLUTE
    _printf_mbtowc                           0x00000000   Number         0  stubs.o ABSOLUTE
    _printf_n                                0x00000000   Number         0  stubs.o ABSOLUTE
    _printf_o                                0x00000000   Number         0  stubs.o ABSOLUTE
    _printf_p                                0x00000000   Number         0  stubs.o ABSOLUTE
    _printf_percent                          0x00000000   Number         0  stubs.o ABSOLUTE
    _printf_pre_padding                      0x00000000   Number         0  stubs.o ABSOLUTE
    _printf_return_value                     0x00000000   Number         0  stubs.o ABSOLUTE
    _printf_s                                0x00000000   Number         0  stubs.o ABSOLUTE
    _printf_sizespec                         0x00000000   Number         0  stubs.o ABSOLUTE
    _printf_str                              0x00000000   Number         0  stubs.o ABSOLUTE
    _printf_truncate_signed                  0x00000000   Number         0  stubs.o ABSOLUTE
    _printf_truncate_unsigned                0x00000000   Number         0  stubs.o ABSOLUTE
    _printf_u                                0x00000000   Number         0  stubs.o ABSOLUTE
    _printf_wc                               0x00000000   Number         0  stubs.o ABSOLUTE
    _printf_wctomb                           0x00000000   Number         0  stubs.o ABSOLUTE
    _printf_widthprec                        0x00000000   Number         0  stubs.o ABSOLUTE
    _printf_x                                0x00000000   Number         0  stubs.o ABSOLUTE
    __arm_fini_                               - Undefined Weak Reference
    __cpp_initialize__aeabi_                  - Undefined Weak Reference
    __cxa_finalize                            - Undefined Weak Reference
    __decompress                              - Undefined Weak Reference
    _clock_init                               - Undefined Weak Reference
    _microlib_exit                            - Undefined Weak Reference
    __Vectors_Size                           0x00000194   Number         0  startup_stm32f401xe.o ABSOLUTE
    __Vectors                                0x08000000   Data           4  startup_stm32f401xe.o(RESET)
    __Vectors_End                            0x08000194   Data           0  startup_stm32f401xe.o(RESET)
    __main                                   0x08000195   Thumb Code     0  entry.o(.ARM.Collect$$$$00000000)
    _main_stk                                0x08000195   Thumb Code     0  entry2.o(.ARM.Collect$$$$00000001)
    _main_scatterload                        0x08000199   Thumb Code     0  entry5.o(.ARM.Collect$$$$00000004)
    __main_after_scatterload                 0x0800019d   Thumb Code     0  entry5.o(.ARM.Collect$$$$00000004)
    _main_clock                              0x0800019d   Thumb Code     0  entry7b.o(.ARM.Collect$$$$00000008)
    _main_cpp_init                           0x0800019d   Thumb Code     0  entry8b.o(.ARM.Collect$$$$0000000A)
    _main_init                               0x0800019d   Thumb Code     0  entry9a.o(.ARM.Collect$$$$0000000B)
    __rt_lib_shutdown_fini                   0x080001a5   Thumb Code     0  entry12b.o(.ARM.Collect$$$$0000000E)
    __rt_final_cpp                           0x080001a9   Thumb Code     0  entry10a.o(.ARM.Collect$$$$0000000F)
    __rt_final_exit                          0x080001a9   Thumb Code     0  entry11a.o(.ARM.Collect$$$$00000011)
    Reset_Handler                            0x080001ad   Thumb Code     8  startup_stm32f401xe.o(.text)
    ADC_IRQHandler                           0x080001c7   Thumb Code     0  startup_stm32f401xe.o(.text)
    DMA1_Stream0_IRQHandler                  0x080001c7   Thumb Code     0  startup_stm32f401xe.o(.text)
    DMA1_Stream1_IRQHandler                  0x080001c7   Thumb Code     0  startup_stm32f401xe.o(.text)
    DMA1_Stream2_IRQHandler                  0x080001c7   Thumb Code     0  startup_stm32f401xe.o(.text)
    DMA1_Stream3_IRQHandler                  0x080001c7   Thumb Code     0  startup_stm32f401xe.o(.text)
    DMA1_Stream4_IRQHandler                  0x080001c7   Thumb Code     0  startup_stm32f401xe.o(.text)
    DMA1_Stream5_IRQHandler                  0x080001c7   Thumb Code     0  startup_stm32f401xe.o(.text)
    DMA1_Stream6_IRQHandler                  0x080001c7   Thumb Code     0  startup_stm32f401xe.o(.text)
    DMA1_Stream7_IRQHandler                  0x080001c7   Thumb Code     0  startup_stm32f401xe.o(.text)
    DMA2_Stream0_IRQHandler                  0x080001c7   Thumb Code     0  startup_stm32f401xe.o(.text)
    DMA2_Stream1_IRQHandler                  0x080001c7   Thumb Code     0  startup_stm32f401xe.o(.text)
    DMA2_Stream2_IRQHandler                  0x080001c7   Thumb Code     0  startup_stm32f401xe.o(.text)
    DMA2_Stream3_IRQHandler                  0x080001c7   Thumb Code     0  startup_stm32f401xe.o(.text)
    DMA2_Stream4_IRQHandler                  0x080001c7   Thumb Code     0  startup_stm32f401xe.o(.text)
    DMA2_Stream5_IRQHandler                  0x080001c7   Thumb Code     0  startup_stm32f401xe.o(.text)
    DMA2_Stream6_IRQHandler                  0x080001c7   Thumb Code     0  startup_stm32f401xe.o(.text)
    DMA2_Stream7_IRQHandler                  0x080001c7   Thumb Code     0  startup_stm32f401xe.o(.text)
    EXTI0_IRQHandler                         0x080001c7   Thumb Code     0  startup_stm32f401xe.o(.text)
    EXTI1_IRQHandler                         0x080001c7   Thumb Code     0  startup_stm32f401xe.o(.text)
    EXTI2_IRQHandler                         0x080001c7   Thumb Code     0  startup_stm32f401xe.o(.text)
    EXTI3_IRQHandler                         0x080001c7   Thumb Code     0  startup_stm32f401xe.o(.text)
    EXTI9_5_IRQHandler                       0x080001c7   Thumb Code     0  startup_stm32f401xe.o(.text)
    FLASH_IRQHandler                         0x080001c7   Thumb Code     0  startup_stm32f401xe.o(.text)
    FPU_IRQHandler                           0x080001c7   Thumb Code     0  startup_stm32f401xe.o(.text)
    I2C1_ER_IRQHandler                       0x080001c7   Thumb Code     0  startup_stm32f401xe.o(.text)
    I2C1_EV_IRQHandler                       0x080001c7   Thumb Code     0  startup_stm32f401xe.o(.text)
    I2C2_ER_IRQHandler                       0x080001c7   Thumb Code     0  startup_stm32f401xe.o(.text)
    I2C2_EV_IRQHandler                       0x080001c7   Thumb Code     0  startup_stm32f401xe.o(.text)
    I2C3_ER_IRQHandler                       0x080001c7   Thumb Code     0  startup_stm32f401xe.o(.text)
    I2C3_EV_IRQHandler                       0x080001c7   Thumb Code     0  startup_stm32f401xe.o(.text)
    OTG_FS_IRQHandler                        0x080001c7   Thumb Code     0  startup_stm32f401xe.o(.text)
    OTG_FS_WKUP_IRQHandler                   0x080001c7   Thumb Code     0  startup_stm32f401xe.o(.text)
    PVD_IRQHandler                           0x080001c7   Thumb Code     0  startup_stm32f401xe.o(.text)
    RCC_IRQHandler                           0x080001c7   Thumb Code     0  startup_stm32f401xe.o(.text)
    RTC_Alarm_IRQHandler                     0x080001c7   Thumb Code     0  startup_stm32f401xe.o(.text)
    RTC_WKUP_IRQHandler                      0x080001c7   Thumb Code     0  startup_stm32f401xe.o(.text)
    SDIO_IRQHandler                          0x080001c7   Thumb Code     0  startup_stm32f401xe.o(.text)
    SPI1_IRQHandler                          0x080001c7   Thumb Code     0  startup_stm32f401xe.o(.text)
    SPI2_IRQHandler                          0x080001c7   Thumb Code     0  startup_stm32f401xe.o(.text)
    SPI3_IRQHandler                          0x080001c7   Thumb Code     0  startup_stm32f401xe.o(.text)
    SPI4_IRQHandler                          0x080001c7   Thumb Code     0  startup_stm32f401xe.o(.text)
    TAMP_STAMP_IRQHandler                    0x080001c7   Thumb Code     0  startup_stm32f401xe.o(.text)
    TIM1_BRK_TIM9_IRQHandler                 0x080001c7   Thumb Code     0  startup_stm32f401xe.o(.text)
    TIM1_CC_IRQHandler                       0x080001c7   Thumb Code     0  startup_stm32f401xe.o(.text)
    TIM1_TRG_COM_TIM11_IRQHandler            0x080001c7   Thumb Code     0  startup_stm32f401xe.o(.text)
    TIM1_UP_TIM10_IRQHandler                 0x080001c7   Thumb Code     0  startup_stm32f401xe.o(.text)
    TIM2_IRQHandler                          0x080001c7   Thumb Code     0  startup_stm32f401xe.o(.text)
    TIM3_IRQHandler                          0x080001c7   Thumb Code     0  startup_stm32f401xe.o(.text)
    TIM4_IRQHandler                          0x080001c7   Thumb Code     0  startup_stm32f401xe.o(.text)
    TIM5_IRQHandler                          0x080001c7   Thumb Code     0  startup_stm32f401xe.o(.text)
    USART1_IRQHandler                        0x080001c7   Thumb Code     0  startup_stm32f401xe.o(.text)
    USART2_IRQHandler                        0x080001c7   Thumb Code     0  startup_stm32f401xe.o(.text)
    USART6_IRQHandler                        0x080001c7   Thumb Code     0  startup_stm32f401xe.o(.text)
    WWDG_IRQHandler                          0x080001c7   Thumb Code     0  startup_stm32f401xe.o(.text)
    __aeabi_uldivmod                         0x080001d1   Thumb Code    98  uldiv.o(.text)
    __aeabi_memcpy                           0x08000233   Thumb Code    36  memcpya.o(.text)
    __aeabi_memcpy4                          0x08000233   Thumb Code     0  memcpya.o(.text)
    __aeabi_memcpy8                          0x08000233   Thumb Code     0  memcpya.o(.text)
    __aeabi_memset                           0x08000257   Thumb Code    14  memseta.o(.text)
    __aeabi_memset4                          0x08000257   Thumb Code     0  memseta.o(.text)
    __aeabi_memset8                          0x08000257   Thumb Code     0  memseta.o(.text)
    __aeabi_memclr                           0x08000265   Thumb Code     4  memseta.o(.text)
    __aeabi_memclr4                          0x08000265   Thumb Code     0  memseta.o(.text)
    __aeabi_memclr8                          0x08000265   Thumb Code     0  memseta.o(.text)
    _memset$wrapper                          0x08000269   Thumb Code    18  memseta.o(.text)
    __aeabi_uidiv                            0x0800027b   Thumb Code     0  uidiv.o(.text)
    __aeabi_uidivmod                         0x0800027b   Thumb Code    44  uidiv.o(.text)
    __aeabi_llsl                             0x080002a7   Thumb Code    30  llshl.o(.text)
    _ll_shift_l                              0x080002a7   Thumb Code     0  llshl.o(.text)
    __aeabi_llsr                             0x080002c5   Thumb Code    32  llushr.o(.text)
    _ll_ushift_r                             0x080002c5   Thumb Code     0  llushr.o(.text)
    __scatterload                            0x080002e5   Thumb Code    28  init.o(.text)
    __scatterload_rt2                        0x080002e5   Thumb Code     0  init.o(.text)
    BSP_COM_Init                             0x08000309   Thumb Code    54  stm32f4xx_nucleo.o(i.BSP_COM_Init)
    BSP_GetTick                              0x08000349   Thumb Code     4  stm32f4xx_nucleo_bus.o(i.BSP_GetTick)
    BSP_I2C1_DeInit                          0x0800034d   Thumb Code    60  stm32f4xx_nucleo_bus.o(i.BSP_I2C1_DeInit)
    BSP_I2C1_Init                            0x08000399   Thumb Code    52  stm32f4xx_nucleo_bus.o(i.BSP_I2C1_Init)
    BSP_I2C1_ReadReg16                       0x080003d9   Thumb Code    50  stm32f4xx_nucleo_bus.o(i.BSP_I2C1_ReadReg16)
    BSP_I2C1_WriteReg16                      0x08000411   Thumb Code    48  stm32f4xx_nucleo_bus.o(i.BSP_I2C1_WriteReg16)
    BusFault_Handler                         0x08000445   Thumb Code     2  stm32f4xx_it.o(i.BusFault_Handler)
    CUSTOM_RANGING_SENSOR_ConfigProfile      0x08000449   Thumb Code    38  custom_ranging_sensor.o(i.CUSTOM_RANGING_SENSOR_ConfigProfile)
    CUSTOM_RANGING_SENSOR_GetCapabilities    0x08000475   Thumb Code    38  custom_ranging_sensor.o(i.CUSTOM_RANGING_SENSOR_GetCapabilities)
    CUSTOM_RANGING_SENSOR_GetDistance        0x080004a1   Thumb Code    38  custom_ranging_sensor.o(i.CUSTOM_RANGING_SENSOR_GetDistance)
    CUSTOM_RANGING_SENSOR_Init               0x080004cd   Thumb Code    96  custom_ranging_sensor.o(i.CUSTOM_RANGING_SENSOR_Init)
    CUSTOM_RANGING_SENSOR_ReadID             0x08000535   Thumb Code    38  custom_ranging_sensor.o(i.CUSTOM_RANGING_SENSOR_ReadID)
    CUSTOM_RANGING_SENSOR_Start              0x08000561   Thumb Code    38  custom_ranging_sensor.o(i.CUSTOM_RANGING_SENSOR_Start)
    CUSTOM_RANGING_SENSOR_Stop               0x0800058d   Thumb Code    38  custom_ranging_sensor.o(i.CUSTOM_RANGING_SENSOR_Stop)
    DebugMon_Handler                         0x080005b9   Thumb Code     2  stm32f4xx_it.o(i.DebugMon_Handler)
    EXTI15_10_IRQHandler                     0x080005bb   Thumb Code     8  stm32f4xx_it.o(i.EXTI15_10_IRQHandler)
    EXTI4_IRQHandler                         0x080005c3   Thumb Code     6  stm32f4xx_it.o(i.EXTI4_IRQHandler)
    Error_Handler                            0x080005c9   Thumb Code     4  main.o(i.Error_Handler)
    HAL_Delay                                0x080005cd   Thumb Code    32  stm32f4xx_hal.o(i.HAL_Delay)
    HAL_GPIO_DeInit                          0x080005f1   Thumb Code   272  stm32f4xx_hal_gpio.o(i.HAL_GPIO_DeInit)
    HAL_GPIO_EXTI_Callback                   0x0800071d   Thumb Code    12  app_tof_pin_conf.o(i.HAL_GPIO_EXTI_Callback)
    HAL_GPIO_EXTI_IRQHandler                 0x0800072d   Thumb Code    18  stm32f4xx_hal_gpio.o(i.HAL_GPIO_EXTI_IRQHandler)
    HAL_GPIO_Init                            0x08000745   Thumb Code   446  stm32f4xx_hal_gpio.o(i.HAL_GPIO_Init)
    HAL_GPIO_WritePin                        0x08000925   Thumb Code    10  stm32f4xx_hal_gpio.o(i.HAL_GPIO_WritePin)
    HAL_GetTick                              0x08000931   Thumb Code     6  stm32f4xx_hal.o(i.HAL_GetTick)
    HAL_I2C_DeInit                           0x0800093d   Thumb Code    50  stm32f4xx_hal_i2c.o(i.HAL_I2C_DeInit)
    HAL_I2C_GetError                         0x0800096f   Thumb Code     4  stm32f4xx_hal_i2c.o(i.HAL_I2C_GetError)
    HAL_I2C_GetState                         0x08000973   Thumb Code     6  stm32f4xx_hal_i2c.o(i.HAL_I2C_GetState)
    HAL_I2C_Init                             0x08000979   Thumb Code   376  stm32f4xx_hal_i2c.o(i.HAL_I2C_Init)
    HAL_I2C_Mem_Read                         0x08000b01   Thumb Code   490  stm32f4xx_hal_i2c.o(i.HAL_I2C_Mem_Read)
    HAL_I2C_Mem_Write                        0x08000cf9   Thumb Code   294  stm32f4xx_hal_i2c.o(i.HAL_I2C_Mem_Write)
    HAL_I2C_MspDeInit                        0x08000e29   Thumb Code     2  stm32f4xx_hal_i2c.o(i.HAL_I2C_MspDeInit)
    HAL_I2C_MspInit                          0x08000e2b   Thumb Code     2  stm32f4xx_hal_i2c.o(i.HAL_I2C_MspInit)
    HAL_IncTick                              0x08000e2d   Thumb Code    12  stm32f4xx_hal.o(i.HAL_IncTick)
    HAL_Init                                 0x08000e3d   Thumb Code    48  stm32f4xx_hal.o(i.HAL_Init)
    HAL_InitTick                             0x08000e71   Thumb Code    54  stm32f4xx_hal.o(i.HAL_InitTick)
    HAL_MspInit                              0x08000eb1   Thumb Code    48  stm32f4xx_hal_msp.o(i.HAL_MspInit)
    HAL_NVIC_EnableIRQ                       0x08000ee5   Thumb Code    26  stm32f4xx_hal_cortex.o(i.HAL_NVIC_EnableIRQ)
    HAL_NVIC_SetPriority                     0x08000f01   Thumb Code    60  stm32f4xx_hal_cortex.o(i.HAL_NVIC_SetPriority)
    HAL_NVIC_SetPriorityGrouping             0x08000f41   Thumb Code    26  stm32f4xx_hal_cortex.o(i.HAL_NVIC_SetPriorityGrouping)
    HAL_RCCEx_PeriphCLKConfig                0x08000f65   Thumb Code   310  stm32f4xx_hal_rcc_ex.o(i.HAL_RCCEx_PeriphCLKConfig)
    HAL_RCC_ClockConfig                      0x080010b5   Thumb Code   288  stm32f4xx_hal_rcc.o(i.HAL_RCC_ClockConfig)
    HAL_RCC_GetPCLK1Freq                     0x080011e9   Thumb Code    20  stm32f4xx_hal_rcc.o(i.HAL_RCC_GetPCLK1Freq)
    HAL_RCC_GetPCLK2Freq                     0x08001209   Thumb Code    20  stm32f4xx_hal_rcc.o(i.HAL_RCC_GetPCLK2Freq)
    HAL_RCC_GetSysClockFreq                  0x08001229   Thumb Code    88  stm32f4xx_hal_rcc.o(i.HAL_RCC_GetSysClockFreq)
    HAL_RCC_OscConfig                        0x08001289   Thumb Code   856  stm32f4xx_hal_rcc.o(i.HAL_RCC_OscConfig)
    HAL_RTC_Init                             0x080015f5   Thumb Code   136  stm32f4xx_hal_rtc.o(i.HAL_RTC_Init)
    HAL_RTC_MspInit                          0x08001681   Thumb Code    52  stm32f4xx_hal_msp.o(i.HAL_RTC_MspInit)
    HAL_RTC_SetDate                          0x080016bd   Thumb Code   146  stm32f4xx_hal_rtc.o(i.HAL_RTC_SetDate)
    HAL_RTC_SetTime                          0x08001755   Thumb Code   186  stm32f4xx_hal_rtc.o(i.HAL_RTC_SetTime)
    HAL_RTC_WaitForSynchro                   0x08001815   Thumb Code    54  stm32f4xx_hal_rtc.o(i.HAL_RTC_WaitForSynchro)
    HAL_SYSTICK_Config                       0x0800184b   Thumb Code    40  stm32f4xx_hal_cortex.o(i.HAL_SYSTICK_Config)
    HAL_UART_Init                            0x08001873   Thumb Code    98  stm32f4xx_hal_uart.o(i.HAL_UART_Init)
    HAL_UART_MspInit                         0x080018d5   Thumb Code     2  stm32f4xx_hal_uart.o(i.HAL_UART_MspInit)
    HAL_UART_Receive                         0x080018d9   Thumb Code   192  stm32f4xx_hal_uart.o(i.HAL_UART_Receive)
    HAL_UART_Transmit                        0x08001999   Thumb Code   178  stm32f4xx_hal_uart.o(i.HAL_UART_Transmit)
    HardFault_Handler                        0x08001a4b   Thumb Code     2  stm32f4xx_it.o(i.HardFault_Handler)
    MX_I2C1_Init                             0x08001f8d   Thumb Code    42  stm32f4xx_nucleo_bus.o(i.MX_I2C1_Init)
    MX_TOF_Init                              0x08002041   Thumb Code    32  app_tof.o(i.MX_TOF_Init)
    MX_TOF_Process                           0x08002089   Thumb Code     4  app_tof.o(i.MX_TOF_Process)
    MX_USART2_UART_Init                      0x0800208d   Thumb Code    40  stm32f4xx_nucleo.o(i.MX_USART2_UART_Init)
    MemManage_Handler                        0x08002145   Thumb Code     2  stm32f4xx_it.o(i.MemManage_Handler)
    NMI_Handler                              0x08002147   Thumb Code     2  stm32f4xx_it.o(i.NMI_Handler)
    PendSV_Handler                           0x08002149   Thumb Code     2  stm32f4xx_it.o(i.PendSV_Handler)
    RTC_ByteToBcd2                           0x0800214b   Thumb Code    24  stm32f4xx_hal_rtc.o(i.RTC_ByteToBcd2)
    RTC_EnterInitMode                        0x08002165   Thumb Code    72  stm32f4xx_hal_rtc.o(i.RTC_EnterInitMode)
    RTC_ExitInitMode                         0x080021ad   Thumb Code    42  stm32f4xx_hal_rtc.o(i.RTC_ExitInitMode)
    RdByte                                   0x080021d7   Thumb Code    16  platform.o(i.RdByte)
    RdMulti                                  0x080021e7   Thumb Code    16  platform.o(i.RdMulti)
    SVC_Handler                              0x080021f7   Thumb Code     2  stm32f4xx_it.o(i.SVC_Handler)
    SwapBuffer                               0x080021f9   Thumb Code    34  platform.o(i.SwapBuffer)
    SysTick_Handler                          0x0800221b   Thumb Code     4  stm32f4xx_it.o(i.SysTick_Handler)
    SystemClock_Config                       0x08002221   Thumb Code   146  main.o(i.SystemClock_Config)
    SystemInit                               0x080022bd   Thumb Code    12  system_stm32f4xx.o(i.SystemInit)
    UsageFault_Handler                       0x080024b9   Thumb Code     2  stm32f4xx_it.o(i.UsageFault_Handler)
    VL53L5CX_ConfigIT                        0x080024bd   Thumb Code   166  vl53l5cx.o(i.VL53L5CX_ConfigIT)
    VL53L5CX_ConfigProfile                   0x08002569   Thumb Code   144  vl53l5cx.o(i.VL53L5CX_ConfigProfile)
    VL53L5CX_ConfigROI                       0x080025f9   Thumb Code     6  vl53l5cx.o(i.VL53L5CX_ConfigROI)
    VL53L5CX_DeInit                          0x080025ff   Thumb Code    44  vl53l5cx.o(i.VL53L5CX_DeInit)
    VL53L5CX_GetAddress                      0x0800262b   Thumb Code    18  vl53l5cx.o(i.VL53L5CX_GetAddress)
    VL53L5CX_GetCapabilities                 0x0800263d   Thumb Code    28  vl53l5cx.o(i.VL53L5CX_GetCapabilities)
    VL53L5CX_GetDistance                     0x08002659   Thumb Code    66  vl53l5cx.o(i.VL53L5CX_GetDistance)
    VL53L5CX_GetPowerMode                    0x0800269b   Thumb Code    42  vl53l5cx.o(i.VL53L5CX_GetPowerMode)
    VL53L5CX_Init                            0x080026c5   Thumb Code    68  vl53l5cx.o(i.VL53L5CX_Init)
    VL53L5CX_ReadID                          0x080027b5   Thumb Code   108  vl53l5cx.o(i.VL53L5CX_ReadID)
    VL53L5CX_RegisterBusIO                   0x08002821   Thumb Code    60  vl53l5cx.o(i.VL53L5CX_RegisterBusIO)
    VL53L5CX_SetAddress                      0x0800285d   Thumb Code    40  vl53l5cx.o(i.VL53L5CX_SetAddress)
    VL53L5CX_SetPowerMode                    0x08002885   Thumb Code    36  vl53l5cx.o(i.VL53L5CX_SetPowerMode)
    VL53L5CX_Start                           0x080028a9   Thumb Code    94  vl53l5cx.o(i.VL53L5CX_Start)
    VL53L5CX_Stop                            0x08002907   Thumb Code    44  vl53l5cx.o(i.VL53L5CX_Stop)
    WaitMs                                   0x08002933   Thumb Code    26  platform.o(i.WaitMs)
    WrByte                                   0x0800294d   Thumb Code    18  platform.o(i.WrByte)
    WrMulti                                  0x0800295f   Thumb Code    16  platform.o(i.WrMulti)
    __0printf$6                              0x08002971   Thumb Code    22  printf6.o(i.__0printf$6)
    __1printf$6                              0x08002971   Thumb Code     0  printf6.o(i.__0printf$6)
    __2printf                                0x08002971   Thumb Code     0  printf6.o(i.__0printf$6)
    __scatterload_copy                       0x080029b1   Thumb Code    14  handlers.o(i.__scatterload_copy)
    __scatterload_null                       0x080029bf   Thumb Code     2  handlers.o(i.__scatterload_null)
    __scatterload_zeroinit                   0x080029c1   Thumb Code    14  handlers.o(i.__scatterload_zeroinit)
    fputc                                    0x08003121   Thumb Code    32  stm32f4xx_nucleo.o(i.fputc)
    main                                     0x080031c1   Thumb Code    26  main.o(i.main)
    vl53l5cx_check_data_ready                0x08003485   Thumb Code    88  vl53l5cx_api.o(i.vl53l5cx_check_data_ready)
    vl53l5cx_dci_read_data                   0x080034dd   Thumb Code   168  vl53l5cx_api.o(i.vl53l5cx_dci_read_data)
    vl53l5cx_dci_replace_data                0x08003591   Thumb Code    54  vl53l5cx_api.o(i.vl53l5cx_dci_replace_data)
    vl53l5cx_dci_write_data                  0x080035c9   Thumb Code   194  vl53l5cx_api.o(i.vl53l5cx_dci_write_data)
    vl53l5cx_get_power_mode                  0x08003695   Thumb Code    70  vl53l5cx_api.o(i.vl53l5cx_get_power_mode)
    vl53l5cx_get_ranging_data                0x080036dd   Thumb Code   402  vl53l5cx_api.o(i.vl53l5cx_get_ranging_data)
    vl53l5cx_get_resolution                  0x0800386f   Thumb Code    36  vl53l5cx_api.o(i.vl53l5cx_get_resolution)
    vl53l5cx_init                            0x0800397d   Thumb Code  1430  vl53l5cx_api.o(i.vl53l5cx_init)
    vl53l5cx_set_detection_thresholds        0x08003f65   Thumb Code   188  vl53l5cx_plugin_detection_thresholds.o(i.vl53l5cx_set_detection_thresholds)
    vl53l5cx_set_detection_thresholds_enable 0x08004029   Thumb Code   100  vl53l5cx_plugin_detection_thresholds.o(i.vl53l5cx_set_detection_thresholds_enable)
    vl53l5cx_set_i2c_address                 0x08004091   Thumb Code    54  vl53l5cx_api.o(i.vl53l5cx_set_i2c_address)
    vl53l5cx_set_integration_time_ms         0x080040c7   Thumb Code    54  vl53l5cx_api.o(i.vl53l5cx_set_integration_time_ms)
    vl53l5cx_set_power_mode                  0x080040fd   Thumb Code   142  vl53l5cx_api.o(i.vl53l5cx_set_power_mode)
    vl53l5cx_set_ranging_frequency_hz        0x0800418b   Thumb Code    32  vl53l5cx_api.o(i.vl53l5cx_set_ranging_frequency_hz)
    vl53l5cx_set_ranging_mode                0x080041ab   Thumb Code   106  vl53l5cx_api.o(i.vl53l5cx_set_ranging_mode)
    vl53l5cx_set_resolution                  0x08004215   Thumb Code   252  vl53l5cx_api.o(i.vl53l5cx_set_resolution)
    vl53l5cx_start_ranging                   0x08004311   Thumb Code   336  vl53l5cx_api.o(i.vl53l5cx_start_ranging)
    vl53l5cx_stop_ranging                    0x08004469   Thumb Code   256  vl53l5cx_api.o(i.vl53l5cx_stop_ranging)
    VL53L5CX_FIRMWARE                        0x08004568   Data       86016  vl53l5cx_api.o(.constdata)
    VL53L5CX_DEFAULT_CONFIGURATION           0x08019568   Data         972  vl53l5cx_api.o(.constdata)
    VL53L5CX_DEFAULT_XTALK                   0x08019934   Data         776  vl53l5cx_api.o(.constdata)
    VL53L5CX_GET_NVM_CMD                     0x08019c3c   Data          40  vl53l5cx_api.o(.constdata)
    AHBPrescTable                            0x08019ca4   Data          16  system_stm32f4xx.o(.constdata)
    APBPrescTable                            0x08019cb4   Data           8  system_stm32f4xx.o(.constdata)
    Region$$Table$$Base                      0x08019cbc   Number         0  anon$$obj.o(Region$$Table)
    Region$$Table$$Limit                     0x08019cdc   Number         0  anon$$obj.o(Region$$Table)
    CUSTOM_RANGING_CompObj                   0x20000000   Data           4  custom_ranging_sensor.o(.data)
    ToF_EventDetected                        0x2000000c   Data           1  app_tof.o(.data)
    COM_USART                                0x20000018   Data           4  stm32f4xx_nucleo.o(.data)
    VL53L5CX_RANGING_SENSOR_Driver           0x2000001c   Data          56  vl53l5cx.o(.data)
    uwTickFreq                               0x20000054   Data           1  stm32f4xx_hal.o(.data)
    uwTickPrio                               0x20000058   Data           4  stm32f4xx_hal.o(.data)
    uwTick                                   0x2000005c   Data           4  stm32f4xx_hal.o(.data)
    SystemCoreClock                          0x20000060   Data           4  system_stm32f4xx.o(.data)
    __stdout                                 0x20000064   Data           4  stdout.o(.data)
    hrtc                                     0x20000068   Data          32  main.o(.bss)
    hi2c1                                    0x20000f14   Data          84  stm32f4xx_nucleo_bus.o(.bss)
    hcom_uart                                0x20000f68   Data          68  stm32f4xx_nucleo.o(.bss)
    __initial_sp                             0x20001e80   Data           0  startup_stm32f401xe.o(STACK)



==============================================================================

Memory Map of the image

  Image Entry point : 0x08000195

  Load Region LR_IROM1 (Base: 0x08000000, Size: 0x00019d44, Max: 0x00080000, ABSOLUTE)

    Execution Region ER_IROM1 (Exec base: 0x08000000, Load base: 0x08000000, Size: 0x00019cdc, Max: 0x00080000, ABSOLUTE)

    Exec Addr    Load Addr    Size         Type   Attr      Idx    E Section Name        Object

    0x08000000   0x08000000   0x00000194   Data   RO            3    RESET               startup_stm32f401xe.o
    0x08000194   0x08000194   0x00000000   Code   RO         3626  * .ARM.Collect$$$$00000000  mc_w.l(entry.o)
    0x08000194   0x08000194   0x00000004   Code   RO         3898    .ARM.Collect$$$$00000001  mc_w.l(entry2.o)
    0x08000198   0x08000198   0x00000004   Code   RO         3901    .ARM.Collect$$$$00000004  mc_w.l(entry5.o)
    0x0800019c   0x0800019c   0x00000000   Code   RO         3903    .ARM.Collect$$$$00000008  mc_w.l(entry7b.o)
    0x0800019c   0x0800019c   0x00000000   Code   RO         3905    .ARM.Collect$$$$0000000A  mc_w.l(entry8b.o)
    0x0800019c   0x0800019c   0x00000008   Code   RO         3906    .ARM.Collect$$$$0000000B  mc_w.l(entry9a.o)
    0x080001a4   0x080001a4   0x00000004   Code   RO         3913    .ARM.Collect$$$$0000000E  mc_w.l(entry12b.o)
    0x080001a8   0x080001a8   0x00000000   Code   RO         3908    .ARM.Collect$$$$0000000F  mc_w.l(entry10a.o)
    0x080001a8   0x080001a8   0x00000000   Code   RO         3910    .ARM.Collect$$$$00000011  mc_w.l(entry11a.o)
    0x080001a8   0x080001a8   0x00000004   Code   RO         3899    .ARM.Collect$$$$00002712  mc_w.l(entry2.o)
    0x080001ac   0x080001ac   0x00000024   Code   RO            4    .text               startup_stm32f401xe.o
    0x080001d0   0x080001d0   0x00000062   Code   RO         3629    .text               mc_w.l(uldiv.o)
    0x08000232   0x08000232   0x00000024   Code   RO         3631    .text               mc_w.l(memcpya.o)
    0x08000256   0x08000256   0x00000024   Code   RO         3633    .text               mc_w.l(memseta.o)
    0x0800027a   0x0800027a   0x0000002c   Code   RO         3915    .text               mc_w.l(uidiv.o)
    0x080002a6   0x080002a6   0x0000001e   Code   RO         3917    .text               mc_w.l(llshl.o)
    0x080002c4   0x080002c4   0x00000020   Code   RO         3919    .text               mc_w.l(llushr.o)
    0x080002e4   0x080002e4   0x00000024   Code   RO         3932    .text               mc_w.l(init.o)
    0x08000308   0x08000308   0x00000040   Code   RO          518    i.BSP_COM_Init      stm32f4xx_nucleo.o
    0x08000348   0x08000348   0x00000004   Code   RO          421    i.BSP_GetTick       stm32f4xx_nucleo_bus.o
    0x0800034c   0x0800034c   0x0000004c   Code   RO          422    i.BSP_I2C1_DeInit   stm32f4xx_nucleo_bus.o
    0x08000398   0x08000398   0x00000040   Code   RO          423    i.BSP_I2C1_Init     stm32f4xx_nucleo_bus.o
    0x080003d8   0x080003d8   0x00000038   Code   RO          426    i.BSP_I2C1_ReadReg16  stm32f4xx_nucleo_bus.o
    0x08000410   0x08000410   0x00000034   Code   RO          430    i.BSP_I2C1_WriteReg16  stm32f4xx_nucleo_bus.o
    0x08000444   0x08000444   0x00000002   Code   RO          583    i.BusFault_Handler  stm32f4xx_it.o
    0x08000446   0x08000446   0x00000002   PAD
    0x08000448   0x08000448   0x0000002c   Code   RO          211    i.CUSTOM_RANGING_SENSOR_ConfigProfile  custom_ranging_sensor.o
    0x08000474   0x08000474   0x0000002c   Code   RO          215    i.CUSTOM_RANGING_SENSOR_GetCapabilities  custom_ranging_sensor.o
    0x080004a0   0x080004a0   0x0000002c   Code   RO          216    i.CUSTOM_RANGING_SENSOR_GetDistance  custom_ranging_sensor.o
    0x080004cc   0x080004cc   0x00000068   Code   RO          218    i.CUSTOM_RANGING_SENSOR_Init  custom_ranging_sensor.o
    0x08000534   0x08000534   0x0000002c   Code   RO          219    i.CUSTOM_RANGING_SENSOR_ReadID  custom_ranging_sensor.o
    0x08000560   0x08000560   0x0000002c   Code   RO          222    i.CUSTOM_RANGING_SENSOR_Start  custom_ranging_sensor.o
    0x0800058c   0x0800058c   0x0000002c   Code   RO          223    i.CUSTOM_RANGING_SENSOR_Stop  custom_ranging_sensor.o
    0x080005b8   0x080005b8   0x00000002   Code   RO          584    i.DebugMon_Handler  stm32f4xx_it.o
    0x080005ba   0x080005ba   0x00000008   Code   RO          585    i.EXTI15_10_IRQHandler  stm32f4xx_it.o
    0x080005c2   0x080005c2   0x00000006   Code   RO          586    i.EXTI4_IRQHandler  stm32f4xx_it.o
    0x080005c8   0x080005c8   0x00000004   Code   RO           13    i.Error_Handler     main.o
    0x080005cc   0x080005cc   0x00000024   Code   RO         2558    i.HAL_Delay         stm32f4xx_hal.o
    0x080005f0   0x080005f0   0x0000012c   Code   RO         2005    i.HAL_GPIO_DeInit   stm32f4xx_hal_gpio.o
    0x0800071c   0x0800071c   0x00000010   Code   RO          182    i.HAL_GPIO_EXTI_Callback  app_tof_pin_conf.o
    0x0800072c   0x0800072c   0x00000018   Code   RO         2007    i.HAL_GPIO_EXTI_IRQHandler  stm32f4xx_hal_gpio.o
    0x08000744   0x08000744   0x000001e0   Code   RO         2008    i.HAL_GPIO_Init     stm32f4xx_hal_gpio.o
    0x08000924   0x08000924   0x0000000a   Code   RO         2012    i.HAL_GPIO_WritePin  stm32f4xx_hal_gpio.o
    0x0800092e   0x0800092e   0x00000002   PAD
    0x08000930   0x08000930   0x0000000c   Code   RO         2564    i.HAL_GetTick       stm32f4xx_hal.o
    0x0800093c   0x0800093c   0x00000032   Code   RO         1169    i.HAL_I2C_DeInit    stm32f4xx_hal_i2c.o
    0x0800096e   0x0800096e   0x00000004   Code   RO         1175    i.HAL_I2C_GetError  stm32f4xx_hal_i2c.o
    0x08000972   0x08000972   0x00000006   Code   RO         1177    i.HAL_I2C_GetState  stm32f4xx_hal_i2c.o
    0x08000978   0x08000978   0x00000188   Code   RO         1178    i.HAL_I2C_Init      stm32f4xx_hal_i2c.o
    0x08000b00   0x08000b00   0x000001f8   Code   RO         1196    i.HAL_I2C_Mem_Read  stm32f4xx_hal_i2c.o
    0x08000cf8   0x08000cf8   0x00000130   Code   RO         1199    i.HAL_I2C_Mem_Write  stm32f4xx_hal_i2c.o
    0x08000e28   0x08000e28   0x00000002   Code   RO         1202    i.HAL_I2C_MspDeInit  stm32f4xx_hal_i2c.o
    0x08000e2a   0x08000e2a   0x00000002   Code   RO         1203    i.HAL_I2C_MspInit   stm32f4xx_hal_i2c.o
    0x08000e2c   0x08000e2c   0x00000010   Code   RO         2570    i.HAL_IncTick       stm32f4xx_hal.o
    0x08000e3c   0x08000e3c   0x00000034   Code   RO         2571    i.HAL_Init          stm32f4xx_hal.o
    0x08000e70   0x08000e70   0x00000040   Code   RO         2572    i.HAL_InitTick      stm32f4xx_hal.o
    0x08000eb0   0x08000eb0   0x00000034   Code   RO          670    i.HAL_MspInit       stm32f4xx_hal_msp.o
    0x08000ee4   0x08000ee4   0x0000001a   Code   RO         2421    i.HAL_NVIC_EnableIRQ  stm32f4xx_hal_cortex.o
    0x08000efe   0x08000efe   0x00000002   PAD
    0x08000f00   0x08000f00   0x00000040   Code   RO         2427    i.HAL_NVIC_SetPriority  stm32f4xx_hal_cortex.o
    0x08000f40   0x08000f40   0x00000024   Code   RO         2428    i.HAL_NVIC_SetPriorityGrouping  stm32f4xx_hal_cortex.o
    0x08000f64   0x08000f64   0x00000150   Code   RO         1735    i.HAL_RCCEx_PeriphCLKConfig  stm32f4xx_hal_rcc_ex.o
    0x080010b4   0x080010b4   0x00000134   Code   RO         1630    i.HAL_RCC_ClockConfig  stm32f4xx_hal_rcc.o
    0x080011e8   0x080011e8   0x00000020   Code   RO         1637    i.HAL_RCC_GetPCLK1Freq  stm32f4xx_hal_rcc.o
    0x08001208   0x08001208   0x00000020   Code   RO         1638    i.HAL_RCC_GetPCLK2Freq  stm32f4xx_hal_rcc.o
    0x08001228   0x08001228   0x00000060   Code   RO         1639    i.HAL_RCC_GetSysClockFreq  stm32f4xx_hal_rcc.o
    0x08001288   0x08001288   0x0000036c   Code   RO         1642    i.HAL_RCC_OscConfig  stm32f4xx_hal_rcc.o
    0x080015f4   0x080015f4   0x0000008c   Code   RO         3179    i.HAL_RTC_Init      stm32f4xx_hal_rtc.o
    0x08001680   0x08001680   0x0000003c   Code   RO          672    i.HAL_RTC_MspInit   stm32f4xx_hal_msp.o
    0x080016bc   0x080016bc   0x00000098   Code   RO         3185    i.HAL_RTC_SetDate   stm32f4xx_hal_rtc.o
    0x08001754   0x08001754   0x000000c0   Code   RO         3186    i.HAL_RTC_SetTime   stm32f4xx_hal_rtc.o
    0x08001814   0x08001814   0x00000036   Code   RO         3187    i.HAL_RTC_WaitForSynchro  stm32f4xx_hal_rtc.o
    0x0800184a   0x0800184a   0x00000028   Code   RO         2432    i.HAL_SYSTICK_Config  stm32f4xx_hal_cortex.o
    0x08001872   0x08001872   0x00000062   Code   RO         2838    i.HAL_UART_Init     stm32f4xx_hal_uart.o
    0x080018d4   0x080018d4   0x00000002   Code   RO         2840    i.HAL_UART_MspInit  stm32f4xx_hal_uart.o
    0x080018d6   0x080018d6   0x00000002   PAD
    0x080018d8   0x080018d8   0x000000c0   Code   RO         2841    i.HAL_UART_Receive  stm32f4xx_hal_uart.o
    0x08001998   0x08001998   0x000000b2   Code   RO         2846    i.HAL_UART_Transmit  stm32f4xx_hal_uart.o
    0x08001a4a   0x08001a4a   0x00000002   Code   RO          587    i.HardFault_Handler  stm32f4xx_it.o
    0x08001a4c   0x08001a4c   0x00000064   Code   RO          431    i.I2C1_MspInit      stm32f4xx_nucleo_bus.o
    0x08001ab0   0x08001ab0   0x0000002e   Code   RO         1220    i.I2C_IsAcknowledgeFailed  stm32f4xx_hal_i2c.o
    0x08001ade   0x08001ade   0x00000002   PAD
    0x08001ae0   0x08001ae0   0x000000fc   Code   RO         1230    i.I2C_RequestMemoryRead  stm32f4xx_hal_i2c.o
    0x08001bdc   0x08001bdc   0x000000a8   Code   RO         1231    i.I2C_RequestMemoryWrite  stm32f4xx_hal_i2c.o
    0x08001c84   0x08001c84   0x0000004c   Code   RO         1235    i.I2C_WaitOnBTFFlagUntilTimeout  stm32f4xx_hal_i2c.o
    0x08001cd0   0x08001cd0   0x00000068   Code   RO         1236    i.I2C_WaitOnFlagUntilTimeout  stm32f4xx_hal_i2c.o
    0x08001d38   0x08001d38   0x00000096   Code   RO         1237    i.I2C_WaitOnMasterAddressFlagUntilTimeout  stm32f4xx_hal_i2c.o
    0x08001dce   0x08001dce   0x00000066   Code   RO         1238    i.I2C_WaitOnRXNEFlagUntilTimeout  stm32f4xx_hal_i2c.o
    0x08001e34   0x08001e34   0x0000004c   Code   RO         1239    i.I2C_WaitOnTXEFlagUntilTimeout  stm32f4xx_hal_i2c.o
    0x08001e80   0x08001e80   0x0000010c   Code   RO           14    i.MX_GPIO_Init      main.o
    0x08001f8c   0x08001f8c   0x00000034   Code   RO          432    i.MX_I2C1_Init      stm32f4xx_nucleo_bus.o
    0x08001fc0   0x08001fc0   0x00000080   Code   RO           15    i.MX_RTC_Init       main.o
    0x08002040   0x08002040   0x00000048   Code   RO          357    i.MX_TOF_Init       app_tof.o
    0x08002088   0x08002088   0x00000004   Code   RO          358    i.MX_TOF_Process    app_tof.o
    0x0800208c   0x0800208c   0x0000002c   Code   RO          521    i.MX_USART2_UART_Init  stm32f4xx_nucleo.o
    0x080020b8   0x080020b8   0x0000008c   Code   RO          359    i.MX_VL53L5CX_SimpleRanging_Process  app_tof.o
    0x08002144   0x08002144   0x00000002   Code   RO          588    i.MemManage_Handler  stm32f4xx_it.o
    0x08002146   0x08002146   0x00000002   Code   RO          589    i.NMI_Handler       stm32f4xx_it.o
    0x08002148   0x08002148   0x00000002   Code   RO          590    i.PendSV_Handler    stm32f4xx_it.o
    0x0800214a   0x0800214a   0x00000018   Code   RO         3189    i.RTC_ByteToBcd2    stm32f4xx_hal_rtc.o
    0x08002162   0x08002162   0x00000002   PAD
    0x08002164   0x08002164   0x00000048   Code   RO         3190    i.RTC_EnterInitMode  stm32f4xx_hal_rtc.o
    0x080021ac   0x080021ac   0x0000002a   Code   RO         3191    i.RTC_ExitInitMode  stm32f4xx_hal_rtc.o
    0x080021d6   0x080021d6   0x00000010   Code   RO         1003    i.RdByte            platform.o
    0x080021e6   0x080021e6   0x00000010   Code   RO         1004    i.RdMulti           platform.o
    0x080021f6   0x080021f6   0x00000002   Code   RO          591    i.SVC_Handler       stm32f4xx_it.o
    0x080021f8   0x080021f8   0x00000022   Code   RO         1005    i.SwapBuffer        platform.o
    0x0800221a   0x0800221a   0x00000004   Code   RO          592    i.SysTick_Handler   stm32f4xx_it.o
    0x0800221e   0x0800221e   0x00000002   PAD
    0x08002220   0x08002220   0x0000009c   Code   RO           16    i.SystemClock_Config  main.o
    0x080022bc   0x080022bc   0x00000010   Code   RO         3592    i.SystemInit        system_stm32f4xx.o
    0x080022cc   0x080022cc   0x0000010c   Code   RO         2864    i.UART_SetConfig    stm32f4xx_hal_uart.o
    0x080023d8   0x080023d8   0x00000078   Code   RO         2867    i.UART_WaitOnFlagUntilTimeout  stm32f4xx_hal_uart.o
    0x08002450   0x08002450   0x00000068   Code   RO          522    i.USART2_MspInit    stm32f4xx_nucleo.o
    0x080024b8   0x080024b8   0x00000002   Code   RO          593    i.UsageFault_Handler  stm32f4xx_it.o
    0x080024ba   0x080024ba   0x00000002   PAD
    0x080024bc   0x080024bc   0x000000ac   Code   RO         1045    i.VL53L5CX_ConfigIT  vl53l5cx.o
    0x08002568   0x08002568   0x00000090   Code   RO         1046    i.VL53L5CX_ConfigProfile  vl53l5cx.o
    0x080025f8   0x080025f8   0x00000006   Code   RO         1047    i.VL53L5CX_ConfigROI  vl53l5cx.o
    0x080025fe   0x080025fe   0x0000002c   Code   RO         1048    i.VL53L5CX_DeInit   vl53l5cx.o
    0x0800262a   0x0800262a   0x00000012   Code   RO         1049    i.VL53L5CX_GetAddress  vl53l5cx.o
    0x0800263c   0x0800263c   0x0000001c   Code   RO         1050    i.VL53L5CX_GetCapabilities  vl53l5cx.o
    0x08002658   0x08002658   0x00000042   Code   RO         1051    i.VL53L5CX_GetDistance  vl53l5cx.o
    0x0800269a   0x0800269a   0x0000002a   Code   RO         1052    i.VL53L5CX_GetPowerMode  vl53l5cx.o
    0x080026c4   0x080026c4   0x00000044   Code   RO         1053    i.VL53L5CX_Init     vl53l5cx.o
    0x08002708   0x08002708   0x000000ac   Code   RO          224    i.VL53L5CX_Probe    custom_ranging_sensor.o
    0x080027b4   0x080027b4   0x0000006c   Code   RO         1054    i.VL53L5CX_ReadID   vl53l5cx.o
    0x08002820   0x08002820   0x0000003c   Code   RO         1055    i.VL53L5CX_RegisterBusIO  vl53l5cx.o
    0x0800285c   0x0800285c   0x00000028   Code   RO         1056    i.VL53L5CX_SetAddress  vl53l5cx.o
    0x08002884   0x08002884   0x00000024   Code   RO         1057    i.VL53L5CX_SetPowerMode  vl53l5cx.o
    0x080028a8   0x080028a8   0x0000005e   Code   RO         1058    i.VL53L5CX_Start    vl53l5cx.o
    0x08002906   0x08002906   0x0000002c   Code   RO         1059    i.VL53L5CX_Stop     vl53l5cx.o
    0x08002932   0x08002932   0x0000001a   Code   RO         1006    i.WaitMs            platform.o
    0x0800294c   0x0800294c   0x00000012   Code   RO         1007    i.WrByte            platform.o
    0x0800295e   0x0800295e   0x00000010   Code   RO         1008    i.WrMulti           platform.o
    0x0800296e   0x0800296e   0x00000002   PAD
    0x08002970   0x08002970   0x00000020   Code   RO         3792    i.__0printf$6       mc_w.l(printf6.o)
    0x08002990   0x08002990   0x00000020   Code   RO         2434    i.__NVIC_SetPriority  stm32f4xx_hal_cortex.o
    0x080029b0   0x080029b0   0x0000000e   Code   RO         3940    i.__scatterload_copy  mc_w.l(handlers.o)
    0x080029be   0x080029be   0x00000002   Code   RO         3941    i.__scatterload_null  mc_w.l(handlers.o)
    0x080029c0   0x080029c0   0x0000000e   Code   RO         3942    i.__scatterload_zeroinit  mc_w.l(handlers.o)
    0x080029ce   0x080029ce   0x00000002   PAD
    0x080029d0   0x080029d0   0x000002f0   Code   RO         3799    i._printf_core      mc_w.l(printf6.o)
    0x08002cc0   0x08002cc0   0x00000024   Code   RO         3800    i._printf_post_padding  mc_w.l(printf6.o)
    0x08002ce4   0x08002ce4   0x0000002e   Code   RO         3801    i._printf_pre_padding  mc_w.l(printf6.o)
    0x08002d12   0x08002d12   0x0000006a   Code   RO          703    i._vl53l5cx_poll_for_answer  vl53l5cx_api.o
    0x08002d7c   0x08002d7c   0x00000154   Code   RO          704    i._vl53l5cx_send_offset_data  vl53l5cx_api.o
    0x08002ed0   0x08002ed0   0x00000108   Code   RO          705    i._vl53l5cx_send_xtalk_data  vl53l5cx_api.o
    0x08002fd8   0x08002fd8   0x00000010   Code   RO          360    i.clear_screen      app_tof.o
    0x08002fe8   0x08002fe8   0x00000138   Code   RO          361    i.display_commands_banner  app_tof.o
    0x08003120   0x08003120   0x00000028   Code   RO          523    i.fputc             stm32f4xx_nucleo.o
    0x08003148   0x08003148   0x00000078   Code   RO          362    i.handle_cmd        app_tof.o
    0x080031c0   0x080031c0   0x0000001a   Code   RO           17    i.main              main.o
    0x080031da   0x080031da   0x00000002   PAD
    0x080031dc   0x080031dc   0x000002a8   Code   RO          363    i.print_result      app_tof.o
    0x08003484   0x08003484   0x00000058   Code   RO          706    i.vl53l5cx_check_data_ready  vl53l5cx_api.o
    0x080034dc   0x080034dc   0x000000b4   Code   RO          707    i.vl53l5cx_dci_read_data  vl53l5cx_api.o
    0x08003590   0x08003590   0x00000036   Code   RO          708    i.vl53l5cx_dci_replace_data  vl53l5cx_api.o
    0x080035c6   0x080035c6   0x00000002   PAD
    0x080035c8   0x080035c8   0x000000cc   Code   RO          709    i.vl53l5cx_dci_write_data  vl53l5cx_api.o
    0x08003694   0x08003694   0x00000046   Code   RO          713    i.vl53l5cx_get_power_mode  vl53l5cx_api.o
    0x080036da   0x080036da   0x00000002   PAD
    0x080036dc   0x080036dc   0x00000192   Code   RO          714    i.vl53l5cx_get_ranging_data  vl53l5cx_api.o
    0x0800386e   0x0800386e   0x00000024   Code   RO          717    i.vl53l5cx_get_resolution  vl53l5cx_api.o
    0x08003892   0x08003892   0x00000002   PAD
    0x08003894   0x08003894   0x000000e8   Code   RO         1061    i.vl53l5cx_get_result  vl53l5cx.o
    0x0800397c   0x0800397c   0x000005a0   Code   RO          720    i.vl53l5cx_init     vl53l5cx_api.o
    0x08003f1c   0x08003f1c   0x00000048   Code   RO         1062    i.vl53l5cx_poll_for_measurement  vl53l5cx.o
    0x08003f64   0x08003f64   0x000000c4   Code   RO          894    i.vl53l5cx_set_detection_thresholds  vl53l5cx_plugin_detection_thresholds.o
    0x08004028   0x08004028   0x00000068   Code   RO          895    i.vl53l5cx_set_detection_thresholds_enable  vl53l5cx_plugin_detection_thresholds.o
    0x08004090   0x08004090   0x00000036   Code   RO          722    i.vl53l5cx_set_i2c_address  vl53l5cx_api.o
    0x080040c6   0x080040c6   0x00000036   Code   RO          723    i.vl53l5cx_set_integration_time_ms  vl53l5cx_api.o
    0x080040fc   0x080040fc   0x0000008e   Code   RO          724    i.vl53l5cx_set_power_mode  vl53l5cx_api.o
    0x0800418a   0x0800418a   0x00000020   Code   RO          725    i.vl53l5cx_set_ranging_frequency_hz  vl53l5cx_api.o
    0x080041aa   0x080041aa   0x0000006a   Code   RO          726    i.vl53l5cx_set_ranging_mode  vl53l5cx_api.o
    0x08004214   0x08004214   0x000000fc   Code   RO          727    i.vl53l5cx_set_resolution  vl53l5cx_api.o
    0x08004310   0x08004310   0x00000158   Code   RO          730    i.vl53l5cx_start_ranging  vl53l5cx_api.o
    0x08004468   0x08004468   0x00000100   Code   RO          731    i.vl53l5cx_stop_ranging  vl53l5cx_api.o
    0x08004568   0x08004568   0x0001573c   Data   RO          732    .constdata          vl53l5cx_api.o
    0x08019ca4   0x08019ca4   0x00000010   Data   RO         3593    .constdata          system_stm32f4xx.o
    0x08019cb4   0x08019cb4   0x00000008   Data   RO         3594    .constdata          system_stm32f4xx.o
    0x08019cbc   0x08019cbc   0x00000020   Data   RO         3938    Region$$Table       anon$$obj.o


    Execution Region RW_IRAM1 (Exec base: 0x20000000, Load base: 0x08019cdc, Size: 0x00001e80, Max: 0x00018000, ABSOLUTE)

    Exec Addr    Load Addr    Size         Type   Attr      Idx    E Section Name        Object

    0x20000000   0x08019cdc   0x00000008   Data   RW          226    .data               custom_ranging_sensor.o
    0x20000008   0x08019ce4   0x00000004   Data   RW          365    .data               app_tof.o
    0x2000000c   0x08019ce8   0x00000001   Data   RW          366    .data               app_tof.o
    0x2000000d   0x08019ce9   0x00000003   PAD
    0x20000010   0x08019cec   0x00000004   Data   RW          434    .data               stm32f4xx_nucleo_bus.o
    0x20000014   0x08019cf0   0x00000008   Data   RW          525    .data               stm32f4xx_nucleo.o
    0x2000001c   0x08019cf8   0x00000038   Data   RW         1064    .data               vl53l5cx.o
    0x20000054   0x08019d30   0x0000000c   Data   RW         2578    .data               stm32f4xx_hal.o
    0x20000060   0x08019d3c   0x00000004   Data   RW         3595    .data               system_stm32f4xx.o
    0x20000064   0x08019d40   0x00000004   Data   RW         3914    .data               mc_w.l(stdout.o)
    0x20000068        -       0x00000020   Zero   RW           18    .bss                main.o
    0x20000088        -       0x00000964   Zero   RW          225    .bss                custom_ranging_sensor.o
    0x200009ec        -       0x00000528   Zero   RW          364    .bss                app_tof.o
    0x20000f14        -       0x00000054   Zero   RW          433    .bss                stm32f4xx_nucleo_bus.o
    0x20000f68        -       0x00000044   Zero   RW          524    .bss                stm32f4xx_nucleo.o
    0x20000fac        -       0x000006d0   Zero   RW         1063    .bss                vl53l5cx.o
    0x2000167c   0x08019d44   0x00000004   PAD
    0x20001680        -       0x00000800   Zero   RW            1    STACK               startup_stm32f401xe.o


==============================================================================

Image component sizes


      Code (inc. data)   RO Data    RW Data    ZI Data      Debug   Object Name

      1344        608          0          5       1320       8020   app_tof.o
        16          4          0          0          0        593   app_tof_pin_conf.o
       540         82          0          8       2404      26290   custom_ranging_sensor.o
       582         36          0          0         32     409143   main.o
       126          0          0          0          0       5152   platform.o
        36          8        404          0       2048        900   startup_stm32f401xe.o
       180         28          0         12          0       9993   stm32f4xx_hal.o
       198         14          0          0          0      34567   stm32f4xx_hal_cortex.o
       814         68          0          0          0       4197   stm32f4xx_hal_gpio.o
      2238         52          0          0          0      17479   stm32f4xx_hal_i2c.o
       112         12          0          0          0       1672   stm32f4xx_hal_msp.o
      1344         72          0          0          0       5812   stm32f4xx_hal_rcc.o
       336         26          0          0          0       1600   stm32f4xx_hal_rcc_ex.o
       676         16          0          0          0       6843   stm32f4xx_hal_rtc.o
       858         10          0          0          0       6650   stm32f4xx_hal_uart.o
        34          0          0          0          0       5704   stm32f4xx_it.o
       252         32          0          8         68       5623   stm32f4xx_nucleo.o
       404         56          0          4         84       5630   stm32f4xx_nucleo_bus.o
        16          4         24          4          0       1311   system_stm32f4xx.o
      1274         14          0         56       1744      19655   vl53l5cx.o
      4424        100      87868          0          0      21765   vl53l5cx_api.o
       300         12          0          0          0       2759   vl53l5cx_plugin_detection_thresholds.o

    ----------------------------------------------------------------------
     16130       1254      88328        100       7704     601358   Object Totals
         0          0         32          0          0          0   (incl. Generated)
        26          0          0          3          4          0   (incl. Padding)

    ----------------------------------------------------------------------

      Code (inc. data)   RO Data    RW Data    ZI Data      Debug   Library Member Name

         0          0          0          0          0          0   entry.o
         0          0          0          0          0          0   entry10a.o
         0          0          0          0          0          0   entry11a.o
         4          0          0          0          0          0   entry12b.o
         8          4          0          0          0          0   entry2.o
         4          0          0          0          0          0   entry5.o
         0          0          0          0          0          0   entry7b.o
         0          0          0          0          0          0   entry8b.o
         8          4          0          0          0          0   entry9a.o
        30          0          0          0          0          0   handlers.o
        36          8          0          0          0         68   init.o
        30          0          0          0          0         68   llshl.o
        32          0          0          0          0         68   llushr.o
        36          0          0          0          0         68   memcpya.o
        36          0          0          0          0        108   memseta.o
       866         14          0          0          0        352   printf6.o
         0          0          0          4          0          0   stdout.o
        44          0          0          0          0         80   uidiv.o
        98          0          0          0          0         92   uldiv.o

    ----------------------------------------------------------------------
      1234         30          0          4          0        904   Library Totals
         2          0          0          0          0          0   (incl. Padding)

    ----------------------------------------------------------------------

      Code (inc. data)   RO Data    RW Data    ZI Data      Debug   Library Name

      1232         30          0          4          0        904   mc_w.l

    ----------------------------------------------------------------------
      1234         30          0          4          0        904   Library Totals

    ----------------------------------------------------------------------

==============================================================================


      Code (inc. data)   RO Data    RW Data    ZI Data      Debug   

     17364       1284      88328        104       7704     588850   Grand Totals
     17364       1284      88328        104       7704     588850   ELF Image Totals
     17364       1284      88328        104          0          0   ROM Totals

==============================================================================

    Total RO  Size (Code + RO Data)               105692 ( 103.21kB)
    Total RW  Size (RW Data + ZI Data)              7808 (   7.63kB)
    Total ROM Size (Code + RO Data + RW Data)     105796 ( 103.32kB)

==============================================================================

