Component: ARM Compiler 5.06 update 7 (build 960) Tool: armlink [4d3601]

==============================================================================

Section Cross References

    startup_stm32f401xe.o(RESET) refers to startup_stm32f401xe.o(STACK) for __initial_sp
    startup_stm32f401xe.o(RESET) refers to startup_stm32f401xe.o(.text) for Reset_Handler
    startup_stm32f401xe.o(RESET) refers to stm32f4xx_it.o(i.NMI_Handler) for NMI_Handler
    startup_stm32f401xe.o(RESET) refers to stm32f4xx_it.o(i.HardFault_Handler) for HardFault_Handler
    startup_stm32f401xe.o(RESET) refers to stm32f4xx_it.o(i.MemManage_Handler) for MemManage_Handler
    startup_stm32f401xe.o(RESET) refers to stm32f4xx_it.o(i.BusFault_Handler) for BusFault_Handler
    startup_stm32f401xe.o(RESET) refers to stm32f4xx_it.o(i.UsageFault_Handler) for UsageFault_Handler
    startup_stm32f401xe.o(RESET) refers to stm32f4xx_it.o(i.SVC_Handler) for SVC_Handler
    startup_stm32f401xe.o(RESET) refers to stm32f4xx_it.o(i.DebugMon_Handler) for DebugMon_Handler
    startup_stm32f401xe.o(RESET) refers to stm32f4xx_it.o(i.PendSV_Handler) for PendSV_Handler
    startup_stm32f401xe.o(RESET) refers to stm32f4xx_it.o(i.SysTick_Handler) for SysTick_Handler
    startup_stm32f401xe.o(RESET) refers to stm32f4xx_it.o(i.EXTI4_IRQHandler) for EXTI4_IRQHandler
    startup_stm32f401xe.o(RESET) refers to stm32f4xx_it.o(i.EXTI15_10_IRQHandler) for EXTI15_10_IRQHandler
    startup_stm32f401xe.o(.text) refers to system_stm32f4xx.o(i.SystemInit) for SystemInit
    startup_stm32f401xe.o(.text) refers to entry.o(.ARM.Collect$$$$00000000) for __main
    main.o(i.MX_GPIO_Init) refers to memseta.o(.text) for __aeabi_memclr4
    main.o(i.MX_GPIO_Init) refers to stm32f4xx_hal_gpio.o(i.HAL_GPIO_WritePin) for HAL_GPIO_WritePin
    main.o(i.MX_GPIO_Init) refers to stm32f4xx_hal_gpio.o(i.HAL_GPIO_Init) for HAL_GPIO_Init
    main.o(i.MX_GPIO_Init) refers to stm32f4xx_hal_cortex.o(i.HAL_NVIC_SetPriority) for HAL_NVIC_SetPriority
    main.o(i.MX_GPIO_Init) refers to stm32f4xx_hal_cortex.o(i.HAL_NVIC_EnableIRQ) for HAL_NVIC_EnableIRQ
    main.o(i.MX_RTC_Init) refers to memseta.o(.text) for __aeabi_memclr4
    main.o(i.MX_RTC_Init) refers to stm32f4xx_hal_rtc.o(i.HAL_RTC_Init) for HAL_RTC_Init
    main.o(i.MX_RTC_Init) refers to stm32f4xx_hal_rtc.o(i.HAL_RTC_SetTime) for HAL_RTC_SetTime
    main.o(i.MX_RTC_Init) refers to stm32f4xx_hal_rtc.o(i.HAL_RTC_SetDate) for HAL_RTC_SetDate
    main.o(i.MX_RTC_Init) refers to main.o(.bss) for .bss
    main.o(i.SystemClock_Config) refers to memseta.o(.text) for __aeabi_memclr4
    main.o(i.SystemClock_Config) refers to stm32f4xx_hal_rcc.o(i.HAL_RCC_OscConfig) for HAL_RCC_OscConfig
    main.o(i.SystemClock_Config) refers to stm32f4xx_hal_rcc.o(i.HAL_RCC_ClockConfig) for HAL_RCC_ClockConfig
    main.o(i.main) refers to stm32f4xx_hal.o(i.HAL_Init) for HAL_Init
    main.o(i.main) refers to main.o(i.SystemClock_Config) for SystemClock_Config
    main.o(i.main) refers to main.o(i.MX_GPIO_Init) for MX_GPIO_Init
    main.o(i.main) refers to main.o(i.MX_RTC_Init) for MX_RTC_Init
    main.o(i.main) refers to app_tof.o(i.MX_TOF_Init) for MX_TOF_Init
    main.o(i.main) refers to app_tof.o(i.MX_TOF_Process) for MX_TOF_Process
    app_tof_pin_conf.o(i.HAL_GPIO_EXTI_Callback) refers to app_tof.o(.data) for ToF_EventDetected
    app_tof.o(i.BSP_PB_Callback) refers to app_tof.o(.data) for .data
    app_tof.o(i.MX_53L8A1_SimpleRanging_Process) refers to 53l8a1_ranging_sensor.o(i.VL53L8A1_RANGING_SENSOR_ReadID) for VL53L8A1_RANGING_SENSOR_ReadID
    app_tof.o(i.MX_53L8A1_SimpleRanging_Process) refers to 53l8a1_ranging_sensor.o(i.VL53L8A1_RANGING_SENSOR_GetCapabilities) for VL53L8A1_RANGING_SENSOR_GetCapabilities
    app_tof.o(i.MX_53L8A1_SimpleRanging_Process) refers to 53l8a1_ranging_sensor.o(i.VL53L8A1_RANGING_SENSOR_ConfigProfile) for VL53L8A1_RANGING_SENSOR_ConfigProfile
    app_tof.o(i.MX_53L8A1_SimpleRanging_Process) refers to 53l8a1_ranging_sensor.o(i.VL53L8A1_RANGING_SENSOR_Start) for VL53L8A1_RANGING_SENSOR_Start
    app_tof.o(i.MX_53L8A1_SimpleRanging_Process) refers to printf6.o(i.__0printf$6) for __2printf
    app_tof.o(i.MX_53L8A1_SimpleRanging_Process) refers to 53l8a1_ranging_sensor.o(i.VL53L8A1_RANGING_SENSOR_GetDistance) for VL53L8A1_RANGING_SENSOR_GetDistance
    app_tof.o(i.MX_53L8A1_SimpleRanging_Process) refers to app_tof.o(i.print_result) for print_result
    app_tof.o(i.MX_53L8A1_SimpleRanging_Process) refers to stm32f4xx_hal_uart.o(i.HAL_UART_Receive) for HAL_UART_Receive
    app_tof.o(i.MX_53L8A1_SimpleRanging_Process) refers to app_tof.o(i.handle_cmd) for handle_cmd
    app_tof.o(i.MX_53L8A1_SimpleRanging_Process) refers to stm32f4xx_hal.o(i.HAL_Delay) for HAL_Delay
    app_tof.o(i.MX_53L8A1_SimpleRanging_Process) refers to app_tof.o(.bss) for .bss
    app_tof.o(i.MX_53L8A1_SimpleRanging_Process) refers to app_tof.o(.data) for .data
    app_tof.o(i.MX_53L8A1_SimpleRanging_Process) refers to stm32f4xx_nucleo.o(.bss) for hcom_uart
[...]
    ../Src/main.c                            0x00000000   Number         0  main.o ABSOLUTE
    ../Src/stm32f4xx_hal_msp.c               0x00000000   Number         0  stm32f4xx_hal_msp.o ABSOLUTE
    ../Src/stm32f4xx_it.c                    0x00000000   Number         0  stm32f4xx_it.o ABSOLUTE
    ../Src/stm32f4xx_nucleo.c                0x00000000   Number         0  stm32f4xx_nucleo.o ABSOLUTE
    ../Src/stm32f4xx_nucleo_bus.c            0x00000000   Number         0  stm32f4xx_nucleo_bus.o ABSOLUTE
    ../Src/system_stm32f4xx.c                0x00000000   Number         0  system_stm32f4xx.o ABSOLUTE
    ../clib/microlib/division.c              0x00000000   Number         0  uidiv.o ABSOLUTE
    ../clib/microlib/division.c              0x00000000   Number         0  uldiv.o ABSOLUTE
    ../clib/microlib/init/entry.s            0x00000000   Number         0  entry9a.o ABSOLUTE
    ../clib/microlib/init/entry.s            0x00000000   Number         0  entry7b.o ABSOLUTE
    ../clib/microlib/init/entry.s            0x00000000   Number         0  entry8a.o ABSOLUTE
    ../clib/microlib/init/entry.s            0x00000000   Number         0  entry7a.o ABSOLUTE
    ../clib/microlib/init/entry.s            0x00000000   Number         0  entry10a.o ABSOLUTE
    ../clib/microlib/init/entry.s            0x00000000   Number         0  entry12a.o ABSOLUTE
    ../clib/microlib/init/entry.s            0x00000000   Number         0  entry12b.o ABSOLUTE
    ../clib/microlib/init/entry.s            0x00000000   Number         0  entry9b.o ABSOLUTE
    ../clib/microlib/init/entry.s            0x00000000   Number         0  entry5.o ABSOLUTE
    ../clib/microlib/init/entry.s            0x00000000   Number         0  entry8b.o ABSOLUTE
    ../clib/microlib/init/entry.s            0x00000000   Number         0  entry10b.o ABSOLUTE
    ../clib/microlib/init/entry.s            0x00000000   Number         0  entry11a.o ABSOLUTE
    ../clib/microlib/init/entry.s            0x00000000   Number         0  entry11b.o ABSOLUTE
    ../clib/microlib/init/entry.s            0x00000000   Number         0  entry.o ABSOLUTE
    ../clib/microlib/init/entry.s            0x00000000   Number         0  entry2.o ABSOLUTE
    ../clib/microlib/longlong.c              0x00000000   Number         0  llsshr.o ABSOLUTE
    ../clib/microlib/longlong.c              0x00000000   Number         0  llushr.o ABSOLUTE
    ../clib/microlib/longlong.c              0x00000000   Number         0  llshl.o ABSOLUTE
    ../clib/microlib/printf/printf.c         0x00000000   Number         0  printf2.o ABSOLUTE
    ../clib/microlib/printf/printf.c         0x00000000   Number         0  printf3.o ABSOLUTE
    ../clib/microlib/printf/printf.c         0x00000000   Number         0  printf4.o ABSOLUTE
    ../clib/microlib/printf/printf.c         0x00000000   Number         0  printf6.o ABSOLUTE
    ../clib/microlib/printf/printf.c         0x00000000   Number         0  printf7.o ABSOLUTE
    ../clib/microlib/printf/printf.c         0x00000000   Number         0  printf8.o ABSOLUTE
    ../clib/microlib/printf/printf.c         0x00000000   Number         0  printf5.o ABSOLUTE
    ../clib/microlib/printf/printf.c         0x00000000   Number         0  printfa.o ABSOLUTE
    ../clib/microlib/printf/printf.c         0x00000000   Number         0  printf0.o ABSOLUTE
    ../clib/microlib/printf/printf.c         0x00000000   Number         0  printfb.o ABSOLUTE
    ../clib/microlib/printf/printf.c         0x00000000   Number         0  printf1.o ABSOLUTE
    ../clib/microlib/printf/stubs.s          0x00000000   Number         0  stubs.o ABSOLUTE
    ../clib/microlib/stdio/streams.c         0x00000000   Number         0  stdout.o ABSOLUTE
    ../clib/microlib/string/memcpy.c         0x00000000   Number         0  memcpyb.o ABSOLUTE
    ../clib/microlib/string/memcpy.c         0x00000000   Number         0  memcpya.o ABSOLUTE
    ../clib/microlib/string/memset.c         0x00000000   Number         0  memseta.o ABSOLUTE
    ../clib/microlib/stubs.s                 0x00000000   Number         0  iusefp.o ABSOLUTE
    ../fplib/microlib/fpadd.c                0x00000000   Number         0  dadd.o ABSOLUTE
    ../fplib/microlib/fpdiv.c                0x00000000   Number         0  ddiv.o ABSOLUTE
    ../fplib/microlib/fpepilogue.c           0x00000000   Number         0  depilogue.o ABSOLUTE
    ../fplib/microlib/fpfix.c                0x00000000   Number         0  dfixul.o ABSOLUTE
    ../fplib/microlib/fpmul.c                0x00000000   Number         0  dmul.o ABSOLUTE
    ..\..\..\..\..\..\Drivers\BSP\53L8A1\53l8a1_ranging_sensor.c 0x00000000   Number         0  53l8a1_ranging_sensor.o ABSOLUTE
    ..\..\..\..\..\..\Drivers\STM32F4xx_HAL_Driver\Src\stm32f4xx_hal.c 0x00000000   Number         0  stm32f4xx_hal.o ABSOLUTE
    ..\..\..\..\..\..\Drivers\STM32F4xx_HAL_Driver\Src\stm32f4xx_hal_cortex.c 0x00000000   Number         0  stm32f4xx_hal_cortex.o ABSOLUTE
    ..\..\..\..\..\..\Drivers\STM32F4xx_HAL_Driver\Src\stm32f4xx_hal_dma.c 0x00000000   Number         0  stm32f4xx_hal_dma.o ABSOLUTE
    ..\..\..\..\..\..\Drivers\STM32F4xx_HAL_Driver\Src\stm32f4xx_hal_dma_ex.c 0x00000000   Number         0  stm32f4xx_hal_dma_ex.o ABSOLUTE
    ..\..\..\..\..\..\Drivers\STM32F4xx_HAL_Driver\Src\stm32f4xx_hal_exti.c 0x00000000   Number         0  stm32f4xx_hal_exti.o ABSOLUTE
    ..\..\..\..\..\..\Drivers\STM32F4xx_HAL_Driver\Src\stm32f4xx_hal_flash.c 0x00000000   Number         0  stm32f4xx_hal_flash.o ABSOLUTE
    ..\..\..\..\..\..\Drivers\STM32F4xx_HAL_Driver\Src\stm32f4xx_hal_flash_ex.c 0x00000000   Number         0  stm32f4xx_hal_flash_ex.o ABSOLUTE
    ..\..\..\..\..\..\Drivers\STM32F4xx_HAL_Driver\Src\stm32f4xx_hal_flash_ramfunc.c 0x00000000   Number         0  stm32f4xx_hal_flash_ramfunc.o ABSOLUTE
    ..\..\..\..\..\..\Drivers\STM32F4xx_HAL_Driver\Src\stm32f4xx_hal_gpio.c 0x00000000   Number         0  stm32f4xx_hal_gpio.o ABSOLUTE
    ..\..\..\..\..\..\Drivers\STM32F4xx_HAL_Driver\Src\stm32f4xx_hal_i2c.c 0x00000000   Number         0  stm32f4xx_hal_i2c.o ABSOLUTE
    ..\..\..\..\..\..\Drivers\STM32F4xx_HAL_Driver\Src\stm32f4xx_hal_i2c_ex.c 0x00000000   Number         0  stm32f4xx_hal_i2c_ex.o ABSOLUTE
    ..\..\..\..\..\..\Drivers\STM32F4xx_HAL_Driver\Src\stm32f4xx_hal_pwr.c 0x00000000   Number         0  stm32f4xx_hal_pwr.o ABSOLUTE
    ..\..\..\..\..\..\Drivers\STM32F4xx_HAL_Driver\Src\stm32f4xx_hal_pwr_ex.c 0x00000000   Number         0  stm32f4xx_hal_pwr_ex.o ABSOLUTE
    ..\..\..\..\..\..\Drivers\STM32F4xx_HAL_Driver\Src\stm32f4xx_hal_rcc.c 0x00000000   Number         0  stm32f4xx_hal_rcc.o ABSOLUTE
    ..\..\..\..\..\..\Drivers\STM32F4xx_HAL_Driver\Src\stm32f4xx_hal_rcc_ex.c 0x00000000   Number         0  stm32f4xx_hal_rcc_ex.o ABSOLUTE
    ..\..\..\..\..\..\Drivers\STM32F4xx_HAL_Driver\Src\stm32f4xx_hal_rtc.c 0x00000000   Number         0  stm32f4xx_hal_rtc.o ABSOLUTE
    ..\..\..\..\..\..\Drivers\STM32F4xx_HAL_Driver\Src\stm32f4xx_hal_rtc_ex.c 0x00000000   Number         0  stm32f4xx_hal_rtc_ex.o ABSOLUTE
    ..\..\..\..\..\..\Drivers\STM32F4xx_HAL_Driver\Src\stm32f4xx_hal_tim.c 0x00000000   Number         0  stm32f4xx_hal_tim.o ABSOLUTE
    ..\..\..\..\..\..\Drivers\STM32F4xx_HAL_Driver\Src\stm32f4xx_hal_tim_ex.c 0x00000000   Number         0  stm32f4xx_hal_tim_ex.o ABSOLUTE
    ..\..\..\..\..\..\Drivers\STM32F4xx_HAL_Driver\Src\stm32f4xx_hal_uart.c 0x00000000   Number         0  stm32f4xx_hal_uart.o ABSOLUTE
    ..\Src\app_tof.c                         0x00000000   Number         0  app_tof.o ABSOLUTE
    ..\Src\app_tof_pin_conf.c                0x00000000   Number         0  app_tof_pin_conf.o ABSOLUTE
    ..\Src\main.c                            0x00000000   Number         0  main.o ABSOLUTE
    ..\Src\stm32f4xx_hal_msp.c               0x00000000   Number         0  stm32f4xx_hal_msp.o ABSOLUTE
    ..\Src\stm32f4xx_it.c                    0x00000000   Number         0  stm32f4xx_it.o ABSOLUTE
    ..\Src\stm32f4xx_nucleo.c                0x00000000   Number         0  stm32f4xx_nucleo.o ABSOLUTE
    ..\Src\stm32f4xx_nucleo_bus.c            0x00000000   Number         0  stm32f4xx_nucleo_bus.o ABSOLUTE
    ..\Src\system_stm32f4xx.c                0x00000000   Number         0  system_stm32f4xx.o ABSOLUTE
    cdrcmple.s                               0x00000000   Number         0  cdrcmple.o ABSOLUTE
    dc.s                                     0x00000000   Number         0  dc.o ABSOLUTE
    handlers.s                               0x00000000   Number         0  handlers.o ABSOLUTE
    init.s                                   0x00000000   Number         0  init.o ABSOLUTE
    startup_stm32f401xe.s                    0x00000000   Number         0  startup_stm32f401xe.o ABSOLUTE
    RESET                                    0x08000000   Section      404  startup_stm32f401xe.o(RESET)
    .ARM.Collect$$$$00000000                 0x08000194   Section        0  entry.o(.ARM.Collect$$$$00000000)
    .ARM.Collect$$$$00000001                 0x08000194   Section        4  entry2.o(.ARM.Collect$$$$00000001)
    .ARM.Collect$$$$00000004                 0x08000198   Section        4  entry5.o(.ARM.Collect$$$$00000004)
    .ARM.Collect$$$$00000008                 0x0800019c   Section        0  entry7b.o(.ARM.Collect$$$$00000008)
    .ARM.Collect$$$$0000000A                 0x0800019c   Section        0  entry8b.o(.ARM.Collect$$$$0000000A)
    .ARM.Collect$$$$0000000B                 0x0800019c   Section        8  entry9a.o(.ARM.Collect$$$$0000000B)
    .ARM.Collect$$$$0000000E                 0x080001a4   Section        4  entry12b.o(.ARM.Collect$$$$0000000E)
    .ARM.Collect$$$$0000000F                 0x080001a8   Section        0  entry10a.o(.ARM.Collect$$$$0000000F)
    .ARM.Collect$$$$00000011                 0x080001a8   Section        0  entry11a.o(.ARM.Collect$$$$00000011)
    .ARM.Collect$$$$00002712                 0x080001a8   Section        4  entry2.o(.ARM.Collect$$$$00002712)
    __lit__00000000                          0x080001a8   Data           4  entry2.o(.ARM.Collect$$$$00002712)
    .text                                    0x080001ac   Section       36  startup_stm32f401xe.o(.text)
    $v0                                      0x080001ac   Number         0  startup_stm32f401xe.o(.text)
    .text                                    0x080001d0   Section        0  uldiv.o(.text)
    .text                                    0x08000232   Section        0  memcpya.o(.text)
    .text                                    0x08000256   Section        0  memseta.o(.text)
    .text                                    0x0800027a   Section        0  uidiv.o(.text)
    .text                                    0x080002a6   Section        0  llshl.o(.text)
    .text                                    0x080002c4   Section        0  llushr.o(.text)
    .text                                    0x080002e4   Section       36  init.o(.text)
    i.BSP_COM_Init                           0x08000308   Section        0  stm32f4xx_nucleo.o(i.BSP_COM_Init)
    i.BSP_GetTick                            0x08000348   Section        0  stm32f4xx_nucleo_bus.o(i.BSP_GetTick)
    i.BSP_I2C1_DeInit                        0x0800034c   Section        0  stm32f4xx_nucleo_bus.o(i.BSP_I2C1_DeInit)
    i.BSP_I2C1_Init                          0x08000398   Section        0  stm32f4xx_nucleo_bus.o(i.BSP_I2C1_Init)
    i.BSP_I2C1_ReadReg16                     0x080003d8   Section        0  stm32f4xx_nucleo_bus.o(i.BSP_I2C1_ReadReg16)
    i.BSP_I2C1_WriteReg16                    0x08000410   Section        0  stm32f4xx_nucleo_bus.o(i.BSP_I2C1_WriteReg16)
    i.BSP_PB_Callback                        0x08000444   Section        0  app_tof.o(i.BSP_PB_Callback)
    i.BSP_PB_Init                            0x08000450   Section        0  stm32f4xx_nucleo.o(i.BSP_PB_Init)
    i.BUTTON_USER_EXTI_Callback              0x080004bc   Section        0  stm32f4xx_nucleo.o(i.BUTTON_USER_EXTI_Callback)
    BUTTON_USER_EXTI_Callback                0x080004bd   Thumb Code    10  stm32f4xx_nucleo.o(i.BUTTON_USER_EXTI_Callback)
    i.BUTTON_USER_GPIO_Init                  0x080004c8   Section        0  stm32f4xx_nucleo.o(i.BUTTON_USER_GPIO_Init)
    BUTTON_USER_GPIO_Init                    0x080004c9   Thumb Code    74  stm32f4xx_nucleo.o(i.BUTTON_USER_GPIO_Init)
    i.BusFault_Handler                       0x0800051c   Section        0  stm32f4xx_it.o(i.BusFault_Handler)
    i.DebugMon_Handler                       0x0800051e   Section        0  stm32f4xx_it.o(i.DebugMon_Handler)
    i.EXTI15_10_IRQHandler                   0x08000520   Section        0  stm32f4xx_it.o(i.EXTI15_10_IRQHandler)
    i.EXTI4_IRQHandler                       0x0800052c   Section        0  stm32f4xx_it.o(i.EXTI4_IRQHandler)
    i.Error_Handler                          0x08000532   Section        0  main.o(i.Error_Handler)
    i.HAL_Delay                              0x08000538   Section        0  stm32f4xx_hal.o(i.HAL_Delay)
    i.HAL_EXTI_GetHandle                     0x0800055c   Section        0  stm32f4xx_hal_exti.o(i.HAL_EXTI_GetHandle)
    i.HAL_EXTI_IRQHandler                    0x08000568   Section        0  stm32f4xx_hal_exti.o(i.HAL_EXTI_IRQHandler)
    i.HAL_EXTI_RegisterCallback              0x0800058c   Section        0  stm32f4xx_hal_exti.o(i.HAL_EXTI_RegisterCallback)
    i.HAL_GPIO_DeInit                        0x0800059c   Section        0  stm32f4xx_hal_gpio.o(i.HAL_GPIO_DeInit)
    i.HAL_GPIO_EXTI_Callback                 0x080006c8   Section        0  app_tof_pin_conf.o(i.HAL_GPIO_EXTI_Callback)
    i.HAL_GPIO_EXTI_IRQHandler               0x080006d8   Section        0  stm32f4xx_hal_gpio.o(i.HAL_GPIO_EXTI_IRQHandler)
    i.HAL_GPIO_Init                          0x080006f0   Section        0  stm32f4xx_hal_gpio.o(i.HAL_GPIO_Init)
    i.HAL_GPIO_WritePin                      0x080008d0   Section        0  stm32f4xx_hal_gpio.o(i.HAL_GPIO_WritePin)
    i.HAL_GetTick                            0x080008dc   Section        0  stm32f4xx_hal.o(i.HAL_GetTick)
    i.HAL_I2C_DeInit                         0x080008e8   Section        0  stm32f4xx_hal_i2c.o(i.HAL_I2C_DeInit)
    i.HAL_I2C_GetError                       0x0800091a   Section        0  stm32f4xx_hal_i2c.o(i.HAL_I2C_GetError)
    i.HAL_I2C_GetState                       0x0800091e   Section        0  stm32f4xx_hal_i2c.o(i.HAL_I2C_GetState)
    i.HAL_I2C_Init                           0x08000924   Section        0  stm32f4xx_hal_i2c.o(i.HAL_I2C_Init)
    i.HAL_I2C_Mem_Read                       0x08000aac   Section        0  stm32f4xx_hal_i2c.o(i.HAL_I2C_Mem_Read)
    i.HAL_I2C_Mem_Write                      0x08000ca4   Section        0  stm32f4xx_hal_i2c.o(i.HAL_I2C_Mem_Write)
    i.HAL_I2C_MspDeInit                      0x08000dd4   Section        0  stm32f4xx_hal_i2c.o(i.HAL_I2C_MspDeInit)
    i.HAL_I2C_MspInit                        0x08000dd6   Section        0  stm32f4xx_hal_i2c.o(i.HAL_I2C_MspInit)
    i.HAL_IncTick                            0x08000dd8   Section        0  stm32f4xx_hal.o(i.HAL_IncTick)
    i.HAL_Init                               0x08000de8   Section        0  stm32f4xx_hal.o(i.HAL_Init)
    i.HAL_InitTick                           0x08000e1c   Section        0  stm32f4xx_hal.o(i.HAL_InitTick)
    i.HAL_MspInit                            0x08000e5c   Section        0  stm32f4xx_hal_msp.o(i.HAL_MspInit)
    i.HAL_NVIC_EnableIRQ                     0x08000e90   Section        0  stm32f4xx_hal_cortex.o(i.HAL_NVIC_EnableIRQ)
    i.HAL_NVIC_SetPriority                   0x08000eac   Section        0  stm32f4xx_hal_cortex.o(i.HAL_NVIC_SetPriority)
    i.HAL_NVIC_SetPriorityGrouping           0x08000eec   Section        0  stm32f4xx_hal_cortex.o(i.HAL_NVIC_SetPriorityGrouping)
    i.HAL_RCCEx_PeriphCLKConfig              0x08000f10   Section        0  stm32f4xx_hal_rcc_ex.o(i.HAL_RCCEx_PeriphCLKConfig)
    i.HAL_RCC_ClockConfig                    0x08001060   Section        0  stm32f4xx_hal_rcc.o(i.HAL_RCC_ClockConfig)
    i.HAL_RCC_GetPCLK1Freq                   0x08001194   Section        0  stm32f4xx_hal_rcc.o(i.HAL_RCC_GetPCLK1Freq)
    i.HAL_RCC_GetPCLK2Freq                   0x080011b4   Section        0  stm32f4xx_hal_rcc.o(i.HAL_RCC_GetPCLK2Freq)
    i.HAL_RCC_GetSysClockFreq                0x080011d4   Section        0  stm32f4xx_hal_rcc.o(i.HAL_RCC_GetSysClockFreq)
    i.HAL_RCC_OscConfig                      0x08001234   Section        0  stm32f4xx_hal_rcc.o(i.HAL_RCC_OscConfig)
    i.HAL_RTC_Init                           0x080015a0   Section        0  stm32f4xx_hal_rtc.o(i.HAL_RTC_Init)
    i.HAL_RTC_MspInit                        0x0800162c   Section        0  stm32f4xx_hal_msp.o(i.HAL_RTC_MspInit)
    i.HAL_RTC_SetDate                        0x08001668   Section        0  stm32f4xx_hal_rtc.o(i.HAL_RTC_SetDate)
    i.HAL_RTC_SetTime                        0x08001700   Section        0  stm32f4xx_hal_rtc.o(i.HAL_RTC_SetTime)
    i.HAL_RTC_WaitForSynchro                 0x080017c0   Section        0  stm32f4xx_hal_rtc.o(i.HAL_RTC_WaitForSynchro)
    i.HAL_SYSTICK_Config                     0x080017f6   Section        0  stm32f4xx_hal_cortex.o(i.HAL_SYSTICK_Config)
    i.HAL_UART_Init                          0x0800181e   Section        0  stm32f4xx_hal_uart.o(i.HAL_UART_Init)
    i.HAL_UART_MspInit                       0x08001880   Section        0  stm32f4xx_hal_uart.o(i.HAL_UART_MspInit)
    i.HAL_UART_Receive                       0x08001884   Section        0  stm32f4xx_hal_uart.o(i.HAL_UART_Receive)
    i.HAL_UART_Transmit                      0x08001944   Section        0  stm32f4xx_hal_uart.o(i.HAL_UART_Transmit)
    i.HardFault_Handler                      0x080019f6   Section        0  stm32f4xx_it.o(i.HardFault_Handler)
    i.I2C1_MspInit                           0x080019f8   Section        0  stm32f4xx_nucleo_bus.o(i.I2C1_MspInit)
    I2C1_MspInit                             0x080019f9   Thumb Code    92  stm32f4xx_nucleo_bus.o(i.I2C1_MspInit)
    i.I2C_IsAcknowledgeFailed                0x08001a5c   Section        0  stm32f4xx_hal_i2c.o(i.I2C_IsAcknowledgeFailed)
    I2C_IsAcknowledgeFailed                  0x08001a5d   Thumb Code    46  stm32f4xx_hal_i2c.o(i.I2C_IsAcknowledgeFailed)
    i.I2C_RequestMemoryRead                  0x08001a8c   Section        0  stm32f4xx_hal_i2c.o(i.I2C_RequestMemoryRead)
    I2C_RequestMemoryRead                    0x08001a8d   Thumb Code   246  stm32f4xx_hal_i2c.o(i.I2C_RequestMemoryRead)
    i.I2C_RequestMemoryWrite                 0x08001b88   Section        0  stm32f4xx_hal_i2c.o(i.I2C_RequestMemoryWrite)
    I2C_RequestMemoryWrite                   0x08001b89   Thumb Code   162  stm32f4xx_hal_i2c.o(i.I2C_RequestMemoryWrite)
    i.I2C_WaitOnBTFFlagUntilTimeout          0x08001c30   Section        0  stm32f4xx_hal_i2c.o(i.I2C_WaitOnBTFFlagUntilTimeout)
    I2C_WaitOnBTFFlagUntilTimeout            0x08001c31   Thumb Code    76  stm32f4xx_hal_i2c.o(i.I2C_WaitOnBTFFlagUntilTimeout)
    i.I2C_WaitOnFlagUntilTimeout             0x08001c7c   Section        0  stm32f4xx_hal_i2c.o(i.I2C_WaitOnFlagUntilTimeout)
    I2C_WaitOnFlagUntilTimeout               0x08001c7d   Thumb Code   104  stm32f4xx_hal_i2c.o(i.I2C_WaitOnFlagUntilTimeout)
    i.I2C_WaitOnMasterAddressFlagUntilTimeout 0x08001ce4   Section        0  stm32f4xx_hal_i2c.o(i.I2C_WaitOnMasterAddressFlagUntilTimeout)
    I2C_WaitOnMasterAddressFlagUntilTimeout  0x08001ce5   Thumb Code   150  stm32f4xx_hal_i2c.o(i.I2C_WaitOnMasterAddressFlagUntilTimeout)
    i.I2C_WaitOnRXNEFlagUntilTimeout         0x08001d7a   Section        0  stm32f4xx_hal_i2c.o(i.I2C_WaitOnRXNEFlagUntilTimeout)
    I2C_WaitOnRXNEFlagUntilTimeout           0x08001d7b   Thumb Code   102  stm32f4xx_hal_i2c.o(i.I2C_WaitOnRXNEFlagUntilTimeout)
    i.I2C_WaitOnTXEFlagUntilTimeout          0x08001de0   Section        0  stm32f4xx_hal_i2c.o(i.I2C_WaitOnTXEFlagUntilTimeout)
    I2C_WaitOnTXEFlagUntilTimeout            0x08001de1   Thumb Code    76  stm32f4xx_hal_i2c.o(i.I2C_WaitOnTXEFlagUntilTimeout)
    i.MX_53L8A1_SimpleRanging_Process        0x08001e2c   Section        0  app_tof.o(i.MX_53L8A1_SimpleRanging_Process)
    MX_53L8A1_SimpleRanging_Process          0x08001e2d   Thumb Code   140  app_tof.o(i.MX_53L8A1_SimpleRanging_Process)
    i.MX_GPIO_Init                           0x08001eec   Section        0  main.o(i.MX_GPIO_Init)
    MX_GPIO_Init                             0x08001eed   Thumb Code   218  main.o(i.MX_GPIO_Init)
    i.MX_I2C1_Init                           0x08001fd4   Section        0  stm32f4xx_nucleo_bus.o(i.MX_I2C1_Init)
    i.MX_RTC_Init                            0x08002008   Section        0  main.o(i.MX_RTC_Init)
    MX_RTC_Init                              0x08002009   Thumb Code   120  main.o(i.MX_RTC_Init)
    i.MX_TOF_Init                            0x08002088   Section        0  app_tof.o(i.MX_TOF_Init)
    i.MX_TOF_Process                         0x080020e8   Section        0  app_tof.o(i.MX_TOF_Process)
    i.MX_USART2_UART_Init                    0x080020ec   Section        0  stm32f4xx_nucleo.o(i.MX_USART2_UART_Init)
    i.MemManage_Handler                      0x08002118   Section        0  stm32f4xx_it.o(i.MemManage_Handler)
    i.NMI_Handler                            0x0800211a   Section        0  stm32f4xx_it.o(i.NMI_Handler)
    i.PendSV_Handler                         0x0800211c   Section        0  stm32f4xx_it.o(i.PendSV_Handler)
    i.RTC_ByteToBcd2                         0x0800211e   Section        0  stm32f4xx_hal_rtc.o(i.RTC_ByteToBcd2)
    i.RTC_EnterInitMode                      0x08002138   Section        0  stm32f4xx_hal_rtc.o(i.RTC_EnterInitMode)
    i.RTC_ExitInitMode                       0x08002180   Section        0  stm32f4xx_hal_rtc.o(i.RTC_ExitInitMode)
    i.RdByte                                 0x080021aa   Section        0  platform.o(i.RdByte)
    i.RdMulti                                0x080021ba   Section        0  platform.o(i.RdMulti)
    i.SVC_Handler                            0x080021ca   Section        0  stm32f4xx_it.o(i.SVC_Handler)
    i.SwapBuffer                             0x080021cc   Section        0  platform.o(i.SwapBuffer)
    i.SysTick_Handler                        0x080021ee   Section        0  stm32f4xx_it.o(i.SysTick_Handler)
    i.SystemClock_Config                     0x080021f4   Section        0  main.o(i.SystemClock_Config)
    i.SystemInit                             0x08002290   Section        0  system_stm32f4xx.o(i.SystemInit)
    i.UART_SetConfig                         0x080022a0   Section        0  stm32f4xx_hal_uart.o(i.UART_SetConfig)
    UART_SetConfig                           0x080022a1   Thumb Code   258  stm32f4xx_hal_uart.o(i.UART_SetConfig)
    i.UART_WaitOnFlagUntilTimeout            0x080023ac   Section        0  stm32f4xx_hal_uart.o(i.UART_WaitOnFlagUntilTimeout)
    UART_WaitOnFlagUntilTimeout              0x080023ad   Thumb Code   120  stm32f4xx_hal_uart.o(i.UART_WaitOnFlagUntilTimeout)
    i.USART2_MspInit                         0x08002424   Section        0  stm32f4xx_nucleo.o(i.USART2_MspInit)
    USART2_MspInit                           0x08002425   Thumb Code    94  stm32f4xx_nucleo.o(i.USART2_MspInit)
    i.UsageFault_Handler                     0x0800248c   Section        0  stm32f4xx_it.o(i.UsageFault_Handler)
    i.VL53L8A1_RANGING_SENSOR_ConfigProfile  0x08002490   Section        0  53l8a1_ranging_sensor.o(i.VL53L8A1_RANGING_SENSOR_ConfigProfile)
    i.VL53L8A1_RANGING_SENSOR_GetCapabilities 0x080024c0   Section        0  53l8a1_ranging_sensor.o(i.VL53L8A1_RANGING_SENSOR_GetCapabilities)
    i.VL53L8A1_RANGING_SENSOR_GetDistance    0x080024f0   Section        0  53l8a1_ranging_sensor.o(i.VL53L8A1_RANGING_SENSOR_GetDistance)
    i.VL53L8A1_RANGING_SENSOR_Init           0x08002520   Section        0  53l8a1_ranging_sensor.o(i.VL53L8A1_RANGING_SENSOR_Init)
    i.VL53L8A1_RANGING_SENSOR_ReadID         0x08002530   Section        0  53l8a1_ranging_sensor.o(i.VL53L8A1_RANGING_SENSOR_ReadID)
    i.VL53L8A1_RANGING_SENSOR_Start          0x08002560   Section        0  53l8a1_ranging_sensor.o(i.VL53L8A1_RANGING_SENSOR_Start)
    i.VL53L8A1_RANGING_SENSOR_Stop           0x08002590   Section        0  53l8a1_ranging_sensor.o(i.VL53L8A1_RANGING_SENSOR_Stop)
    i.VL53L8CX_ConfigIT                      0x080025c0   Section        0  vl53l8cx.o(i.VL53L8CX_ConfigIT)
    i.VL53L8CX_ConfigProfile                 0x0800266c   Section        0  vl53l8cx.o(i.VL53L8CX_ConfigProfile)
    i.VL53L8CX_ConfigROI                     0x080026fc   Section        0  vl53l8cx.o(i.VL53L8CX_ConfigROI)
    i.VL53L8CX_DeInit                        0x08002702   Section        0  vl53l8cx.o(i.VL53L8CX_DeInit)
    i.VL53L8CX_GetAddress                    0x0800272e   Section        0  vl53l8cx.o(i.VL53L8CX_GetAddress)
    i.VL53L8CX_GetCapabilities               0x08002740   Section        0  vl53l8cx.o(i.VL53L8CX_GetCapabilities)
    i.VL53L8CX_GetDistance                   0x0800275c   Section        0  vl53l8cx.o(i.VL53L8CX_GetDistance)
    i.VL53L8CX_GetPowerMode                  0x0800279e   Section        0  vl53l8cx.o(i.VL53L8CX_GetPowerMode)
    i.VL53L8CX_Init                          0x080027c8   Section        0  vl53l8cx.o(i.VL53L8CX_Init)
    i.VL53L8CX_Probe                         0x0800280c   Section        0  53l8a1_ranging_sensor.o(i.VL53L8CX_Probe)
    VL53L8CX_Probe                           0x0800280d   Thumb Code   150  53l8a1_ranging_sensor.o(i.VL53L8CX_Probe)
    i.VL53L8CX_ReadID                        0x080028c8   Section        0  vl53l8cx.o(i.VL53L8CX_ReadID)
    i.VL53L8CX_RegisterBusIO                 0x08002934   Section        0  vl53l8cx.o(i.VL53L8CX_RegisterBusIO)
    i.VL53L8CX_SetAddress                    0x08002970   Section        0  vl53l8cx.o(i.VL53L8CX_SetAddress)
    i.VL53L8CX_SetPowerMode                  0x08002998   Section        0  vl53l8cx.o(i.VL53L8CX_SetPowerMode)
    i.VL53L8CX_Start                         0x080029bc   Section        0  vl53l8cx.o(i.VL53L8CX_Start)
    i.VL53L8CX_Stop                          0x08002a1a   Section        0  vl53l8cx.o(i.VL53L8CX_Stop)
    i.WaitMs                                 0x08002a46   Section        0  platform.o(i.WaitMs)
    i.WrByte                                 0x08002a60   Section        0  platform.o(i.WrByte)
    i.WrMulti                                0x08002a72   Section        0  platform.o(i.WrMulti)
    i.__0printf$6                            0x08002a84   Section        0  printf6.o(i.__0printf$6)
    i.__NVIC_SetPriority                     0x08002aa4   Section        0  stm32f4xx_hal_cortex.o(i.__NVIC_SetPriority)
    __NVIC_SetPriority                       0x08002aa5   Thumb Code    32  stm32f4xx_hal_cortex.o(i.__NVIC_SetPriority)
    i.__scatterload_copy                     0x08002ac4   Section       14  handlers.o(i.__scatterload_copy)
    i.__scatterload_null                     0x08002ad2   Section        2  handlers.o(i.__scatterload_null)
    i.__scatterload_zeroinit                 0x08002ad4   Section       14  handlers.o(i.__scatterload_zeroinit)
    i._printf_core                           0x08002ae4   Section        0  printf6.o(i._printf_core)
    _printf_core                             0x08002ae5   Thumb Code   748  printf6.o(i._printf_core)
    i._printf_post_padding                   0x08002dd4   Section        0  printf6.o(i._printf_post_padding)
    _printf_post_padding                     0x08002dd5   Thumb Code    36  printf6.o(i._printf_post_padding)
    i._printf_pre_padding                    0x08002df8   Section        0  printf6.o(i._printf_pre_padding)
    _printf_pre_padding                      0x08002df9   Thumb Code    46  printf6.o(i._printf_pre_padding)
    i._vl53l8cx_poll_for_answer              0x08002e26   Section        0  vl53l8cx_api.o(i._vl53l8cx_poll_for_answer)
    _vl53l8cx_poll_for_answer                0x08002e27   Thumb Code   106  vl53l8cx_api.o(i._vl53l8cx_poll_for_answer)
    i._vl53l8cx_send_offset_data             0x08002e90   Section        0  vl53l8cx_api.o(i._vl53l8cx_send_offset_data)
    _vl53l8cx_send_offset_data               0x08002e91   Thumb Code   322  vl53l8cx_api.o(i._vl53l8cx_send_offset_data)
    i._vl53l8cx_send_xtalk_data              0x08002fe4   Section        0  vl53l8cx_api.o(i._vl53l8cx_send_xtalk_data)
    _vl53l8cx_send_xtalk_data                0x08002fe5   Thumb Code   242  vl53l8cx_api.o(i._vl53l8cx_send_xtalk_data)
    i.clear_screen                           0x080030ec   Section        0  app_tof.o(i.clear_screen)
    clear_screen                             0x080030ed   Thumb Code     8  app_tof.o(i.clear_screen)
    i.display_commands_banner                0x080030fc   Section        0  app_tof.o(i.display_commands_banner)
    display_commands_banner                  0x080030fd   Thumb Code    56  app_tof.o(i.display_commands_banner)
    i.fputc                                  0x08003218   Section        0  stm32f4xx_nucleo.o(i.fputc)
    i.handle_cmd                             0x08003240   Section        0  app_tof.o(i.handle_cmd)
    handle_cmd                               0x08003241   Thumb Code   116  app_tof.o(i.handle_cmd)
    i.main                                   0x080032b8   Section        0  main.o(i.main)
    i.print_result                           0x080032d4   Section        0  app_tof.o(i.print_result)
    print_result                             0x080032d5   Thumb Code   372  app_tof.o(i.print_result)
    i.vl53l8cx_check_data_ready              0x08003554   Section        0  vl53l8cx_api.o(i.vl53l8cx_check_data_ready)
    i.vl53l8cx_dci_read_data                 0x080035ac   Section        0  vl53l8cx_api.o(i.vl53l8cx_dci_read_data)
    i.vl53l8cx_dci_replace_data              0x08003660   Section        0  vl53l8cx_api.o(i.vl53l8cx_dci_replace_data)
    i.vl53l8cx_dci_write_data                0x08003698   Section        0  vl53l8cx_api.o(i.vl53l8cx_dci_write_data)
    i.vl53l8cx_get_power_mode                0x08003764   Section        0  vl53l8cx_api.o(i.vl53l8cx_get_power_mode)
    i.vl53l8cx_get_ranging_data              0x080037ac   Section        0  vl53l8cx_api.o(i.vl53l8cx_get_ranging_data)
    i.vl53l8cx_get_resolution                0x08003936   Section        0  vl53l8cx_api.o(i.vl53l8cx_get_resolution)
    i.vl53l8cx_get_result                    0x0800395c   Section        0  vl53l8cx.o(i.vl53l8cx_get_result)
    vl53l8cx_get_result                      0x0800395d   Thumb Code   224  vl53l8cx.o(i.vl53l8cx_get_result)
    i.vl53l8cx_init                          0x08003a44   Section        0  vl53l8cx_api.o(i.vl53l8cx_init)
    i.vl53l8cx_poll_for_measurement          0x08003f94   Section        0  vl53l8cx.o(i.vl53l8cx_poll_for_measurement)
    vl53l8cx_poll_for_measurement            0x08003f95   Thumb Code    72  vl53l8cx.o(i.vl53l8cx_poll_for_measurement)
    i.vl53l8cx_set_detection_thresholds      0x08003fdc   Section        0  vl53l8cx_plugin_detection_thresholds.o(i.vl53l8cx_set_detection_thresholds)
    i.vl53l8cx_set_detection_thresholds_enable 0x080040c0   Section        0  vl53l8cx_plugin_detection_thresholds.o(i.vl53l8cx_set_detection_thresholds_enable)
    i.vl53l8cx_set_i2c_address               0x08004128   Section        0  vl53l8cx_api.o(i.vl53l8cx_set_i2c_address)
    i.vl53l8cx_set_integration_time_ms       0x0800415e   Section        0  vl53l8cx_api.o(i.vl53l8cx_set_integration_time_ms)
    i.vl53l8cx_set_power_mode                0x08004194   Section        0  vl53l8cx_api.o(i.vl53l8cx_set_power_mode)
    i.vl53l8cx_set_ranging_frequency_hz      0x08004222   Section        0  vl53l8cx_api.o(i.vl53l8cx_set_ranging_frequency_hz)
    i.vl53l8cx_set_ranging_mode              0x08004242   Section        0  vl53l8cx_api.o(i.vl53l8cx_set_ranging_mode)
    i.vl53l8cx_set_resolution                0x080042ac   Section        0  vl53l8cx_api.o(i.vl53l8cx_set_resolution)
    i.vl53l8cx_start_ranging                 0x080043a8   Section        0  vl53l8cx_api.o(i.vl53l8cx_start_ranging)
    i.vl53l8cx_stop_ranging                  0x08004524   Section        0  vl53l8cx_api.o(i.vl53l8cx_stop_ranging)
    .constdata                               0x08004624   Section       20  stm32f4xx_nucleo.o(.constdata)
    BUTTON_IRQn                              0x08004624   Data           1  stm32f4xx_nucleo.o(.constdata)
    BUTTON_PIN                               0x08004626   Data           2  stm32f4xx_nucleo.o(.constdata)
    ButtonCallback                           0x08004628   Data           4  stm32f4xx_nucleo.o(.constdata)
    BSP_BUTTON_PRIO                          0x0800462c   Data           4  stm32f4xx_nucleo.o(.constdata)
    BUTTON_EXTI_LINE                         0x08004630   Data           4  stm32f4xx_nucleo.o(.constdata)
    ButtonGpioInit                           0x08004634   Data           4  stm32f4xx_nucleo.o(.constdata)
    .constdata                               0x08004638   Section    87868  vl53l8cx_api.o(.constdata)
    .constdata                               0x08019d74   Section       16  system_stm32f4xx.o(.constdata)
    .constdata                               0x08019d84   Section        8  system_stm32f4xx.o(.constdata)
    .conststring                             0x08019d8c   Section      101  app_tof.o(.conststring)
    .data                                    0x20000000   Section        8  app_tof.o(.data)
    PushButtonDetected                       0x20000000   Data           1  app_tof.o(.data)
    status                                   0x20000004   Data           4  app_tof.o(.data)
    .data                                    0x20000008   Section        1  app_tof.o(.data)
    .data                                    0x2000000c   Section        4  stm32f4xx_nucleo_bus.o(.data)
    I2C1InitCounter                          0x2000000c   Data           4  stm32f4xx_nucleo_bus.o(.data)
    .data                                    0x20000010   Section       20  stm32f4xx_nucleo.o(.data)
    COM_ActiveLogPort                        0x20000010   Data           1  stm32f4xx_nucleo.o(.data)
    BUTTON_PORT                              0x20000014   Data           4  stm32f4xx_nucleo.o(.data)
    .data                                    0x20000024   Section       56  vl53l8cx.o(.data)
    .data                                    0x2000005c   Section        4  53l8a1_ranging_sensor.o(.data)
    VL53L8A1_RANGING_SENSOR_Drv              0x2000005c   Data           4  53l8a1_ranging_sensor.o(.data)
    .data                                    0x20000060   Section       12  stm32f4xx_hal.o(.data)
    .data                                    0x2000006c   Section        4  system_stm32f4xx.o(.data)
    .data                                    0x20000070   Section        4  stdout.o(.data)
    .bss                                     0x20000074   Section       32  main.o(.bss)
    .bss                                     0x20000094   Section     1320  app_tof.o(.bss)
    Cap                                      0x20000094   Data          16  app_tof.o(.bss)
    Profile                                  0x200000a4   Data          20  app_tof.o(.bss)
    Result                                   0x200000b8   Data        1284  app_tof.o(.bss)
    .bss                                     0x200005bc   Section       84  stm32f4xx_nucleo_bus.o(.bss)
    .bss                                     0x20000610   Section       68  stm32f4xx_nucleo.o(.bss)
    .bss                                     0x20000654   Section     1744  vl53l8cx.o(.bss)
    thresholds                               0x20000654   Data         768  vl53l8cx.o(.bss)
    data                                     0x20000954   Data         976  vl53l8cx.o(.bss)
    .bss                                     0x20000d24   Section     7192  53l8a1_ranging_sensor.o(.bss)
    VL53L8CXObj                              0x20000d30   Data        7164  53l8a1_ranging_sensor.o(.bss)
    VL53L8A1_RANGING_SENSOR_Cap              0x2000292c   Data          16  53l8a1_ranging_sensor.o(.bss)
    STACK                                    0x20002940   Section     2048  startup_stm32f401xe.o(STACK)

    Global Symbols

    Symbol Name                              Value     Ov Type        Size  Object(Section)

    BuildAttributes$$THM_ISAv4$E$P$D$K$B$S$7EM$VFPi3$EXTD16$VFPS$VFMA$PE$A:L22UL41UL21$X:L11$S22US41US21$IEEE1$IW$USESV6$~STKCKD$USESV7$~SHL$OSPACE$ROPI$EBA8$MICROLIB$REQ8$PRES8$EABIv2 0x00000000   Number         0  anon$$obj.o ABSOLUTE
    __ARM_use_no_argv                        0x00000000   Number         0  main.o ABSOLUTE
    _printf_a                                0x00000000   Number         0  stubs.o ABSOLUTE
    _printf_c                                0x00000000   Number         0  stubs.o ABSOLUTE
    _printf_charcount                        0x00000000   Number         0  stubs.o ABSOLUTE
    _printf_d                                0x00000000   Number         0  stubs.o ABSOLUTE
    _printf_e                                0x00000000   Number         0  stubs.o ABSOLUTE
    _printf_f                                0x00000000   Number         0  stubs.o ABSOLUTE
    _printf_flags                            0x00000000   Number         0  stubs.o ABSOLUTE
    _printf_fp_dec                           0x00000000   Number         0  stubs.o ABSOLUTE
    _printf_fp_hex                           0x00000000   Number         0  stubs.o ABSOLUTE
    _printf_g                                0x00000000   Number         0  stubs.o ABSOLUTE
    _printf_i                                0x00000000   Number         0  stubs.o ABSOLUTE
    _printf_int_dec                          0x00000000   Number         0  stubs.o ABSOLUTE
    _printf_l                                0x00000000   Number         0  stubs.o ABSOLUTE
    _printf_lc                               0x00000000   Number         0  stubs.o ABSOLUTE
    _printf_ll                               0x00000000   Number         0  stubs.o ABSOLUTE
    _printf_lld                              0x00000000   Number         0  stubs.o ABSOLUTE
    _printf_lli                              0x00000000   Number         0  stubs.o ABSOLUTE
    _printf_llo                              0x00000000   Number         0  stubs.o ABSOLUTE
    _printf_llu                              0x00000000   Number         0  stubs.o ABSOLUTE
    _printf_llx                              0x00000000   Number         0  stubs.o ABSOLUTE
    _printf_longlong_dec                     0x00000000   Number         0  stubs.o ABSOLUTE
    _printf_longlong_hex                     0x00000000   Number         0  stubs.o ABSOLUTE
    _printf_longlong_oct                     0x00000000   Number         0  stubs.o ABSOLUTE
    _printf_ls                               0x00000000   Number         0  stubs.o ABSOLUTE
    _printf_mbtowc                           0x00000000   Number         0  stubs.o ABSOLUTE
    _printf_n                                0x00000000   Number         0  stubs.o ABSOLUTE
    _printf_o                                0x00000000   Number         0  stubs.o ABSOLUTE
    _printf_p                                0x00000000   Number         0  stubs.o ABSOLUTE
    _printf_percent                          0x00000000   Number         0  stubs.o ABSOLUTE
    _printf_pre_padding                      0x00000000   Number         0  stubs.o ABSOLUTE
    _printf_return_value                     0x00000000   Number         0  stubs.o ABSOLUTE
    _printf_s                                0x00000000   Number         0  stubs.o ABSOLUTE
    _printf_sizespec                         0x00000000   Number         0  stubs.o ABSOLUTE
    _printf_str                              0x00000000   Number         0  stubs.o ABSOLUTE
    _printf_truncate_signed                  0x00000000   Number         0  stubs.o ABSOLUTE
    _printf_truncate_unsigned                0x00000000   Number         0  stubs.o ABSOLUTE
    _printf_u                                0x00000000   Number         0  stubs.o ABSOLUTE
    _printf_wc                               0x00000000   Number         0  stubs.o ABSOLUTE
    _printf_wctomb                           0x00000000   Number         0  stubs.o ABSOLUTE
    _printf_widthprec                        0x00000000   Number         0  stubs.o ABSOLUTE
    _printf_x                                0x00000000   Number         0  stubs.o ABSOLUTE
    __arm_fini_                               - Undefined Weak Reference
    __cpp_initialize__aeabi_                  - Undefined Weak Reference
    __cxa_finalize                            - Undefined Weak Reference
    __decompress                              - Undefined Weak Reference
    _clock_init                               - Undefined Weak Reference
    _microlib_exit                            - Undefined Weak Reference
    __Vectors_Size                           0x00000194   Number         0  startup_stm32f401xe.o ABSOLUTE
    __Vectors                                0x08000000   Data           4  startup_stm32f401xe.o(RESET)
    __Vectors_End                            0x08000194   Data           0  startup_stm32f401xe.o(RESET)
    __main                                   0x08000195   Thumb Code     0  entry.o(.ARM.Collect$$$$00000000)
    _main_stk                                0x08000195   Thumb Code     0  entry2.o(.ARM.Collect$$$$00000001)
    _main_scatterload                        0x08000199   Thumb Code     0  entry5.o(.ARM.Collect$$$$00000004)
    __main_after_scatterload                 0x0800019d   Thumb Code     0  entry5.o(.ARM.Collect$$$$00000004)
    _main_clock                              0x0800019d   Thumb Code     0  entry7b.o(.ARM.Collect$$$$00000008)
    _main_cpp_init                           0x0800019d   Thumb Code     0  entry8b.o(.ARM.Collect$$$$0000000A)
    _main_init                               0x0800019d   Thumb Code     0  entry9a.o(.ARM.Collect$$$$0000000B)
    __rt_lib_shutdown_fini                   0x080001a5   Thumb Code     0  entry12b.o(.ARM.Collect$$$$0000000E)
    __rt_final_cpp                           0x080001a9   Thumb Code     0  entry10a.o(.ARM.Collect$$$$0000000F)
    __rt_final_exit                          0x080001a9   Thumb Code     0  entry11a.o(.ARM.Collect$$$$00000011)
    Reset_Handler                            0x080001ad   Thumb Code     8  startup_stm32f401xe.o(.text)
    ADC_IRQHandler                           0x080001c7   Thumb Code     0  startup_stm32f401xe.o(.text)
    DMA1_Stream0_IRQHandler                  0x080001c7   Thumb Code     0  startup_stm32f401xe.o(.text)
    DMA1_Stream1_IRQHandler                  0x080001c7   Thumb Code     0  startup_stm32f401xe.o(.text)
    DMA1_Stream2_IRQHandler                  0x080001c7   Thumb Code     0  startup_stm32f401xe.o(.text)
    DMA1_Stream3_IRQHandler                  0x080001c7   Thumb Code     0  startup_stm32f401xe.o(.text)
    DMA1_Stream4_IRQHandler                  0x080001c7   Thumb Code     0  startup_stm32f401xe.o(.text)
    DMA1_Stream5_IRQHandler                  0x080001c7   Thumb Code     0  startup_stm32f401xe.o(.text)
    DMA1_Stream6_IRQHandler                  0x080001c7   Thumb Code     0  startup_stm32f401xe.o(.text)
    DMA1_Stream7_IRQHandler                  0x080001c7   Thumb Code     0  startup_stm32f401xe.o(.text)
    DMA2_Stream0_IRQHandler                  0x080001c7   Thumb Code     0  startup_stm32f401xe.o(.text)
    DMA2_Stream1_IRQHandler                  0x080001c7   Thumb Code     0  startup_stm32f401xe.o(.text)
    DMA2_Stream2_IRQHandler                  0x080001c7   Thumb Code     0  startup_stm32f401xe.o(.text)
    DMA2_Stream3_IRQHandler                  0x080001c7   Thumb Code     0  startup_stm32f401xe.o(.text)
    DMA2_Stream4_IRQHandler                  0x080001c7   Thumb Code     0  startup_stm32f401xe.o(.text)
    DMA2_Stream5_IRQHandler                  0x080001c7   Thumb Code     0  startup_stm32f401xe.o(.text)
    DMA2_Stream6_IRQHandler                  0x080001c7   Thumb Code     0  startup_stm32f401xe.o(.text)
    DMA2_Stream7_IRQHandler                  0x080001c7   Thumb Code     0  startup_stm32f401xe.o(.text)
    EXTI0_IRQHandler                         0x080001c7   Thumb Code     0  startup_stm32f401xe.o(.text)
    EXTI1_IRQHandler                         0x080001c7   Thumb Code     0  startup_stm32f401xe.o(.text)
    EXTI2_IRQHandler                         0x080001c7   Thumb Code     0  startup_stm32f401xe.o(.text)
    EXTI3_IRQHandler                         0x080001c7   Thumb Code     0  startup_stm32f401xe.o(.text)
    EXTI9_5_IRQHandler                       0x080001c7   Thumb Code     0  startup_stm32f401xe.o(.text)
    FLASH_IRQHandler                         0x080001c7   Thumb Code     0  startup_stm32f401xe.o(.text)
    FPU_IRQHandler                           0x080001c7   Thumb Code     0  startup_stm32f401xe.o(.text)
    I2C1_ER_IRQHandler                       0x080001c7   Thumb Code     0  startup_stm32f401xe.o(.text)
    I2C1_EV_IRQHandler                       0x080001c7   Thumb Code     0  startup_stm32f401xe.o(.text)
    I2C2_ER_IRQHandler                       0x080001c7   Thumb Code     0  startup_stm32f401xe.o(.text)
    I2C2_EV_IRQHandler                       0x080001c7   Thumb Code     0  startup_stm32f401xe.o(.text)
    I2C3_ER_IRQHandler                       0x080001c7   Thumb Code     0  startup_stm32f401xe.o(.text)
    I2C3_EV_IRQHandler                       0x080001c7   Thumb Code     0  startup_stm32f401xe.o(.text)
    OTG_FS_IRQHandler                        0x080001c7   Thumb Code     0  startup_stm32f401xe.o(.text)
    OTG_FS_WKUP_IRQHandler                   0x080001c7   Thumb Code     0  startup_stm32f401xe.o(.text)
    PVD_IRQHandler                           0x080001c7   Thumb Code     0  startup_stm32f401xe.o(.text)
    RCC_IRQHandler                           0x080001c7   Thumb Code     0  startup_stm32f401xe.o(.text)
    RTC_Alarm_IRQHandler                     0x080001c7   Thumb Code     0  startup_stm32f401xe.o(.text)
    RTC_WKUP_IRQHandler                      0x080001c7   Thumb Code     0  startup_stm32f401xe.o(.text)
    SDIO_IRQHandler                          0x080001c7   Thumb Code     0  startup_stm32f401xe.o(.text)
    SPI1_IRQHandler                          0x080001c7   Thumb Code     0  startup_stm32f401xe.o(.text)
    SPI2_IRQHandler                          0x080001c7   Thumb Code     0  startup_stm32f401xe.o(.text)
    SPI3_IRQHandler                          0x080001c7   Thumb Code     0  startup_stm32f401xe.o(.text)
    SPI4_IRQHandler                          0x080001c7   Thumb Code     0  startup_stm32f401xe.o(.text)
    TAMP_STAMP_IRQHandler                    0x080001c7   Thumb Code     0  startup_stm32f401xe.o(.text)
    TIM1_BRK_TIM9_IRQHandler                 0x080001c7   Thumb Code     0  startup_stm32f401xe.o(.text)
    TIM1_CC_IRQHandler                       0x080001c7   Thumb Code     0  startup_stm32f401xe.o(.text)
    TIM1_TRG_COM_TIM11_IRQHandler            0x080001c7   Thumb Code     0  startup_stm32f401xe.o(.text)
    TIM1_UP_TIM10_IRQHandler                 0x080001c7   Thumb Code     0  startup_stm32f401xe.o(.text)
    TIM2_IRQHandler                          0x080001c7   Thumb Code     0  startup_stm32f401xe.o(.text)
    TIM3_IRQHandler                          0x080001c7   Thumb Code     0  startup_stm32f401xe.o(.text)
    TIM4_IRQHandler                          0x080001c7   Thumb Code     0  startup_stm32f401xe.o(.text)
    TIM5_IRQHandler                          0x080001c7   Thumb Code     0  startup_stm32f401xe.o(.text)
    USART1_IRQHandler                        0x080001c7   Thumb Code     0  startup_stm32f401xe.o(.text)
    USART2_IRQHandler                        0x080001c7   Thumb Code     0  startup_stm32f401xe.o(.text)
    USART6_IRQHandler                        0x080001c7   Thumb Code     0  startup_stm32f401xe.o(.text)
    WWDG_IRQHandler                          0x080001c7   Thumb Code     0  startup_stm32f401xe.o(.text)
    __aeabi_uldivmod                         0x080001d1   Thumb Code    98  uldiv.o(.text)
    __aeabi_memcpy                           0x08000233   Thumb Code    36  memcpya.o(.text)
    __aeabi_memcpy4                          0x08000233   Thumb Code     0  memcpya.o(.text)
    __aeabi_memcpy8                          0x08000233   Thumb Code     0  memcpya.o(.text)
    __aeabi_memset                           0x08000257   Thumb Code    14  memseta.o(.text)
    __aeabi_memset4                          0x08000257   Thumb Code     0  memseta.o(.text)
    __aeabi_memset8                          0x08000257   Thumb Code     0  memseta.o(.text)
    __aeabi_memclr                           0x08000265   Thumb Code     4  memseta.o(.text)
    __aeabi_memclr4                          0x08000265   Thumb Code     0  memseta.o(.text)
    __aeabi_memclr8                          0x08000265   Thumb Code     0  memseta.o(.text)
    _memset$wrapper                          0x08000269   Thumb Code    18  memseta.o(.text)
    __aeabi_uidiv                            0x0800027b   Thumb Code     0  uidiv.o(.text)
    __aeabi_uidivmod                         0x0800027b   Thumb Code    44  uidiv.o(.text)
    __aeabi_llsl                             0x080002a7   Thumb Code    30  llshl.o(.text)
    _ll_shift_l                              0x080002a7   Thumb Code     0  llshl.o(.text)
    __aeabi_llsr                             0x080002c5   Thumb Code    32  llushr.o(.text)
    _ll_ushift_r                             0x080002c5   Thumb Code     0  llushr.o(.text)
    __scatterload                            0x080002e5   Thumb Code    28  init.o(.text)
    __scatterload_rt2                        0x080002e5   Thumb Code     0  init.o(.text)
    BSP_COM_Init                             0x08000309   Thumb Code    54  stm32f4xx_nucleo.o(i.BSP_COM_Init)
    BSP_GetTick                              0x08000349   Thumb Code     4  stm32f4xx_nucleo_bus.o(i.BSP_GetTick)
    BSP_I2C1_DeInit                          0x0800034d   Thumb Code    60  stm32f4xx_nucleo_bus.o(i.BSP_I2C1_DeInit)
    BSP_I2C1_Init                            0x08000399   Thumb Code    52  stm32f4xx_nucleo_bus.o(i.BSP_I2C1_Init)
    BSP_I2C1_ReadReg16                       0x080003d9   Thumb Code    50  stm32f4xx_nucleo_bus.o(i.BSP_I2C1_ReadReg16)
    BSP_I2C1_WriteReg16                      0x08000411   Thumb Code    48  stm32f4xx_nucleo_bus.o(i.BSP_I2C1_WriteReg16)
    BSP_PB_Callback                          0x08000445   Thumb Code     8  app_tof.o(i.BSP_PB_Callback)
    BSP_PB_Init                              0x08000451   Thumb Code   100  stm32f4xx_nucleo.o(i.BSP_PB_Init)
    BusFault_Handler                         0x0800051d   Thumb Code     2  stm32f4xx_it.o(i.BusFault_Handler)
    DebugMon_Handler                         0x0800051f   Thumb Code     2  stm32f4xx_it.o(i.DebugMon_Handler)
    EXTI15_10_IRQHandler                     0x08000521   Thumb Code     6  stm32f4xx_it.o(i.EXTI15_10_IRQHandler)
    EXTI4_IRQHandler                         0x0800052d   Thumb Code     6  stm32f4xx_it.o(i.EXTI4_IRQHandler)
    Error_Handler                            0x08000533   Thumb Code     4  main.o(i.Error_Handler)
    HAL_Delay                                0x08000539   Thumb Code    32  stm32f4xx_hal.o(i.HAL_Delay)
    HAL_EXTI_GetHandle                       0x0800055d   Thumb Code    12  stm32f4xx_hal_exti.o(i.HAL_EXTI_GetHandle)
    HAL_EXTI_IRQHandler                      0x08000569   Thumb Code    30  stm32f4xx_hal_exti.o(i.HAL_EXTI_IRQHandler)
    HAL_EXTI_RegisterCallback                0x0800058d   Thumb Code    14  stm32f4xx_hal_exti.o(i.HAL_EXTI_RegisterCallback)
    HAL_GPIO_DeInit                          0x0800059d   Thumb Code   272  stm32f4xx_hal_gpio.o(i.HAL_GPIO_DeInit)
    HAL_GPIO_EXTI_Callback                   0x080006c9   Thumb Code    12  app_tof_pin_conf.o(i.HAL_GPIO_EXTI_Callback)
    HAL_GPIO_EXTI_IRQHandler                 0x080006d9   Thumb Code    18  stm32f4xx_hal_gpio.o(i.HAL_GPIO_EXTI_IRQHandler)
    HAL_GPIO_Init                            0x080006f1   Thumb Code   446  stm32f4xx_hal_gpio.o(i.HAL_GPIO_Init)
    HAL_GPIO_WritePin                        0x080008d1   Thumb Code    10  stm32f4xx_hal_gpio.o(i.HAL_GPIO_WritePin)
    HAL_GetTick                              0x080008dd   Thumb Code     6  stm32f4xx_hal.o(i.HAL_GetTick)
    HAL_I2C_DeInit                           0x080008e9   Thumb Code    50  stm32f4xx_hal_i2c.o(i.HAL_I2C_DeInit)
    HAL_I2C_GetError                         0x0800091b   Thumb Code     4  stm32f4xx_hal_i2c.o(i.HAL_I2C_GetError)
    HAL_I2C_GetState                         0x0800091f   Thumb Code     6  stm32f4xx_hal_i2c.o(i.HAL_I2C_GetState)
    HAL_I2C_Init                             0x08000925   Thumb Code   376  stm32f4xx_hal_i2c.o(i.HAL_I2C_Init)
    HAL_I2C_Mem_Read                         0x08000aad   Thumb Code   490  stm32f4xx_hal_i2c.o(i.HAL_I2C_Mem_Read)
    HAL_I2C_Mem_Write                        0x08000ca5   Thumb Code   294  stm32f4xx_hal_i2c.o(i.HAL_I2C_Mem_Write)
    HAL_I2C_MspDeInit                        0x08000dd5   Thumb Code     2  stm32f4xx_hal_i2c.o(i.HAL_I2C_MspDeInit)
    HAL_I2C_MspInit                          0x08000dd7   Thumb Code     2  stm32f4xx_hal_i2c.o(i.HAL_I2C_MspInit)
    HAL_IncTick                              0x08000dd9   Thumb Code    12  stm32f4xx_hal.o(i.HAL_IncTick)
    HAL_Init                                 0x08000de9   Thumb Code    48  stm32f4xx_hal.o(i.HAL_Init)
    HAL_InitTick                             0x08000e1d   Thumb Code    54  stm32f4xx_hal.o(i.HAL_InitTick)
    HAL_MspInit                              0x08000e5d   Thumb Code    48  stm32f4xx_hal_msp.o(i.HAL_MspInit)
    HAL_NVIC_EnableIRQ                       0x08000e91   Thumb Code    26  stm32f4xx_hal_cortex.o(i.HAL_NVIC_EnableIRQ)
    HAL_NVIC_SetPriority                     0x08000ead   Thumb Code    60  stm32f4xx_hal_cortex.o(i.HAL_NVIC_SetPriority)
    HAL_NVIC_SetPriorityGrouping             0x08000eed   Thumb Code    26  stm32f4xx_hal_cortex.o(i.HAL_NVIC_SetPriorityGrouping)
    HAL_RCCEx_PeriphCLKConfig                0x08000f11   Thumb Code   310  stm32f4xx_hal_rcc_ex.o(i.HAL_RCCEx_PeriphCLKConfig)
    HAL_RCC_ClockConfig                      0x08001061   Thumb Code   288  stm32f4xx_hal_rcc.o(i.HAL_RCC_ClockConfig)
    HAL_RCC_GetPCLK1Freq                     0x08001195   Thumb Code    20  stm32f4xx_hal_rcc.o(i.HAL_RCC_GetPCLK1Freq)
    HAL_RCC_GetPCLK2Freq                     0x080011b5   Thumb Code    20  stm32f4xx_hal_rcc.o(i.HAL_RCC_GetPCLK2Freq)
    HAL_RCC_GetSysClockFreq                  0x080011d5   Thumb Code    88  stm32f4xx_hal_rcc.o(i.HAL_RCC_GetSysClockFreq)
    HAL_RCC_OscConfig                        0x08001235   Thumb Code   856  stm32f4xx_hal_rcc.o(i.HAL_RCC_OscConfig)
    HAL_RTC_Init                             0x080015a1   Thumb Code   136  stm32f4xx_hal_rtc.o(i.HAL_RTC_Init)
    HAL_RTC_MspInit                          0x0800162d   Thumb Code    52  stm32f4xx_hal_msp.o(i.HAL_RTC_MspInit)
    HAL_RTC_SetDate                          0x08001669   Thumb Code   146  stm32f4xx_hal_rtc.o(i.HAL_RTC_SetDate)
    HAL_RTC_SetTime                          0x08001701   Thumb Code   186  stm32f4xx_hal_rtc.o(i.HAL_RTC_SetTime)
    HAL_RTC_WaitForSynchro                   0x080017c1   Thumb Code    54  stm32f4xx_hal_rtc.o(i.HAL_RTC_WaitForSynchro)
    HAL_SYSTICK_Config                       0x080017f7   Thumb Code    40  stm32f4xx_hal_cortex.o(i.HAL_SYSTICK_Config)
    HAL_UART_Init                            0x0800181f   Thumb Code    98  stm32f4xx_hal_uart.o(i.HAL_UART_Init)
    HAL_UART_MspInit                         0x08001881   Thumb Code     2  stm32f4xx_hal_uart.o(i.HAL_UART_MspInit)
    HAL_UART_Receive                         0x08001885   Thumb Code   192  stm32f4xx_hal_uart.o(i.HAL_UART_Receive)
    HAL_UART_Transmit                        0x08001945   Thumb Code   178  stm32f4xx_hal_uart.o(i.HAL_UART_Transmit)
    HardFault_Handler                        0x080019f7   Thumb Code     2  stm32f4xx_it.o(i.HardFault_Handler)
    MX_I2C1_Init                             0x08001fd5   Thumb Code    42  stm32f4xx_nucleo_bus.o(i.MX_I2C1_Init)
    MX_TOF_Init                              0x08002089   Thumb Code    46  app_tof.o(i.MX_TOF_Init)
    MX_TOF_Process                           0x080020e9   Thumb Code     4  app_tof.o(i.MX_TOF_Process)
    MX_USART2_UART_Init                      0x080020ed   Thumb Code    40  stm32f4xx_nucleo.o(i.MX_USART2_UART_Init)
    MemManage_Handler                        0x08002119   Thumb Code     2  stm32f4xx_it.o(i.MemManage_Handler)
    NMI_Handler                              0x0800211b   Thumb Code     2  stm32f4xx_it.o(i.NMI_Handler)
    PendSV_Handler                           0x0800211d   Thumb Code     2  stm32f4xx_it.o(i.PendSV_Handler)
    RTC_ByteToBcd2                           0x0800211f   Thumb Code    24  stm32f4xx_hal_rtc.o(i.RTC_ByteToBcd2)
    RTC_EnterInitMode                        0x08002139   Thumb Code    72  stm32f4xx_hal_rtc.o(i.RTC_EnterInitMode)
    RTC_ExitInitMode                         0x08002181   Thumb Code    42  stm32f4xx_hal_rtc.o(i.RTC_ExitInitMode)
    RdByte                                   0x080021ab   Thumb Code    16  platform.o(i.RdByte)
    RdMulti                                  0x080021bb   Thumb Code    16  platform.o(i.RdMulti)
    SVC_Handler                              0x080021cb   Thumb Code     2  stm32f4xx_it.o(i.SVC_Handler)
    SwapBuffer                               0x080021cd   Thumb Code    34  platform.o(i.SwapBuffer)
    SysTick_Handler                          0x080021ef   Thumb Code     4  stm32f4xx_it.o(i.SysTick_Handler)
    SystemClock_Config                       0x080021f5   Thumb Code   146  main.o(i.SystemClock_Config)
    SystemInit                               0x08002291   Thumb Code    12  system_stm32f4xx.o(i.SystemInit)
    UsageFault_Handler                       0x0800248d   Thumb Code     2  stm32f4xx_it.o(i.UsageFault_Handler)
    VL53L8A1_RANGING_SENSOR_ConfigProfile    0x08002491   Thumb Code    40  53l8a1_ranging_sensor.o(i.VL53L8A1_RANGING_SENSOR_ConfigProfile)
    VL53L8A1_RANGING_SENSOR_GetCapabilities  0x080024c1   Thumb Code    40  53l8a1_ranging_sensor.o(i.VL53L8A1_RANGING_SENSOR_GetCapabilities)
    VL53L8A1_RANGING_SENSOR_GetDistance      0x080024f1   Thumb Code    40  53l8a1_ranging_sensor.o(i.VL53L8A1_RANGING_SENSOR_GetDistance)
    VL53L8A1_RANGING_SENSOR_Init             0x08002521   Thumb Code    14  53l8a1_ranging_sensor.o(i.VL53L8A1_RANGING_SENSOR_Init)
    VL53L8A1_RANGING_SENSOR_ReadID           0x08002531   Thumb Code    40  53l8a1_ranging_sensor.o(i.VL53L8A1_RANGING_SENSOR_ReadID)
    VL53L8A1_RANGING_SENSOR_Start            0x08002561   Thumb Code    40  53l8a1_ranging_sensor.o(i.VL53L8A1_RANGING_SENSOR_Start)
    VL53L8A1_RANGING_SENSOR_Stop             0x08002591   Thumb Code    40  53l8a1_ranging_sensor.o(i.VL53L8A1_RANGING_SENSOR_Stop)
    VL53L8CX_ConfigIT                        0x080025c1   Thumb Code   166  vl53l8cx.o(i.VL53L8CX_ConfigIT)
    VL53L8CX_ConfigProfile                   0x0800266d   Thumb Code   144  vl53l8cx.o(i.VL53L8CX_ConfigProfile)
    VL53L8CX_ConfigROI                       0x080026fd   Thumb Code     6  vl53l8cx.o(i.VL53L8CX_ConfigROI)
    VL53L8CX_DeInit                          0x08002703   Thumb Code    44  vl53l8cx.o(i.VL53L8CX_DeInit)
    VL53L8CX_GetAddress                      0x0800272f   Thumb Code    18  vl53l8cx.o(i.VL53L8CX_GetAddress)
    VL53L8CX_GetCapabilities                 0x08002741   Thumb Code    28  vl53l8cx.o(i.VL53L8CX_GetCapabilities)
    VL53L8CX_GetDistance                     0x0800275d   Thumb Code    66  vl53l8cx.o(i.VL53L8CX_GetDistance)
    VL53L8CX_GetPowerMode                    0x0800279f   Thumb Code    42  vl53l8cx.o(i.VL53L8CX_GetPowerMode)
    VL53L8CX_Init                            0x080027c9   Thumb Code    68  vl53l8cx.o(i.VL53L8CX_Init)
    VL53L8CX_ReadID                          0x080028c9   Thumb Code   108  vl53l8cx.o(i.VL53L8CX_ReadID)
    VL53L8CX_RegisterBusIO                   0x08002935   Thumb Code    60  vl53l8cx.o(i.VL53L8CX_RegisterBusIO)
    VL53L8CX_SetAddress                      0x08002971   Thumb Code    40  vl53l8cx.o(i.VL53L8CX_SetAddress)
    VL53L8CX_SetPowerMode                    0x08002999   Thumb Code    36  vl53l8cx.o(i.VL53L8CX_SetPowerMode)
    VL53L8CX_Start                           0x080029bd   Thumb Code    94  vl53l8cx.o(i.VL53L8CX_Start)
    VL53L8CX_Stop                            0x08002a1b   Thumb Code    44  vl53l8cx.o(i.VL53L8CX_Stop)
    WaitMs                                   0x08002a47   Thumb Code    26  platform.o(i.WaitMs)
    WrByte                                   0x08002a61   Thumb Code    18  platform.o(i.WrByte)
    WrMulti                                  0x08002a73   Thumb Code    16  platform.o(i.WrMulti)
    __0printf$6                              0x08002a85   Thumb Code    22  printf6.o(i.__0printf$6)
    __1printf$6                              0x08002a85   Thumb Code     0  printf6.o(i.__0printf$6)
    __2printf                                0x08002a85   Thumb Code     0  printf6.o(i.__0printf$6)
    __scatterload_copy                       0x08002ac5   Thumb Code    14  handlers.o(i.__scatterload_copy)
    __scatterload_null                       0x08002ad3   Thumb Code     2  handlers.o(i.__scatterload_null)
    __scatterload_zeroinit                   0x08002ad5   Thumb Code    14  handlers.o(i.__scatterload_zeroinit)
    fputc                                    0x08003219   Thumb Code    32  stm32f4xx_nucleo.o(i.fputc)
    main                                     0x080032b9   Thumb Code    26  main.o(i.main)
    vl53l8cx_check_data_ready                0x08003555   Thumb Code    88  vl53l8cx_api.o(i.vl53l8cx_check_data_ready)
    vl53l8cx_dci_read_data                   0x080035ad   Thumb Code   168  vl53l8cx_api.o(i.vl53l8cx_dci_read_data)
    vl53l8cx_dci_replace_data                0x08003661   Thumb Code    54  vl53l8cx_api.o(i.vl53l8cx_dci_replace_data)
    vl53l8cx_dci_write_data                  0x08003699   Thumb Code   194  vl53l8cx_api.o(i.vl53l8cx_dci_write_data)
    vl53l8cx_get_power_mode                  0x08003765   Thumb Code    70  vl53l8cx_api.o(i.vl53l8cx_get_power_mode)
    vl53l8cx_get_ranging_data                0x080037ad   Thumb Code   394  vl53l8cx_api.o(i.vl53l8cx_get_ranging_data)
    vl53l8cx_get_resolution                  0x08003937   Thumb Code    36  vl53l8cx_api.o(i.vl53l8cx_get_resolution)
    vl53l8cx_init                            0x08003a45   Thumb Code  1352  vl53l8cx_api.o(i.vl53l8cx_init)
    vl53l8cx_set_detection_thresholds        0x08003fdd   Thumb Code   220  vl53l8cx_plugin_detection_thresholds.o(i.vl53l8cx_set_detection_thresholds)
    vl53l8cx_set_detection_thresholds_enable 0x080040c1   Thumb Code   100  vl53l8cx_plugin_detection_thresholds.o(i.vl53l8cx_set_detection_thresholds_enable)
    vl53l8cx_set_i2c_address                 0x08004129   Thumb Code    54  vl53l8cx_api.o(i.vl53l8cx_set_i2c_address)
    vl53l8cx_set_integration_time_ms         0x0800415f   Thumb Code    54  vl53l8cx_api.o(i.vl53l8cx_set_integration_time_ms)
    vl53l8cx_set_power_mode                  0x08004195   Thumb Code   142  vl53l8cx_api.o(i.vl53l8cx_set_power_mode)
    vl53l8cx_set_ranging_frequency_hz        0x08004223   Thumb Code    32  vl53l8cx_api.o(i.vl53l8cx_set_ranging_frequency_hz)
    vl53l8cx_set_ranging_mode                0x08004243   Thumb Code   106  vl53l8cx_api.o(i.vl53l8cx_set_ranging_mode)
    vl53l8cx_set_resolution                  0x080042ad   Thumb Code   252  vl53l8cx_api.o(i.vl53l8cx_set_resolution)
    vl53l8cx_start_ranging                   0x080043a9   Thumb Code   370  vl53l8cx_api.o(i.vl53l8cx_start_ranging)
    vl53l8cx_stop_ranging                    0x08004525   Thumb Code   256  vl53l8cx_api.o(i.vl53l8cx_stop_ranging)
    VL53L8CX_FIRMWARE                        0x08004638   Data       86016  vl53l8cx_api.o(.constdata)
    VL53L8CX_DEFAULT_CONFIGURATION           0x08019638   Data         972  vl53l8cx_api.o(.constdata)
    VL53L8CX_DEFAULT_XTALK                   0x08019a04   Data         776  vl53l8cx_api.o(.constdata)
    VL53L8CX_GET_NVM_CMD                     0x08019d0c   Data          40  vl53l8cx_api.o(.constdata)
    AHBPrescTable                            0x08019d74   Data          16  system_stm32f4xx.o(.constdata)
    APBPrescTable                            0x08019d84   Data           8  system_stm32f4xx.o(.constdata)
    Region$$Table$$Base                      0x08019df4   Number         0  anon$$obj.o(Region$$Table)
    Region$$Table$$Limit                     0x08019e14   Number         0  anon$$obj.o(Region$$Table)
    ToF_EventDetected                        0x20000008   Data           1  app_tof.o(.data)
    COM_USART                                0x20000018   Data           4  stm32f4xx_nucleo.o(.data)
    hpb_exti                                 0x2000001c   Data           8  stm32f4xx_nucleo.o(.data)
    VL53L8CX_RANGING_SENSOR_Driver           0x20000024   Data          56  vl53l8cx.o(.data)
    uwTickFreq                               0x20000060   Data           1  stm32f4xx_hal.o(.data)
    uwTickPrio                               0x20000064   Data           4  stm32f4xx_hal.o(.data)
    uwTick                                   0x20000068   Data           4  stm32f4xx_hal.o(.data)
    SystemCoreClock                          0x2000006c   Data           4  system_stm32f4xx.o(.data)
    __stdout                                 0x20000070   Data           4  stdout.o(.data)
    hrtc                                     0x20000074   Data          32  main.o(.bss)
    hi2c1                                    0x200005bc   Data          84  stm32f4xx_nucleo_bus.o(.bss)
    hcom_uart                                0x20000610   Data          68  stm32f4xx_nucleo.o(.bss)
    VL53L8A1_RANGING_SENSOR_CompObj          0x20000d24   Data          12  53l8a1_ranging_sensor.o(.bss)
    __initial_sp                             0x20003140   Data           0  startup_stm32f401xe.o(STACK)



==============================================================================

Memory Map of the image

  Image Entry point : 0x08000195

  Load Region LR_IROM1 (Base: 0x08000000, Size: 0x00019e88, Max: 0x00080000, ABSOLUTE)

    Execution Region ER_IROM1 (Exec base: 0x08000000, Load base: 0x08000000, Size: 0x00019e14, Max: 0x00080000, ABSOLUTE)

    Exec Addr    Load Addr    Size         Type   Attr      Idx    E Section Name        Object

    0x08000000   0x08000000   0x00000194   Data   RO            3    RESET               startup_stm32f401xe.o
    0x08000194   0x08000194   0x00000000   Code   RO         3692  * .ARM.Collect$$$$00000000  mc_w.l(entry.o)
    0x08000194   0x08000194   0x00000004   Code   RO         3964    .ARM.Collect$$$$00000001  mc_w.l(entry2.o)
    0x08000198   0x08000198   0x00000004   Code   RO         3967    .ARM.Collect$$$$00000004  mc_w.l(entry5.o)
    0x0800019c   0x0800019c   0x00000000   Code   RO         3969    .ARM.Collect$$$$00000008  mc_w.l(entry7b.o)
    0x0800019c   0x0800019c   0x00000000   Code   RO         3971    .ARM.Collect$$$$0000000A  mc_w.l(entry8b.o)
    0x0800019c   0x0800019c   0x00000008   Code   RO         3972    .ARM.Collect$$$$0000000B  mc_w.l(entry9a.o)
    0x080001a4   0x080001a4   0x00000004   Code   RO         3979    .ARM.Collect$$$$0000000E  mc_w.l(entry12b.o)
    0x080001a8   0x080001a8   0x00000000   Code   RO         3974    .ARM.Collect$$$$0000000F  mc_w.l(entry10a.o)
    0x080001a8   0x080001a8   0x00000000   Code   RO         3976    .ARM.Collect$$$$00000011  mc_w.l(entry11a.o)
    0x080001a8   0x080001a8   0x00000004   Code   RO         3965    .ARM.Collect$$$$00002712  mc_w.l(entry2.o)
    0x080001ac   0x080001ac   0x00000024   Code   RO            4    .text               startup_stm32f401xe.o
    0x080001d0   0x080001d0   0x00000062   Code   RO         3695    .text               mc_w.l(uldiv.o)
    0x08000232   0x08000232   0x00000024   Code   RO         3697    .text               mc_w.l(memcpya.o)
    0x08000256   0x08000256   0x00000024   Code   RO         3699    .text               mc_w.l(memseta.o)
    0x0800027a   0x0800027a   0x0000002c   Code   RO         3981    .text               mc_w.l(uidiv.o)
    0x080002a6   0x080002a6   0x0000001e   Code   RO         3983    .text               mc_w.l(llshl.o)
    0x080002c4   0x080002c4   0x00000020   Code   RO         3985    .text               mc_w.l(llushr.o)
    0x080002e4   0x080002e4   0x00000024   Code   RO         3998    .text               mc_w.l(init.o)
    0x08000308   0x08000308   0x00000040   Code   RO          411    i.BSP_COM_Init      stm32f4xx_nucleo.o
    0x08000348   0x08000348   0x00000004   Code   RO          314    i.BSP_GetTick       stm32f4xx_nucleo_bus.o
    0x0800034c   0x0800034c   0x0000004c   Code   RO          315    i.BSP_I2C1_DeInit   stm32f4xx_nucleo_bus.o
    0x08000398   0x08000398   0x00000040   Code   RO          316    i.BSP_I2C1_Init     stm32f4xx_nucleo_bus.o
    0x080003d8   0x080003d8   0x00000038   Code   RO          319    i.BSP_I2C1_ReadReg16  stm32f4xx_nucleo_bus.o
    0x08000410   0x08000410   0x00000034   Code   RO          323    i.BSP_I2C1_WriteReg16  stm32f4xx_nucleo_bus.o
    0x08000444   0x08000444   0x0000000c   Code   RO          210    i.BSP_PB_Callback   app_tof.o
    0x08000450   0x08000450   0x0000006c   Code   RO          418    i.BSP_PB_Init       stm32f4xx_nucleo.o
    0x080004bc   0x080004bc   0x0000000a   Code   RO          419    i.BUTTON_USER_EXTI_Callback  stm32f4xx_nucleo.o
    0x080004c6   0x080004c6   0x00000002   PAD
    0x080004c8   0x080004c8   0x00000054   Code   RO          420    i.BUTTON_USER_GPIO_Init  stm32f4xx_nucleo.o
    0x0800051c   0x0800051c   0x00000002   Code   RO          517    i.BusFault_Handler  stm32f4xx_it.o
    0x0800051e   0x0800051e   0x00000002   Code   RO          518    i.DebugMon_Handler  stm32f4xx_it.o
    0x08000520   0x08000520   0x0000000c   Code   RO          519    i.EXTI15_10_IRQHandler  stm32f4xx_it.o
    0x0800052c   0x0800052c   0x00000006   Code   RO          520    i.EXTI4_IRQHandler  stm32f4xx_it.o
    0x08000532   0x08000532   0x00000004   Code   RO           13    i.Error_Handler     main.o
    0x08000536   0x08000536   0x00000002   PAD
    0x08000538   0x08000538   0x00000024   Code   RO         2624    i.HAL_Delay         stm32f4xx_hal.o
    0x0800055c   0x0800055c   0x0000000c   Code   RO         2807    i.HAL_EXTI_GetHandle  stm32f4xx_hal_exti.o
    0x08000568   0x08000568   0x00000024   Code   RO         2809    i.HAL_EXTI_IRQHandler  stm32f4xx_hal_exti.o
    0x0800058c   0x0800058c   0x0000000e   Code   RO         2810    i.HAL_EXTI_RegisterCallback  stm32f4xx_hal_exti.o
    0x0800059a   0x0800059a   0x00000002   PAD
    0x0800059c   0x0800059c   0x0000012c   Code   RO         2071    i.HAL_GPIO_DeInit   stm32f4xx_hal_gpio.o
    0x080006c8   0x080006c8   0x00000010   Code   RO          182    i.HAL_GPIO_EXTI_Callback  app_tof_pin_conf.o
    0x080006d8   0x080006d8   0x00000018   Code   RO         2073    i.HAL_GPIO_EXTI_IRQHandler  stm32f4xx_hal_gpio.o
    0x080006f0   0x080006f0   0x000001e0   Code   RO         2074    i.HAL_GPIO_Init     stm32f4xx_hal_gpio.o
    0x080008d0   0x080008d0   0x0000000a   Code   RO         2078    i.HAL_GPIO_WritePin  stm32f4xx_hal_gpio.o
    0x080008da   0x080008da   0x00000002   PAD
    0x080008dc   0x080008dc   0x0000000c   Code   RO         2630    i.HAL_GetTick       stm32f4xx_hal.o
    0x080008e8   0x080008e8   0x00000032   Code   RO         1235    i.HAL_I2C_DeInit    stm32f4xx_hal_i2c.o
    0x0800091a   0x0800091a   0x00000004   Code   RO         1241    i.HAL_I2C_GetError  stm32f4xx_hal_i2c.o
    0x0800091e   0x0800091e   0x00000006   Code   RO         1243    i.HAL_I2C_GetState  stm32f4xx_hal_i2c.o
    0x08000924   0x08000924   0x00000188   Code   RO         1244    i.HAL_I2C_Init      stm32f4xx_hal_i2c.o
    0x08000aac   0x08000aac   0x000001f8   Code   RO         1262    i.HAL_I2C_Mem_Read  stm32f4xx_hal_i2c.o
    0x08000ca4   0x08000ca4   0x00000130   Code   RO         1265    i.HAL_I2C_Mem_Write  stm32f4xx_hal_i2c.o
    0x08000dd4   0x08000dd4   0x00000002   Code   RO         1268    i.HAL_I2C_MspDeInit  stm32f4xx_hal_i2c.o
    0x08000dd6   0x08000dd6   0x00000002   Code   RO         1269    i.HAL_I2C_MspInit   stm32f4xx_hal_i2c.o
    0x08000dd8   0x08000dd8   0x00000010   Code   RO         2636    i.HAL_IncTick       stm32f4xx_hal.o
    0x08000de8   0x08000de8   0x00000034   Code   RO         2637    i.HAL_Init          stm32f4xx_hal.o
    0x08000e1c   0x08000e1c   0x00000040   Code   RO         2638    i.HAL_InitTick      stm32f4xx_hal.o
    0x08000e5c   0x08000e5c   0x00000034   Code   RO          604    i.HAL_MspInit       stm32f4xx_hal_msp.o
    0x08000e90   0x08000e90   0x0000001a   Code   RO         2487    i.HAL_NVIC_EnableIRQ  stm32f4xx_hal_cortex.o
    0x08000eaa   0x08000eaa   0x00000002   PAD
    0x08000eac   0x08000eac   0x00000040   Code   RO         2493    i.HAL_NVIC_SetPriority  stm32f4xx_hal_cortex.o
    0x08000eec   0x08000eec   0x00000024   Code   RO         2494    i.HAL_NVIC_SetPriorityGrouping  stm32f4xx_hal_cortex.o
    0x08000f10   0x08000f10   0x00000150   Code   RO         1801    i.HAL_RCCEx_PeriphCLKConfig  stm32f4xx_hal_rcc_ex.o
    0x08001060   0x08001060   0x00000134   Code   RO         1696    i.HAL_RCC_ClockConfig  stm32f4xx_hal_rcc.o
    0x08001194   0x08001194   0x00000020   Code   RO         1703    i.HAL_RCC_GetPCLK1Freq  stm32f4xx_hal_rcc.o
    0x080011b4   0x080011b4   0x00000020   Code   RO         1704    i.HAL_RCC_GetPCLK2Freq  stm32f4xx_hal_rcc.o
    0x080011d4   0x080011d4   0x00000060   Code   RO         1705    i.HAL_RCC_GetSysClockFreq  stm32f4xx_hal_rcc.o
    0x08001234   0x08001234   0x0000036c   Code   RO         1708    i.HAL_RCC_OscConfig  stm32f4xx_hal_rcc.o
    0x080015a0   0x080015a0   0x0000008c   Code   RO         3245    i.HAL_RTC_Init      stm32f4xx_hal_rtc.o
    0x0800162c   0x0800162c   0x0000003c   Code   RO          606    i.HAL_RTC_MspInit   stm32f4xx_hal_msp.o
    0x08001668   0x08001668   0x00000098   Code   RO         3251    i.HAL_RTC_SetDate   stm32f4xx_hal_rtc.o
    0x08001700   0x08001700   0x000000c0   Code   RO         3252    i.HAL_RTC_SetTime   stm32f4xx_hal_rtc.o
    0x080017c0   0x080017c0   0x00000036   Code   RO         3253    i.HAL_RTC_WaitForSynchro  stm32f4xx_hal_rtc.o
    0x080017f6   0x080017f6   0x00000028   Code   RO         2498    i.HAL_SYSTICK_Config  stm32f4xx_hal_cortex.o
    0x0800181e   0x0800181e   0x00000062   Code   RO         2904    i.HAL_UART_Init     stm32f4xx_hal_uart.o
    0x08001880   0x08001880   0x00000002   Code   RO         2906    i.HAL_UART_MspInit  stm32f4xx_hal_uart.o
    0x08001882   0x08001882   0x00000002   PAD
    0x08001884   0x08001884   0x000000c0   Code   RO         2907    i.HAL_UART_Receive  stm32f4xx_hal_uart.o
    0x08001944   0x08001944   0x000000b2   Code   RO         2912    i.HAL_UART_Transmit  stm32f4xx_hal_uart.o
    0x080019f6   0x080019f6   0x00000002   Code   RO          521    i.HardFault_Handler  stm32f4xx_it.o
    0x080019f8   0x080019f8   0x00000064   Code   RO          324    i.I2C1_MspInit      stm32f4xx_nucleo_bus.o
    0x08001a5c   0x08001a5c   0x0000002e   Code   RO         1286    i.I2C_IsAcknowledgeFailed  stm32f4xx_hal_i2c.o
    0x08001a8a   0x08001a8a   0x00000002   PAD
    0x08001a8c   0x08001a8c   0x000000fc   Code   RO         1296    i.I2C_RequestMemoryRead  stm32f4xx_hal_i2c.o
    0x08001b88   0x08001b88   0x000000a8   Code   RO         1297    i.I2C_RequestMemoryWrite  stm32f4xx_hal_i2c.o
    0x08001c30   0x08001c30   0x0000004c   Code   RO         1301    i.I2C_WaitOnBTFFlagUntilTimeout  stm32f4xx_hal_i2c.o
    0x08001c7c   0x08001c7c   0x00000068   Code   RO         1302    i.I2C_WaitOnFlagUntilTimeout  stm32f4xx_hal_i2c.o
    0x08001ce4   0x08001ce4   0x00000096   Code   RO         1303    i.I2C_WaitOnMasterAddressFlagUntilTimeout  stm32f4xx_hal_i2c.o
    0x08001d7a   0x08001d7a   0x00000066   Code   RO         1304    i.I2C_WaitOnRXNEFlagUntilTimeout  stm32f4xx_hal_i2c.o
    0x08001de0   0x08001de0   0x0000004c   Code   RO         1305    i.I2C_WaitOnTXEFlagUntilTimeout  stm32f4xx_hal_i2c.o
    0x08001e2c   0x08001e2c   0x000000c0   Code   RO          211    i.MX_53L8A1_SimpleRanging_Process  app_tof.o
    0x08001eec   0x08001eec   0x000000e8   Code   RO           14    i.MX_GPIO_Init      main.o
    0x08001fd4   0x08001fd4   0x00000034   Code   RO          325    i.MX_I2C1_Init      stm32f4xx_nucleo_bus.o
    0x08002008   0x08002008   0x00000080   Code   RO           15    i.MX_RTC_Init       main.o
    0x08002088   0x08002088   0x00000060   Code   RO          212    i.MX_TOF_Init       app_tof.o
    0x080020e8   0x080020e8   0x00000004   Code   RO          213    i.MX_TOF_Process    app_tof.o
    0x080020ec   0x080020ec   0x0000002c   Code   RO          421    i.MX_USART2_UART_Init  stm32f4xx_nucleo.o
    0x08002118   0x08002118   0x00000002   Code   RO          522    i.MemManage_Handler  stm32f4xx_it.o
    0x0800211a   0x0800211a   0x00000002   Code   RO          523    i.NMI_Handler       stm32f4xx_it.o
    0x0800211c   0x0800211c   0x00000002   Code   RO          524    i.PendSV_Handler    stm32f4xx_it.o
    0x0800211e   0x0800211e   0x00000018   Code   RO         3255    i.RTC_ByteToBcd2    stm32f4xx_hal_rtc.o
    0x08002136   0x08002136   0x00000002   PAD
    0x08002138   0x08002138   0x00000048   Code   RO         3256    i.RTC_EnterInitMode  stm32f4xx_hal_rtc.o
    0x08002180   0x08002180   0x0000002a   Code   RO         3257    i.RTC_ExitInitMode  stm32f4xx_hal_rtc.o
    0x080021aa   0x080021aa   0x00000010   Code   RO          949    i.RdByte            platform.o
    0x080021ba   0x080021ba   0x00000010   Code   RO          950    i.RdMulti           platform.o
    0x080021ca   0x080021ca   0x00000002   Code   RO          525    i.SVC_Handler       stm32f4xx_it.o
    0x080021cc   0x080021cc   0x00000022   Code   RO          951    i.SwapBuffer        platform.o
    0x080021ee   0x080021ee   0x00000004   Code   RO          526    i.SysTick_Handler   stm32f4xx_it.o
    0x080021f2   0x080021f2   0x00000002   PAD
    0x080021f4   0x080021f4   0x0000009c   Code   RO           16    i.SystemClock_Config  main.o
    0x08002290   0x08002290   0x00000010   Code   RO         3658    i.SystemInit        system_stm32f4xx.o
    0x080022a0   0x080022a0   0x0000010c   Code   RO         2930    i.UART_SetConfig    stm32f4xx_hal_uart.o
    0x080023ac   0x080023ac   0x00000078   Code   RO         2933    i.UART_WaitOnFlagUntilTimeout  stm32f4xx_hal_uart.o
    0x08002424   0x08002424   0x00000068   Code   RO          422    i.USART2_MspInit    stm32f4xx_nucleo.o
    0x0800248c   0x0800248c   0x00000002   Code   RO          527    i.UsageFault_Handler  stm32f4xx_it.o
    0x0800248e   0x0800248e   0x00000002   PAD
    0x08002490   0x08002490   0x00000030   Code   RO         1114    i.VL53L8A1_RANGING_SENSOR_ConfigProfile  53l8a1_ranging_sensor.o
    0x080024c0   0x080024c0   0x00000030   Code   RO         1118    i.VL53L8A1_RANGING_SENSOR_GetCapabilities  53l8a1_ranging_sensor.o
    0x080024f0   0x080024f0   0x00000030   Code   RO         1119    i.VL53L8A1_RANGING_SENSOR_GetDistance  53l8a1_ranging_sensor.o
    0x08002520   0x08002520   0x0000000e   Code   RO         1121    i.VL53L8A1_RANGING_SENSOR_Init  53l8a1_ranging_sensor.o
    0x0800252e   0x0800252e   0x00000002   PAD
    0x08002530   0x08002530   0x00000030   Code   RO         1122    i.VL53L8A1_RANGING_SENSOR_ReadID  53l8a1_ranging_sensor.o
    0x08002560   0x08002560   0x00000030   Code   RO         1125    i.VL53L8A1_RANGING_SENSOR_Start  53l8a1_ranging_sensor.o
    0x08002590   0x08002590   0x00000030   Code   RO         1126    i.VL53L8A1_RANGING_SENSOR_Stop  53l8a1_ranging_sensor.o
    0x080025c0   0x080025c0   0x000000ac   Code   RO          991    i.VL53L8CX_ConfigIT  vl53l8cx.o
    0x0800266c   0x0800266c   0x00000090   Code   RO          992    i.VL53L8CX_ConfigProfile  vl53l8cx.o
    0x080026fc   0x080026fc   0x00000006   Code   RO          993    i.VL53L8CX_ConfigROI  vl53l8cx.o
    0x08002702   0x08002702   0x0000002c   Code   RO          994    i.VL53L8CX_DeInit   vl53l8cx.o
    0x0800272e   0x0800272e   0x00000012   Code   RO          995    i.VL53L8CX_GetAddress  vl53l8cx.o
    0x08002740   0x08002740   0x0000001c   Code   RO          996    i.VL53L8CX_GetCapabilities  vl53l8cx.o
    0x0800275c   0x0800275c   0x00000042   Code   RO          997    i.VL53L8CX_GetDistance  vl53l8cx.o
    0x0800279e   0x0800279e   0x0000002a   Code   RO          998    i.VL53L8CX_GetPowerMode  vl53l8cx.o
    0x080027c8   0x080027c8   0x00000044   Code   RO          999    i.VL53L8CX_Init     vl53l8cx.o
    0x0800280c   0x0800280c   0x000000bc   Code   RO         1128    i.VL53L8CX_Probe    53l8a1_ranging_sensor.o
    0x080028c8   0x080028c8   0x0000006c   Code   RO         1000    i.VL53L8CX_ReadID   vl53l8cx.o
    0x08002934   0x08002934   0x0000003c   Code   RO         1001    i.VL53L8CX_RegisterBusIO  vl53l8cx.o
    0x08002970   0x08002970   0x00000028   Code   RO         1002    i.VL53L8CX_SetAddress  vl53l8cx.o
    0x08002998   0x08002998   0x00000024   Code   RO         1003    i.VL53L8CX_SetPowerMode  vl53l8cx.o
    0x080029bc   0x080029bc   0x0000005e   Code   RO         1004    i.VL53L8CX_Start    vl53l8cx.o
    0x08002a1a   0x08002a1a   0x0000002c   Code   RO         1005    i.VL53L8CX_Stop     vl53l8cx.o
    0x08002a46   0x08002a46   0x0000001a   Code   RO          952    i.WaitMs            platform.o
    0x08002a60   0x08002a60   0x00000012   Code   RO          953    i.WrByte            platform.o
    0x08002a72   0x08002a72   0x00000010   Code   RO          954    i.WrMulti           platform.o
    0x08002a82   0x08002a82   0x00000002   PAD
    0x08002a84   0x08002a84   0x00000020   Code   RO         3858    i.__0printf$6       mc_w.l(printf6.o)
    0x08002aa4   0x08002aa4   0x00000020   Code   RO         2500    i.__NVIC_SetPriority  stm32f4xx_hal_cortex.o
    0x08002ac4   0x08002ac4   0x0000000e   Code   RO         4006    i.__scatterload_copy  mc_w.l(handlers.o)
    0x08002ad2   0x08002ad2   0x00000002   Code   RO         4007    i.__scatterload_null  mc_w.l(handlers.o)
    0x08002ad4   0x08002ad4   0x0000000e   Code   RO         4008    i.__scatterload_zeroinit  mc_w.l(handlers.o)
    0x08002ae2   0x08002ae2   0x00000002   PAD
    0x08002ae4   0x08002ae4   0x000002f0   Code   RO         3865    i._printf_core      mc_w.l(printf6.o)
    0x08002dd4   0x08002dd4   0x00000024   Code   RO         3866    i._printf_post_padding  mc_w.l(printf6.o)
    0x08002df8   0x08002df8   0x0000002e   Code   RO         3867    i._printf_pre_padding  mc_w.l(printf6.o)
    0x08002e26   0x08002e26   0x0000006a   Code   RO          637    i._vl53l8cx_poll_for_answer  vl53l8cx_api.o
    0x08002e90   0x08002e90   0x00000154   Code   RO          638    i._vl53l8cx_send_offset_data  vl53l8cx_api.o
    0x08002fe4   0x08002fe4   0x00000108   Code   RO          639    i._vl53l8cx_send_xtalk_data  vl53l8cx_api.o
    0x080030ec   0x080030ec   0x00000010   Code   RO          214    i.clear_screen      app_tof.o
    0x080030fc   0x080030fc   0x0000011c   Code   RO          215    i.display_commands_banner  app_tof.o
    0x08003218   0x08003218   0x00000028   Code   RO          423    i.fputc             stm32f4xx_nucleo.o
    0x08003240   0x08003240   0x00000078   Code   RO          216    i.handle_cmd        app_tof.o
    0x080032b8   0x080032b8   0x0000001a   Code   RO           17    i.main              main.o
    0x080032d2   0x080032d2   0x00000002   PAD
    0x080032d4   0x080032d4   0x00000280   Code   RO          217    i.print_result      app_tof.o
    0x08003554   0x08003554   0x00000058   Code   RO          640    i.vl53l8cx_check_data_ready  vl53l8cx_api.o
    0x080035ac   0x080035ac   0x000000b4   Code   RO          641    i.vl53l8cx_dci_read_data  vl53l8cx_api.o
    0x08003660   0x08003660   0x00000036   Code   RO          642    i.vl53l8cx_dci_replace_data  vl53l8cx_api.o
    0x08003696   0x08003696   0x00000002   PAD
    0x08003698   0x08003698   0x000000cc   Code   RO          643    i.vl53l8cx_dci_write_data  vl53l8cx_api.o
    0x08003764   0x08003764   0x00000046   Code   RO          646    i.vl53l8cx_get_power_mode  vl53l8cx_api.o
    0x080037aa   0x080037aa   0x00000002   PAD
    0x080037ac   0x080037ac   0x0000018a   Code   RO          647    i.vl53l8cx_get_ranging_data  vl53l8cx_api.o
    0x08003936   0x08003936   0x00000024   Code   RO          650    i.vl53l8cx_get_resolution  vl53l8cx_api.o
    0x0800395a   0x0800395a   0x00000002   PAD
    0x0800395c   0x0800395c   0x000000e8   Code   RO         1007    i.vl53l8cx_get_result  vl53l8cx.o
    0x08003a44   0x08003a44   0x00000550   Code   RO          653    i.vl53l8cx_init     vl53l8cx_api.o
    0x08003f94   0x08003f94   0x00000048   Code   RO         1008    i.vl53l8cx_poll_for_measurement  vl53l8cx.o
    0x08003fdc   0x08003fdc   0x000000e4   Code   RO          829    i.vl53l8cx_set_detection_thresholds  vl53l8cx_plugin_detection_thresholds.o
    0x080040c0   0x080040c0   0x00000068   Code   RO          831    i.vl53l8cx_set_detection_thresholds_enable  vl53l8cx_plugin_detection_thresholds.o
    0x08004128   0x08004128   0x00000036   Code   RO          656    i.vl53l8cx_set_i2c_address  vl53l8cx_api.o
    0x0800415e   0x0800415e   0x00000036   Code   RO          657    i.vl53l8cx_set_integration_time_ms  vl53l8cx_api.o
    0x08004194   0x08004194   0x0000008e   Code   RO          658    i.vl53l8cx_set_power_mode  vl53l8cx_api.o
    0x08004222   0x08004222   0x00000020   Code   RO          659    i.vl53l8cx_set_ranging_frequency_hz  vl53l8cx_api.o
    0x08004242   0x08004242   0x0000006a   Code   RO          660    i.vl53l8cx_set_ranging_mode  vl53l8cx_api.o
    0x080042ac   0x080042ac   0x000000fc   Code   RO          661    i.vl53l8cx_set_resolution  vl53l8cx_api.o
    0x080043a8   0x080043a8   0x0000017c   Code   RO          664    i.vl53l8cx_start_ranging  vl53l8cx_api.o
    0x08004524   0x08004524   0x00000100   Code   RO          665    i.vl53l8cx_stop_ranging  vl53l8cx_api.o
    0x08004624   0x08004624   0x00000014   Data   RO          425    .constdata          stm32f4xx_nucleo.o
    0x08004638   0x08004638   0x0001573c   Data   RO          666    .constdata          vl53l8cx_api.o
    0x08019d74   0x08019d74   0x00000010   Data   RO         3659    .constdata          system_stm32f4xx.o
    0x08019d84   0x08019d84   0x00000008   Data   RO         3660    .constdata          system_stm32f4xx.o
    0x08019d8c   0x08019d8c   0x00000065   Data   RO          219    .conststring        app_tof.o
    0x08019df1   0x08019df1   0x00000003   PAD
    0x08019df4   0x08019df4   0x00000020   Data   RO         4004    Region$$Table       anon$$obj.o


    Execution Region RW_IRAM1 (Exec base: 0x20000000, Load base: 0x08019e14, Size: 0x00003140, Max: 0x00018000, ABSOLUTE)

    Exec Addr    Load Addr    Size         Type   Attr      Idx    E Section Name        Object

    0x20000000   0x08019e14   0x00000008   Data   RW          220    .data               app_tof.o
    0x20000008   0x08019e1c   0x00000001   Data   RW          221    .data               app_tof.o
    0x20000009   0x08019e1d   0x00000003   PAD
    0x2000000c   0x08019e20   0x00000004   Data   RW          327    .data               stm32f4xx_nucleo_bus.o
    0x20000010   0x08019e24   0x00000014   Data   RW          426    .data               stm32f4xx_nucleo.o
    0x20000024   0x08019e38   0x00000038   Data   RW         1010    .data               vl53l8cx.o
    0x2000005c   0x08019e70   0x00000004   Data   RW         1130    .data               53l8a1_ranging_sensor.o
    0x20000060   0x08019e74   0x0000000c   Data   RW         2644    .data               stm32f4xx_hal.o
    0x2000006c   0x08019e80   0x00000004   Data   RW         3661    .data               system_stm32f4xx.o
    0x20000070   0x08019e84   0x00000004   Data   RW         3980    .data               mc_w.l(stdout.o)
    0x20000074        -       0x00000020   Zero   RW           18    .bss                main.o
    0x20000094        -       0x00000528   Zero   RW          218    .bss                app_tof.o
    0x200005bc        -       0x00000054   Zero   RW          326    .bss                stm32f4xx_nucleo_bus.o
    0x20000610        -       0x00000044   Zero   RW          424    .bss                stm32f4xx_nucleo.o
    0x20000654        -       0x000006d0   Zero   RW         1009    .bss                vl53l8cx.o
    0x20000d24        -       0x00001c18   Zero   RW         1129    .bss                53l8a1_ranging_sensor.o
    0x2000293c   0x08019e88   0x00000004   PAD
    0x20002940        -       0x00000800   Zero   RW            1    STACK               startup_stm32f401xe.o


==============================================================================

Image component sizes


      Code (inc. data)   RO Data    RW Data    ZI Data      Debug   Object Name

       490         86          0          4       7192      10249   53l8a1_ranging_sensor.o
      1364        614        101          9       1320      25619   app_tof.o
        16          4          0          0          0        593   app_tof_pin_conf.o
       546         32          0          0         32     415220   main.o
       126          0          0          0          0       5148   platform.o
        36          8        404          0       2048        896   startup_stm32f401xe.o
       180         28          0         12          0       9981   stm32f4xx_hal.o
       198         14          0          0          0      34555   stm32f4xx_hal_cortex.o
        62          6          0          0          0       2879   stm32f4xx_hal_exti.o
       814         68          0          0          0       4185   stm32f4xx_hal_gpio.o
      2238         52          0          0          0      17459   stm32f4xx_hal_i2c.o
       112         12          0          0          0       1660   stm32f4xx_hal_msp.o
      1344         72          0          0          0       5800   stm32f4xx_hal_rcc.o
       336         26          0          0          0       1600   stm32f4xx_hal_rcc_ex.o
       676         16          0          0          0       6827   stm32f4xx_hal_rtc.o
       858         10          0          0          0       6634   stm32f4xx_hal_uart.o
        38          6          0          0          0       5680   stm32f4xx_it.o
       454         50         20         20         68       8638   stm32f4xx_nucleo.o
       404         56          0          4         84       5618   stm32f4xx_nucleo_bus.o
        16          4         24          4          0       1303   system_stm32f4xx.o
      1274         14          0         56       1744      19611   vl53l8cx.o
      4372        100      87868          0          0      21761   vl53l8cx_api.o
       332         12          0          0          0       2747   vl53l8cx_plugin_detection_thresholds.o

    ----------------------------------------------------------------------
     16318       1290      88452        112      12492     614663   Object Totals
         0          0         32          0          0          0   (incl. Generated)
        32          0          3          3          4          0   (incl. Padding)

    ----------------------------------------------------------------------

      Code (inc. data)   RO Data    RW Data    ZI Data      Debug   Library Member Name

         0          0          0          0          0          0   entry.o
         0          0          0          0          0          0   entry10a.o
         0          0          0          0          0          0   entry11a.o
         4          0          0          0          0          0   entry12b.o
         8          4          0          0          0          0   entry2.o
         4          0          0          0          0          0   entry5.o
         0          0          0          0          0          0   entry7b.o
         0          0          0          0          0          0   entry8b.o
         8          4          0          0          0          0   entry9a.o
        30          0          0          0          0          0   handlers.o
        36          8          0          0          0         68   init.o
        30          0          0          0          0         68   llshl.o
        32          0          0          0          0         68   llushr.o
        36          0          0          0          0         68   memcpya.o
        36          0          0          0          0        108   memseta.o
       866         14          0          0          0        352   printf6.o
         0          0          0          4          0          0   stdout.o
        44          0          0          0          0         80   uidiv.o
        98          0          0          0          0         92   uldiv.o

    ----------------------------------------------------------------------
      1234         30          0          4          0        904   Library Totals
         2          0          0          0          0          0   (incl. Padding)

    ----------------------------------------------------------------------

      Code (inc. data)   RO Data    RW Data    ZI Data      Debug   Library Name

      1232         30          0          4          0        904   mc_w.l

    ----------------------------------------------------------------------
      1234         30          0          4          0        904   Library Totals

    ----------------------------------------------------------------------

==============================================================================


      Code (inc. data)   RO Data    RW Data    ZI Data      Debug   

     17552       1320      88452        116      12492     601455   Grand Totals
     17552       1320      88452        116      12492     601455   ELF Image Totals
     17552       1320      88452        116          0          0   ROM Totals

==============================================================================

    Total RO  Size (Code + RO Data)               106004 ( 103.52kB)
    Total RW  Size (RW Data + ZI Data)             12608 (  12.31kB)
    Total ROM Size (Code + RO Data + RW Data)     106120 ( 103.63kB)

==============================================================================

