<html>
<body>
<pre>
<h1>µVision Build Log</h1>
<h2>Tool Versions:</h2>
IDE-Version: ¦ÌVision V5.36.0.0
Copyright (C) 2021 ARM Ltd and ARM Germany GmbH. All rights reserved.
License Information: ggg gg, g, LIC=NQQMA-1VYEM-DYWV3-ACDET-9RM7R-E4XXI
 
Tool Versions:
Toolchain:       MDK-ARM Plus  Version: 5.36.0.0
Toolchain Path:  C:\Keil_v5\ARM\ARMCLANG\Bin
C Compiler:      ArmClang.exe V6.16
Assembler:       Armasm.exe V6.16
Linker/Locator:  ArmLink.exe V6.16
Library Manager: ArmAr.exe V6.16
Hex Converter:   FromElf.exe V6.16
CPU DLL:         SARMCM3.DLL V5.36.0.0
Dialog DLL:      DCM.DLL V1.17.3.0
Target DLL:      Segger\JL2CM3.dll V2.99.40.0
Dialog DLL:      TCM.DLL V1.53.0.0
 
<h2>Project:</h2>
C:\Users\10243\Desktop\en.X-CUBE-TOF1\Projects\NUCLEO-F401RE\Examples\CUSTOM\VL53L1CB_SimpleRanging\MDK-ARM\VL53L1CB_SimpleRanging.uvprojx
Project File Date:  04/21/2023

<h2>Output:</h2>
*** Using Compiler 'V6.16', folder: 'C:\Keil_v5\ARM\ARMCLANG\Bin'
Build target 'VL53L1CB_SimpleRanging'
compiling stm32f4xx_hal_msp.c...
compiling app_tof_pin_conf.c...
compiling stm32f4xx_nucleo_bus.c...
compiling main.c...
compiling app_tof.c...
compiling stm32f4xx_nucleo.c...
compiling stm32f4xx_it.c...
compiling vl53l1_api_debug.c...
compiling vl53l1_api_calibration.c...
compiling vl53l1_api.c...
compiling vl53l1_api_core.c...
compiling vl53l1_api_strings.c...
compiling vl53l1_api_preset_modes.c...
compiling vl53l1_core.c...
compiling vl53l1_dmax.c...
compiling vl53l1_hist_char.c...
compiling vl53l1_core_support.c...
compiling vl53l1_error_strings.c...
compiling vl53l1_hist_algos_gen4.c...
compiling vl53l1_hist_algos_gen3.c...
compiling vl53l1_hist_core.c...
compiling vl53l1_hist_funcs.c...
compiling vl53l1_nvm.c...
compiling vl53l1_nvm_debug.c...
compiling vl53l1_sigma_estimate.c...
compiling vl53l1_silicon_core.c...
compiling vl53l1_wait.c...
compiling vl53l1_xtalk.c...
compiling vl53l1_zone_presets.c...
compiling vl53l1_register_funcs.c...
compiling vl53l1_platform_log.c...
compiling vl53l1_platform_ipp.c...
compiling vl53l1_platform.c...
compiling vl53l1cb.c...
compiling stm32f4xx_hal_i2c_ex.c...
compiling stm32f4xx_hal_rcc.c...
compiling stm32f4xx_hal_rcc_ex.c...
compiling stm32f4xx_hal_i2c.c...
compiling stm32f4xx_hal_flash.c...
compiling stm32f4xx_hal_flash_ex.c...
compiling stm32f4xx_hal_flash_ramfunc.c...
compiling stm32f4xx_hal_gpio.c...
compiling stm32f4xx_hal_dma_ex.c...
compiling stm32f4xx_hal_dma.c...
compiling stm32f4xx_hal_pwr.c...
compiling stm32f4xx_hal_pwr_ex.c...
compiling stm32f4xx_hal_cortex.c...
compiling stm32f4xx_hal.c...
compiling stm32f4xx_hal_exti.c...
compiling stm32f4xx_hal_uart.c...
compiling stm32f4xx_hal_rtc.c...
compiling stm32f4xx_hal_tim.c...
compiling stm32f4xx_hal_rtc_ex.c...
compiling stm32f4xx_hal_tim_ex.c...
compiling system_stm32f4xx.c...
linking...
Program Size: Code=92346 RO-data=658 RW-data=120 ZI-data=13664  
FromELF: creating hex file...
"VL53L1CB_SimpleRanging\VL53L1CB_SimpleRanging.axf" - 0 Error(s), 0 Warning(s).

<h2>Software Packages used:</h2>

Package Vendor: ARM
                http://www.keil.com/pack/ARM.CMSIS.5.8.0.pack
                ARM.CMSIS.5.8.0
                CMSIS (Common Microcontroller Software Interface Standard)
   * Component: CORE Version: 5.5.0

Package Vendor: Keil
                https://www.keil.com/pack/Keil.STM32F4xx_DFP.2.17.0.pack
                Keil.STM32F4xx_DFP.2.17.0
                STMicroelectronics STM32F4 Series Device Support, Drivers and Examples

<h2>Collection of Component include folders:</h2>
  .\RTE\_VL53L1CB_SimpleRanging
  C:\Users\10243\AppData\Local\Arm\Packs\ARM\CMSIS\5.8.0\CMSIS\Core\Include
  C:\Users\10243\AppData\Local\Arm\Packs\Keil\STM32F4xx_DFP\2.17.0\Drivers\CMSIS\Device\ST\STM32F4xx\Include

<h2>Collection of Component Files used:</h2>

   * Component: ARM::CMSIS:CORE:5.5.0
      Include file:  CMSIS\Core\Include\tz_context.h
Build Time Elapsed:  00:00:05
</pre>
</body>
</html>
