Component: ARM Compiler 6.16 Tool: armlink [5dfeaa00]

==============================================================================

Section Cross References

    startup_stm32f401xe.o(RESET) refers to startup_stm32f401xe.o(STACK) for __initial_sp
    startup_stm32f401xe.o(RESET) refers to startup_stm32f401xe.o(.text) for Reset_Handler
    startup_stm32f401xe.o(RESET) refers to stm32f4xx_it.o(.text.NMI_Handler) for NMI_Handler
    startup_stm32f401xe.o(RESET) refers to stm32f4xx_it.o(.text.HardFault_Handler) for HardFault_Handler
    startup_stm32f401xe.o(RESET) refers to stm32f4xx_it.o(.text.MemManage_Handler) for MemManage_Handler
    startup_stm32f401xe.o(RESET) refers to stm32f4xx_it.o(.text.BusFault_Handler) for BusFault_Handler
    startup_stm32f401xe.o(RESET) refers to stm32f4xx_it.o(.text.UsageFault_Handler) for UsageFault_Handler
    startup_stm32f401xe.o(RESET) refers to stm32f4xx_it.o(.text.SVC_Handler) for SVC_Handler
    startup_stm32f401xe.o(RESET) refers to stm32f4xx_it.o(.text.DebugMon_Handler) for DebugMon_Handler
    startup_stm32f401xe.o(RESET) refers to stm32f4xx_it.o(.text.PendSV_Handler) for PendSV_Handler
    startup_stm32f401xe.o(RESET) refers to stm32f4xx_it.o(.text.SysTick_Handler) for SysTick_Handler
    startup_stm32f401xe.o(RESET) refers to stm32f4xx_it.o(.text.EXTI4_IRQHandler) for EXTI4_IRQHandler
    startup_stm32f401xe.o(RESET) refers to stm32f4xx_it.o(.text.EXTI15_10_IRQHandler) for EXTI15_10_IRQHandler
    startup_stm32f401xe.o(.text) refers to system_stm32f4xx.o(.text.SystemInit) for SystemInit
    startup_stm32f401xe.o(.text) refers to entry.o(.ARM.Collect$$$$00000000) for __main
    main.o(.text.main) refers to stm32f4xx_hal.o(.text.HAL_Init) for HAL_Init
    main.o(.text.main) refers to main.o(.text.SystemClock_Config) for SystemClock_Config
    main.o(.text.main) refers to main.o(.text.MX_GPIO_Init) for MX_GPIO_Init
    main.o(.text.main) refers to main.o(.text.MX_RTC_Init) for MX_RTC_Init
    main.o(.text.main) refers to app_tof.o(.text.MX_TOF_Init) for MX_TOF_Init
    main.o(.text.main) refers to app_tof.o(.text.MX_TOF_Process) for MX_TOF_Process
    main.o(.ARM.exidx.text.main) refers to main.o(.text.main) for [Anonymous Symbol]
    main.o(.text.SystemClock_Config) refers to memseta.o(.text) for __aeabi_memclr4
    main.o(.text.SystemClock_Config) refers to stm32f4xx_hal_rcc.o(.text.HAL_RCC_OscConfig) for HAL_RCC_OscConfig
    main.o(.text.SystemClock_Config) refers to main.o(.text.Error_Handler) for Error_Handler
    main.o(.text.SystemClock_Config) refers to stm32f4xx_hal_rcc.o(.text.HAL_RCC_ClockConfig) for HAL_RCC_ClockConfig
    main.o(.ARM.exidx.text.SystemClock_Config) refers to main.o(.text.SystemClock_Config) for [Anonymous Symbol]
    main.o(.text.MX_GPIO_Init) refers to stm32f4xx_hal_gpio.o(.text.HAL_GPIO_WritePin) for HAL_GPIO_WritePin
    main.o(.text.MX_GPIO_Init) refers to stm32f4xx_hal_gpio.o(.text.HAL_GPIO_Init) for HAL_GPIO_Init
    main.o(.text.MX_GPIO_Init) refers to stm32f4xx_hal_cortex.o(.text.HAL_NVIC_SetPriority) for HAL_NVIC_SetPriority
    main.o(.text.MX_GPIO_Init) refers to stm32f4xx_hal_cortex.o(.text.HAL_NVIC_EnableIRQ) for HAL_NVIC_EnableIRQ
    main.o(.ARM.exidx.text.MX_GPIO_Init) refers to main.o(.text.MX_GPIO_Init) for [Anonymous Symbol]
    main.o(.text.MX_RTC_Init) refers to main.o(.bss.hrtc) for hrtc
    main.o(.text.MX_RTC_Init) refers to stm32f4xx_hal_rtc.o(.text.HAL_RTC_Init) for HAL_RTC_Init
    main.o(.text.MX_RTC_Init) refers to main.o(.text.Error_Handler) for Error_Handler
    main.o(.text.MX_RTC_Init) refers to stm32f4xx_hal_rtc.o(.text.HAL_RTC_SetTime) for HAL_RTC_SetTime
    main.o(.text.MX_RTC_Init) refers to stm32f4xx_hal_rtc.o(.text.HAL_RTC_SetDate) for HAL_RTC_SetDate
    main.o(.ARM.exidx.text.MX_RTC_Init) refers to main.o(.text.MX_RTC_Init) for [Anonymous Symbol]
    main.o(.ARM.exidx.text.Error_Handler) refers to main.o(.text.Error_Handler) for [Anonymous Symbol]
    app_tof_pin_conf.o(.text.HAL_GPIO_EXTI_Callback) refers to app_tof.o(.bss.ToF_EventDetected) for ToF_EventDetected
    app_tof_pin_conf.o(.ARM.exidx.text.HAL_GPIO_EXTI_Callback) refers to app_tof_pin_conf.o(.text.HAL_GPIO_EXTI_Callback) for [Anonymous Symbol]
    custom_ranging_sensor.o(.text.CUSTOM_RANGING_SENSOR_Init) refers to custom_ranging_sensor.o(.text.reset_device) for reset_device
    custom_ranging_sensor.o(.text.CUSTOM_RANGING_SENSOR_Init) refers to custom_ranging_sensor.o(.text.VL53L1CB_Probe) for VL53L1CB_Probe
    custom_ranging_sensor.o(.ARM.exidx.text.CUSTOM_RANGING_SENSOR_Init) refers to custom_ranging_sensor.o(.text.CUSTOM_RANGING_SENSOR_Init) for [Anonymous Symbol]
    custom_ranging_sensor.o(.text.reset_device) refers to stm32f4xx_hal_gpio.o(.text.HAL_GPIO_WritePin) for HAL_GPIO_WritePin
    custom_ranging_sensor.o(.text.reset_device) refers to stm32f4xx_hal.o(.text.HAL_Delay) for HAL_Delay
    custom_ranging_sensor.o(.ARM.exidx.text.reset_device) refers to custom_ranging_sensor.o(.text.reset_device) for [Anonymous Symbol]
[...]
    VL53L1_i2c_decode_debug_results          0x0800ecb5   Thumb Code   642  vl53l1_register_funcs.o(.text.VL53L1_i2c_decode_debug_results)
    VL53L1_i2c_decode_int16_t                0x0800ef39   Thumb Code    82  vl53l1_core.o(.text.VL53L1_i2c_decode_int16_t)
    VL53L1_i2c_decode_int32_t                0x0800ef8d   Thumb Code    72  vl53l1_core.o(.text.VL53L1_i2c_decode_int32_t)
    VL53L1_i2c_decode_nvm_copy_data          0x0800efd5   Thumb Code   554  vl53l1_register_funcs.o(.text.VL53L1_i2c_decode_nvm_copy_data)
    VL53L1_i2c_decode_static_nvm_managed     0x0800f201   Thumb Code   164  vl53l1_register_funcs.o(.text.VL53L1_i2c_decode_static_nvm_managed)
    VL53L1_i2c_decode_system_results         0x0800f2a5   Thumb Code   422  vl53l1_register_funcs.o(.text.VL53L1_i2c_decode_system_results)
    VL53L1_i2c_decode_uint16_t               0x0800f44d   Thumb Code    62  vl53l1_core.o(.text.VL53L1_i2c_decode_uint16_t)
    VL53L1_i2c_decode_uint32_t               0x0800f48d   Thumb Code    54  vl53l1_core.o(.text.VL53L1_i2c_decode_uint32_t)
    VL53L1_i2c_encode_customer_nvm_managed   0x0800f4c5   Thumb Code   252  vl53l1_register_funcs.o(.text.VL53L1_i2c_encode_customer_nvm_managed)
    VL53L1_i2c_encode_dynamic_config         0x0800f5c1   Thumb Code   232  vl53l1_register_funcs.o(.text.VL53L1_i2c_encode_dynamic_config)
    VL53L1_i2c_encode_general_config         0x0800f6a9   Thumb Code   236  vl53l1_register_funcs.o(.text.VL53L1_i2c_encode_general_config)
    VL53L1_i2c_encode_int16_t                0x0800f795   Thumb Code   100  vl53l1_core.o(.text.VL53L1_i2c_encode_int16_t)
    VL53L1_i2c_encode_static_config          0x0800f7f9   Thumb Code   374  vl53l1_register_funcs.o(.text.VL53L1_i2c_encode_static_config)
    VL53L1_i2c_encode_static_nvm_managed     0x0800f971   Thumb Code   164  vl53l1_register_funcs.o(.text.VL53L1_i2c_encode_static_nvm_managed)
    VL53L1_i2c_encode_system_control         0x0800fa15   Thumb Code   108  vl53l1_register_funcs.o(.text.VL53L1_i2c_encode_system_control)
    VL53L1_i2c_encode_timing_config          0x0800fa81   Thumb Code   234  vl53l1_register_funcs.o(.text.VL53L1_i2c_encode_timing_config)
    VL53L1_i2c_encode_uint16_t               0x0800fb6d   Thumb Code    98  vl53l1_core.o(.text.VL53L1_i2c_encode_uint16_t)
    VL53L1_i2c_encode_uint32_t               0x0800fbd1   Thumb Code    86  vl53l1_core.o(.text.VL53L1_i2c_encode_uint32_t)
    VL53L1_init_and_start_range              0x0800fc29   Thumb Code  1064  vl53l1_api_core.o(.text.VL53L1_init_and_start_range)
    VL53L1_init_hist_gen3_dmax_config_struct 0x08010051   Thumb Code    98  vl53l1_api_preset_modes.o(.text.VL53L1_init_hist_gen3_dmax_config_struct)
    VL53L1_init_hist_post_process_config_struct 0x080100b5   Thumb Code   240  vl53l1_api_preset_modes.o(.text.VL53L1_init_hist_post_process_config_struct)
    VL53L1_init_histogram_bin_data_struct    0x080101a5   Thumb Code   332  vl53l1_core_support.o(.text.VL53L1_init_histogram_bin_data_struct)
    VL53L1_init_histogram_config_structure   0x080102f1   Thumb Code   300  vl53l1_core.o(.text.VL53L1_init_histogram_config_structure)
    VL53L1_init_histogram_multizone_config_structure 0x0801041d   Thumb Code   300  vl53l1_core.o(.text.VL53L1_init_histogram_multizone_config_structure)
    VL53L1_init_ll_driver_state              0x08010549   Thumb Code    76  vl53l1_core.o(.text.VL53L1_init_ll_driver_state)
    VL53L1_init_offset_cal_config_struct     0x08010595   Thumb Code    64  vl53l1_api_preset_modes.o(.text.VL53L1_init_offset_cal_config_struct)
    VL53L1_init_refspadchar_config_struct    0x080105d5   Thumb Code    62  vl53l1_api_preset_modes.o(.text.VL53L1_init_refspadchar_config_struct)
    VL53L1_init_ssc_config_struct            0x08010615   Thumb Code    54  vl53l1_api_preset_modes.o(.text.VL53L1_init_ssc_config_struct)
    VL53L1_init_system_results               0x0801064d   Thumb Code   112  vl53l1_core.o(.text.VL53L1_init_system_results)
    VL53L1_init_tuning_parm_storage_struct   0x080106bd   Thumb Code   792  vl53l1_api_preset_modes.o(.text.VL53L1_init_tuning_parm_storage_struct)
    VL53L1_init_version                      0x080109d5   Thumb Code    44  vl53l1_core.o(.text.VL53L1_init_version)
    VL53L1_init_xtalk_bin_data_struct        0x08010a01   Thumb Code   158  vl53l1_core.o(.text.VL53L1_init_xtalk_bin_data_struct)
    VL53L1_init_xtalk_config_struct          0x08010aa1   Thumb Code   210  vl53l1_api_preset_modes.o(.text.VL53L1_init_xtalk_config_struct)
    VL53L1_init_xtalk_extract_config_struct  0x08010b75   Thumb Code    84  vl53l1_api_preset_modes.o(.text.VL53L1_init_xtalk_extract_config_struct)
    VL53L1_init_zone_cal_config_struct       0x08010bc9   Thumb Code    62  vl53l1_api_preset_modes.o(.text.VL53L1_init_zone_cal_config_struct)
    VL53L1_init_zone_config_histogram_bins   0x08010c09   Thumb Code    66  vl53l1_zone_presets.o(.text.VL53L1_init_zone_config_histogram_bins)
    VL53L1_init_zone_config_structure        0x08010c4d   Thumb Code   288  vl53l1_zone_presets.o(.text.VL53L1_init_zone_config_structure)
    VL53L1_ipp_hist_process_data             0x08010d6d   Thumb Code   100  vl53l1_platform_ipp.o(.text.VL53L1_ipp_hist_process_data)
    VL53L1_is_aperture_location              0x08010dd1   Thumb Code   100  vl53l1_core.o(.text.VL53L1_is_aperture_location)
    VL53L1_is_new_data_ready                 0x08010e35   Thumb Code   128  vl53l1_wait.o(.text.VL53L1_is_new_data_ready)
    VL53L1_isqrt                             0x08010eb5   Thumb Code   102  vl53l1_core_support.o(.text.VL53L1_isqrt)
    VL53L1_load_patch                        0x08010f1d   Thumb Code   378  vl53l1_api_core.o(.text.VL53L1_load_patch)
    VL53L1_low_power_auto_data_init          0x08011099   Thumb Code    98  vl53l1_core.o(.text.VL53L1_low_power_auto_data_init)
    VL53L1_low_power_auto_data_stop_range    0x080110fd   Thumb Code   118  vl53l1_core.o(.text.VL53L1_low_power_auto_data_stop_range)
    VL53L1_low_power_auto_setup_manual_calibration 0x08011175   Thumb Code   116  vl53l1_core.o(.text.VL53L1_low_power_auto_setup_manual_calibration)
    VL53L1_multizone_hist_bins_update        0x080111e9   Thumb Code   364  vl53l1_core.o(.text.VL53L1_multizone_hist_bins_update)
    VL53L1_nvm_decode_additional_offset_cal_data 0x08011355   Thumb Code   116  vl53l1_nvm.o(.text.VL53L1_nvm_decode_additional_offset_cal_data)
    VL53L1_nvm_decode_cal_peak_rate_map      0x080113c9   Thumb Code   178  vl53l1_nvm.o(.text.VL53L1_nvm_decode_cal_peak_rate_map)
    VL53L1_nvm_decode_fmt_range_results_data 0x0801147d   Thumb Code   180  vl53l1_nvm.o(.text.VL53L1_nvm_decode_fmt_range_results_data)
    VL53L1_nvm_decode_optical_centre         0x08011531   Thumb Code   114  vl53l1_nvm.o(.text.VL53L1_nvm_decode_optical_centre)
    VL53L1_nvm_disable                       0x080115a5   Thumb Code   112  vl53l1_nvm.o(.text.VL53L1_nvm_disable)
    VL53L1_nvm_enable                        0x08011615   Thumb Code   216  vl53l1_nvm.o(.text.VL53L1_nvm_enable)
    VL53L1_nvm_read                          0x080116ed   Thumb Code   214  vl53l1_nvm.o(.text.VL53L1_nvm_read)
    VL53L1_poll_for_boot_completion          0x080117c5   Thumb Code    86  vl53l1_wait.o(.text.VL53L1_poll_for_boot_completion)
    VL53L1_poll_for_range_completion         0x0801181d   Thumb Code   104  vl53l1_wait.o(.text.VL53L1_poll_for_range_completion)
    VL53L1_preset_mode_histogram_characterisation 0x08011885   Thumb Code   128  vl53l1_api_preset_modes.o(.text.VL53L1_preset_mode_histogram_characterisation)
    VL53L1_preset_mode_histogram_long_range  0x08011905   Thumb Code   398  vl53l1_api_preset_modes.o(.text.VL53L1_preset_mode_histogram_long_range)
    VL53L1_preset_mode_histogram_long_range_mm1 0x08011a95   Thumb Code   268  vl53l1_api_preset_modes.o(.text.VL53L1_preset_mode_histogram_long_range_mm1)
    VL53L1_preset_mode_histogram_long_range_mm2 0x08011ba1   Thumb Code   112  vl53l1_api_preset_modes.o(.text.VL53L1_preset_mode_histogram_long_range_mm2)
    VL53L1_preset_mode_histogram_medium_range 0x08011c11   Thumb Code   378  vl53l1_api_preset_modes.o(.text.VL53L1_preset_mode_histogram_medium_range)
    VL53L1_preset_mode_histogram_medium_range_mm1 0x08011d8d   Thumb Code   260  vl53l1_api_preset_modes.o(.text.VL53L1_preset_mode_histogram_medium_range_mm1)
    VL53L1_preset_mode_histogram_medium_range_mm2 0x08011e91   Thumb Code   112  vl53l1_api_preset_modes.o(.text.VL53L1_preset_mode_histogram_medium_range_mm2)
    VL53L1_preset_mode_histogram_multizone   0x08011f01   Thumb Code   194  vl53l1_api_preset_modes.o(.text.VL53L1_preset_mode_histogram_multizone)
    VL53L1_preset_mode_histogram_multizone_long_range 0x08011fc5   Thumb Code   194  vl53l1_api_preset_modes.o(.text.VL53L1_preset_mode_histogram_multizone_long_range)
    VL53L1_preset_mode_histogram_multizone_short_range 0x08012089   Thumb Code   194  vl53l1_api_preset_modes.o(.text.VL53L1_preset_mode_histogram_multizone_short_range)
    VL53L1_preset_mode_histogram_ranging     0x0801214d   Thumb Code   368  vl53l1_api_preset_modes.o(.text.VL53L1_preset_mode_histogram_ranging)
    VL53L1_preset_mode_histogram_ranging_mm1_cal 0x080122bd   Thumb Code   280  vl53l1_api_preset_modes.o(.text.VL53L1_preset_mode_histogram_ranging_mm1_cal)
    VL53L1_preset_mode_histogram_ranging_mm2_cal 0x080123d5   Thumb Code   112  vl53l1_api_preset_modes.o(.text.VL53L1_preset_mode_histogram_ranging_mm2_cal)
    VL53L1_preset_mode_histogram_ranging_ref 0x08012445   Thumb Code   134  vl53l1_api_preset_modes.o(.text.VL53L1_preset_mode_histogram_ranging_ref)
    VL53L1_preset_mode_histogram_ranging_short_timing 0x080124cd   Thumb Code   354  vl53l1_api_preset_modes.o(.text.VL53L1_preset_mode_histogram_ranging_short_timing)
    VL53L1_preset_mode_histogram_ranging_with_mm1 0x08012631   Thumb Code   274  vl53l1_api_preset_modes.o(.text.VL53L1_preset_mode_histogram_ranging_with_mm1)
    VL53L1_preset_mode_histogram_ranging_with_mm2 0x08012745   Thumb Code   112  vl53l1_api_preset_modes.o(.text.VL53L1_preset_mode_histogram_ranging_with_mm2)
    VL53L1_preset_mode_histogram_short_range 0x080127b5   Thumb Code   354  vl53l1_api_preset_modes.o(.text.VL53L1_preset_mode_histogram_short_range)
    VL53L1_preset_mode_histogram_short_range_mm1 0x08012919   Thumb Code   238  vl53l1_api_preset_modes.o(.text.VL53L1_preset_mode_histogram_short_range_mm1)
    VL53L1_preset_mode_histogram_short_range_mm2 0x08012a09   Thumb Code   112  vl53l1_api_preset_modes.o(.text.VL53L1_preset_mode_histogram_short_range_mm2)
    VL53L1_preset_mode_histogram_xtalk_mm1   0x08012a79   Thumb Code   358  vl53l1_api_preset_modes.o(.text.VL53L1_preset_mode_histogram_xtalk_mm1)
    VL53L1_preset_mode_histogram_xtalk_mm2   0x08012be1   Thumb Code   102  vl53l1_api_preset_modes.o(.text.VL53L1_preset_mode_histogram_xtalk_mm2)
    VL53L1_preset_mode_histogram_xtalk_planar 0x08012c49   Thumb Code   316  vl53l1_api_preset_modes.o(.text.VL53L1_preset_mode_histogram_xtalk_planar)
    VL53L1_preset_mode_low_power_auto_long_ranging 0x08012d85   Thumb Code   114  vl53l1_api_preset_modes.o(.text.VL53L1_preset_mode_low_power_auto_long_ranging)
    VL53L1_preset_mode_low_power_auto_ranging 0x08012df9   Thumb Code   114  vl53l1_api_preset_modes.o(.text.VL53L1_preset_mode_low_power_auto_ranging)
    VL53L1_preset_mode_low_power_auto_short_ranging 0x08012e6d   Thumb Code   114  vl53l1_api_preset_modes.o(.text.VL53L1_preset_mode_low_power_auto_short_ranging)
    VL53L1_preset_mode_olt                   0x08012ee1   Thumb Code   102  vl53l1_api_preset_modes.o(.text.VL53L1_preset_mode_olt)
    VL53L1_preset_mode_singleshot_ranging    0x08012f49   Thumb Code   138  vl53l1_api_preset_modes.o(.text.VL53L1_preset_mode_singleshot_ranging)
    VL53L1_preset_mode_special_histogram_short_range 0x08012fd5   Thumb Code   282  vl53l1_api_preset_modes.o(.text.VL53L1_preset_mode_special_histogram_short_range)
    VL53L1_preset_mode_standard_ranging      0x080130f1   Thumb Code   840  vl53l1_api_preset_modes.o(.text.VL53L1_preset_mode_standard_ranging)
    VL53L1_preset_mode_standard_ranging_long_range 0x08013439   Thumb Code   160  vl53l1_api_preset_modes.o(.text.VL53L1_preset_mode_standard_ranging_long_range)
    VL53L1_preset_mode_standard_ranging_mm1_cal 0x080134d9   Thumb Code   108  vl53l1_api_preset_modes.o(.text.VL53L1_preset_mode_standard_ranging_mm1_cal)
    VL53L1_preset_mode_standard_ranging_mm2_cal 0x08013545   Thumb Code   108  vl53l1_api_preset_modes.o(.text.VL53L1_preset_mode_standard_ranging_mm2_cal)
    VL53L1_preset_mode_standard_ranging_short_range 0x080135b1   Thumb Code   160  vl53l1_api_preset_modes.o(.text.VL53L1_preset_mode_standard_ranging_short_range)
    VL53L1_preset_mode_timed_ranging         0x08013651   Thumb Code   146  vl53l1_api_preset_modes.o(.text.VL53L1_preset_mode_timed_ranging)
    VL53L1_preset_mode_timed_ranging_long_range 0x080136e5   Thumb Code   146  vl53l1_api_preset_modes.o(.text.VL53L1_preset_mode_timed_ranging_long_range)
    VL53L1_preset_mode_timed_ranging_short_range 0x08013779   Thumb Code   148  vl53l1_api_preset_modes.o(.text.VL53L1_preset_mode_timed_ranging_short_range)
    VL53L1_range_maths                       0x0801380d   Thumb Code   350  vl53l1_core_support.o(.text.VL53L1_range_maths)
    VL53L1_rate_maths                        0x0801396d   Thumb Code   150  vl53l1_core_support.o(.text.VL53L1_rate_maths)
    VL53L1_rate_per_spad_maths               0x08013a05   Thumb Code    98  vl53l1_core_support.o(.text.VL53L1_rate_per_spad_maths)
    VL53L1_read_nvm_additional_offset_cal_data 0x08013a69   Thumb Code    66  vl53l1_nvm.o(.text.VL53L1_read_nvm_additional_offset_cal_data)
    VL53L1_read_nvm_cal_peak_rate_map        0x08013aad   Thumb Code    66  vl53l1_nvm.o(.text.VL53L1_read_nvm_cal_peak_rate_map)
    VL53L1_read_nvm_fmt_range_results_data   0x08013af1   Thumb Code    76  vl53l1_nvm.o(.text.VL53L1_read_nvm_fmt_range_results_data)
    VL53L1_read_nvm_optical_centre           0x08013b3d   Thumb Code    66  vl53l1_nvm.o(.text.VL53L1_read_nvm_optical_centre)
    VL53L1_read_nvm_raw_data                 0x08013b81   Thumb Code   104  vl53l1_nvm.o(.text.VL53L1_read_nvm_raw_data)
    VL53L1_read_p2p_data                     0x08013be9   Thumb Code   568  vl53l1_api_core.o(.text.VL53L1_read_p2p_data)
    VL53L1_run_device_test                   0x08013e21   Thumb Code   248  vl53l1_api_calibration.o(.text.VL53L1_run_device_test)
    VL53L1_run_ref_spad_char                 0x08013f19   Thumb Code   478  vl53l1_api_calibration.o(.text.VL53L1_run_ref_spad_char)
    VL53L1_save_cfg_data                     0x080140f9   Thumb Code   100  vl53l1_core.o(.text.VL53L1_save_cfg_data)
    VL53L1_set_dmax_mode                     0x0801415d   Thumb Code    36  vl53l1_api_core.o(.text.VL53L1_set_dmax_mode)
    VL53L1_set_firmware_enable_register      0x08014181   Thumb Code    58  vl53l1_core.o(.text.VL53L1_set_firmware_enable_register)
    VL53L1_set_histogram_multizone_initial_bin_config 0x080141bd   Thumb Code   212  vl53l1_core.o(.text.VL53L1_set_histogram_multizone_initial_bin_config)
    VL53L1_set_inter_measurement_period_ms   0x08014291   Thumb Code    78  vl53l1_api_core.o(.text.VL53L1_set_inter_measurement_period_ms)
    VL53L1_set_lite_min_count_rate           0x080142e1   Thumb Code    38  vl53l1_api_core.o(.text.VL53L1_set_lite_min_count_rate)
    VL53L1_set_lite_sigma_threshold          0x08014309   Thumb Code    38  vl53l1_api_core.o(.text.VL53L1_set_lite_sigma_threshold)
    VL53L1_set_powerforce_register           0x08014331   Thumb Code    58  vl53l1_core.o(.text.VL53L1_set_powerforce_register)
    VL53L1_set_preset_mode                   0x0801436d   Thumb Code  2238  vl53l1_api_core.o(.text.VL53L1_set_preset_mode)
    VL53L1_set_ref_spad_char_config          0x08014c2d   Thumb Code   350  vl53l1_core.o(.text.VL53L1_set_ref_spad_char_config)
    VL53L1_set_system_control                0x08014d8d   Thumb Code    76  vl53l1_register_funcs.o(.text.VL53L1_set_system_control)
    VL53L1_set_timeouts_us                   0x08014dd9   Thumb Code   118  vl53l1_api_core.o(.text.VL53L1_set_timeouts_us)
    VL53L1_set_user_zone                     0x08014e51   Thumb Code    60  vl53l1_api_core.o(.text.VL53L1_set_user_zone)
    VL53L1_set_zone_config                   0x08014e8d   Thumb Code   128  vl53l1_api_core.o(.text.VL53L1_set_zone_config)
    VL53L1_set_zone_dss_config               0x08014f0d   Thumb Code    72  vl53l1_api_core.o(.text.VL53L1_set_zone_dss_config)
    VL53L1_spad_number_to_byte_bit_index     0x08014f55   Thumb Code    50  vl53l1_core.o(.text.VL53L1_spad_number_to_byte_bit_index)
    VL53L1_start_test                        0x08014f89   Thumb Code    50  vl53l1_core.o(.text.VL53L1_start_test)
    VL53L1_stop_range                        0x08014fbd   Thumb Code   138  vl53l1_api_core.o(.text.VL53L1_stop_range)
    VL53L1_unload_patch                      0x08015049   Thumb Code   110  vl53l1_api_core.o(.text.VL53L1_unload_patch)
    VL53L1_update_internal_stream_counters   0x080150b9   Thumb Code   124  vl53l1_core.o(.text.VL53L1_update_internal_stream_counters)
    VL53L1_update_ll_driver_cfg_state        0x08015135   Thumb Code   562  vl53l1_core.o(.text.VL53L1_update_ll_driver_cfg_state)
    VL53L1_update_ll_driver_rd_state         0x08015369   Thumb Code   432  vl53l1_core.o(.text.VL53L1_update_ll_driver_rd_state)
    VL53L1_wait_for_test_completion          0x08015519   Thumb Code   136  vl53l1_wait.o(.text.VL53L1_wait_for_test_completion)
    VL53L1_xtalk_cal_data_init               0x080155a1   Thumb Code    86  vl53l1_core.o(.text.VL53L1_xtalk_cal_data_init)
    VL53L1_zone_preset_xtalk_planar          0x080155f9   Thumb Code   184  vl53l1_zone_presets.o(.text.VL53L1_zone_preset_xtalk_planar)
    _I2CRead                                 0x080156b1   Thumb Code    28  vl53l1_platform.o(.text._I2CRead)
    _I2CWrite                                0x080156cd   Thumb Code    28  vl53l1_platform.o(.text._I2CWrite)
    fputc                                    0x080157e5   Thumb Code    52  stm32f4xx_nucleo.o(.text.fputc)
    main                                     0x08015819   Thumb Code    36  main.o(.text.main)
    __0printf                                0x0801615d   Thumb Code    22  printfa.o(i.__0printf)
    __1printf                                0x0801615d   Thumb Code     0  printfa.o(i.__0printf)
    __2printf                                0x0801615d   Thumb Code     0  printfa.o(i.__0printf)
    __c89printf                              0x0801615d   Thumb Code     0  printfa.o(i.__0printf)
    printf                                   0x0801615d   Thumb Code     0  printfa.o(i.__0printf)
    __scatterload_copy                       0x0801617d   Thumb Code    14  handlers.o(i.__scatterload_copy)
    __scatterload_null                       0x0801618b   Thumb Code     2  handlers.o(i.__scatterload_null)
    __scatterload_zeroinit                   0x0801618d   Thumb Code    14  handlers.o(i.__scatterload_zeroinit)
    AHBPrescTable                            0x08016a4e   Data          16  system_stm32f4xx.o(.rodata.AHBPrescTable)
    APBPrescTable                            0x08016a5e   Data           8  system_stm32f4xx.o(.rodata.APBPrescTable)
    Region$$Table$$Base                      0x08016b2c   Number         0  anon$$obj.o(Region$$Table)
    Region$$Table$$Limit                     0x08016b4c   Number         0  anon$$obj.o(Region$$Table)
    __stdout                                 0x20000000   Data           4  stdout.o(.data)
    COM_USART                                0x20000030   Data           4  stm32f4xx_nucleo.o(.data.COM_USART)
    SystemCoreClock                          0x20000034   Data           4  system_stm32f4xx.o(.data.SystemCoreClock)
    VL53L1CB_RANGING_SENSOR_Driver           0x20000038   Data          56  vl53l1cb.o(.data.VL53L1CB_RANGING_SENSOR_Driver)
    uwTickFreq                               0x20000070   Data           1  stm32f4xx_hal.o(.data.uwTickFreq)
    uwTickPrio                               0x20000074   Data           4  stm32f4xx_hal.o(.data.uwTickPrio)
    CUSTOM_RANGING_CompObj                   0x2000007c   Data           4  custom_ranging_sensor.o(.bss.CUSTOM_RANGING_CompObj)
    ToF_EventDetected                        0x20000100   Data           1  app_tof.o(.bss.ToF_EventDetected)
    _I2CBuffer                               0x20002b98   Data         256  vl53l1_platform.o(.bss._I2CBuffer)
    hcom_uart                                0x20002c98   Data          68  stm32f4xx_nucleo.o(.bss.hcom_uart)
    hi2c1                                    0x20002cdc   Data          84  stm32f4xx_nucleo_bus.o(.bss.hi2c1)
    hrtc                                     0x20002d30   Data          32  main.o(.bss.hrtc)
    uwTick                                   0x20002d54   Data           4  stm32f4xx_hal.o(.bss.uwTick)
    __initial_sp                             0x200035d8   Data           0  startup_stm32f401xe.o(STACK)



==============================================================================

Memory Map of the image

  Image Entry point : 0x08000195

  Load Region LR_IROM1 (Base: 0x08000000, Size: 0x00016bc8, Max: 0x00080000, ABSOLUTE)

    Execution Region ER_IROM1 (Exec base: 0x08000000, Load base: 0x08000000, Size: 0x00016b4c, Max: 0x00080000, ABSOLUTE)

    Exec Addr    Load Addr    Size         Type   Attr      Idx    E Section Name        Object

    0x08000000   0x08000000   0x00000194   Data   RO            3    RESET               startup_stm32f401xe.o
    0x08000194   0x08000194   0x00000000   Code   RO         2451  * .ARM.Collect$$$$00000000  mc_w.l(entry.o)
    0x08000194   0x08000194   0x00000004   Code   RO         2494    .ARM.Collect$$$$00000001  mc_w.l(entry2.o)
    0x08000198   0x08000198   0x00000004   Code   RO         2497    .ARM.Collect$$$$00000004  mc_w.l(entry5.o)
    0x0800019c   0x0800019c   0x00000000   Code   RO         2499    .ARM.Collect$$$$00000008  mc_w.l(entry7b.o)
    0x0800019c   0x0800019c   0x00000000   Code   RO         2501    .ARM.Collect$$$$0000000A  mc_w.l(entry8b.o)
    0x0800019c   0x0800019c   0x00000008   Code   RO         2502    .ARM.Collect$$$$0000000B  mc_w.l(entry9a.o)
    0x080001a4   0x080001a4   0x00000000   Code   RO         2504    .ARM.Collect$$$$0000000D  mc_w.l(entry10a.o)
    0x080001a4   0x080001a4   0x00000000   Code   RO         2506    .ARM.Collect$$$$0000000F  mc_w.l(entry11a.o)
    0x080001a4   0x080001a4   0x00000004   Code   RO         2495    .ARM.Collect$$$$00002712  mc_w.l(entry2.o)
    0x080001a8   0x080001a8   0x00000024   Code   RO            4    .text               startup_stm32f401xe.o
    0x080001cc   0x080001cc   0x00000062   Code   RO         2454    .text               mc_w.l(uldiv.o)
    0x0800022e   0x0800022e   0x00000062   Code   RO         2456    .text               mc_w.l(ldiv.o)
    0x08000290   0x08000290   0x00000024   Code   RO         2458    .text               mc_w.l(memcpya.o)
    0x080002b4   0x080002b4   0x00000024   Code   RO         2460    .text               mc_w.l(memseta.o)
    0x080002d8   0x080002d8   0x00000018   Code   RO         2462    .text               mc_w.l(strncpy.o)
    0x080002f0   0x080002f0   0x0000002c   Code   RO         2518    .text               mc_w.l(uidiv.o)
    0x0800031c   0x0800031c   0x0000001e   Code   RO         2520    .text               mc_w.l(llshl.o)
    0x0800033a   0x0800033a   0x00000020   Code   RO         2522    .text               mc_w.l(llushr.o)
    0x0800035a   0x0800035a   0x00000000   Code   RO         2524    .text               mc_w.l(iusefp.o)
    0x0800035a   0x0800035a   0x0000014e   Code   RO         2525    .text               mf_w.l(dadd.o)
    0x080004a8   0x080004a8   0x000000e4   Code   RO         2527    .text               mf_w.l(dmul.o)
    0x0800058c   0x0800058c   0x000000de   Code   RO         2529    .text               mf_w.l(ddiv.o)
    0x0800066a   0x0800066a   0x00000030   Code   RO         2531    .text               mf_w.l(dfixul.o)
    0x0800069a   0x0800069a   0x00000002   PAD
    0x0800069c   0x0800069c   0x00000030   Code   RO         2533    .text               mf_w.l(cdrcmple.o)
    0x080006cc   0x080006cc   0x00000024   Code   RO         2535    .text               mc_w.l(init.o)
    0x080006f0   0x080006f0   0x00000024   Code   RO         2537    .text               mc_w.l(llsshr.o)
    0x08000714   0x08000714   0x000000ba   Code   RO         2539    .text               mf_w.l(depilogue.o)
    0x080007ce   0x080007ce   0x00000002   PAD
    0x080007d0   0x080007d0   0x00000076   Code   RO          143    .text.BSP_COM_Init  stm32f4xx_nucleo.o
    0x08000846   0x08000846   0x00000002   PAD
    0x08000848   0x08000848   0x00000008   Code   RO          130    .text.BSP_GetTick   stm32f4xx_nucleo_bus.o
    0x08000850   0x08000850   0x00000052   Code   RO          112    .text.BSP_I2C1_DeInit  stm32f4xx_nucleo_bus.o
    0x080008a2   0x080008a2   0x00000002   PAD
    0x080008a4   0x080008a4   0x00000078   Code   RO          106    .text.BSP_I2C1_Init  stm32f4xx_nucleo_bus.o
    0x0800091c   0x0800091c   0x00000060   Code   RO          128    .text.BSP_I2C1_Recv  stm32f4xx_nucleo_bus.o
    0x0800097c   0x0800097c   0x00000060   Code   RO          126    .text.BSP_I2C1_Send  stm32f4xx_nucleo_bus.o
    0x080009dc   0x080009dc   0x00000004   Code   RO          173    .text.BusFault_Handler  stm32f4xx_it.o
    0x080009e0   0x080009e0   0x0000002c   Code   RO           50    .text.CUSTOM_RANGING_SENSOR_ConfigProfile  custom_ranging_sensor.o
    0x08000a0c   0x08000a0c   0x0000002c   Code   RO           48    .text.CUSTOM_RANGING_SENSOR_GetCapabilities  custom_ranging_sensor.o
    0x08000a38   0x08000a38   0x0000002c   Code   RO           56    .text.CUSTOM_RANGING_SENSOR_GetDistance  custom_ranging_sensor.o
    0x08000a64   0x08000a64   0x0000001e   Code   RO           38    .text.CUSTOM_RANGING_SENSOR_Init  custom_ranging_sensor.o
    0x08000a82   0x08000a82   0x00000002   PAD
    0x08000a84   0x08000a84   0x0000002c   Code   RO           46    .text.CUSTOM_RANGING_SENSOR_ReadID  custom_ranging_sensor.o
    0x08000ab0   0x08000ab0   0x0000002c   Code   RO           58    .text.CUSTOM_RANGING_SENSOR_Start  custom_ranging_sensor.o
    0x08000adc   0x08000adc   0x000000c8   Code   RO          375    .text.CheckAndChangeDistanceMode  vl53l1_api.o
    0x08000ba4   0x08000ba4   0x00000066   Code   RO          289    .text.CheckValidRectRoi  vl53l1_api.o
    0x08000c0a   0x08000c0a   0x00000002   PAD
    0x08000c0c   0x08000c0c   0x0000011a   Code   RO          365    .text.ComputeDevicePresetMode  vl53l1_api.o
    0x08000d26   0x08000d26   0x00000002   PAD
    0x08000d28   0x08000d28   0x00000148   Code   RO          367    .text.ComputeRQL    vl53l1_api.o
    0x08000e70   0x08000e70   0x0000007e   Code   RO          369    .text.ConvertStatusHisto  vl53l1_api.o
    0x08000eee   0x08000eee   0x00000002   PAD
    0x08000ef0   0x08000ef0   0x00000082   Code   RO          371    .text.ConvertStatusLite  vl53l1_api.o
    0x08000f72   0x08000f72   0x00000002   PAD
    0x08000f74   0x08000f74   0x00000002   Code   RO          179    .text.DebugMon_Handler  stm32f4xx_it.o
    0x08000f76   0x08000f76   0x00000002   PAD
    0x08000f78   0x08000f78   0x0000000c   Code   RO          187    .text.EXTI15_10_IRQHandler  stm32f4xx_it.o
    0x08000f84   0x08000f84   0x0000000a   Code   RO          185    .text.EXTI4_IRQHandler  stm32f4xx_it.o
    0x08000f8e   0x08000f8e   0x00000002   PAD
    0x08000f90   0x08000f90   0x0000000e   Code   RO           19    .text.Error_Handler  main.o
    0x08000f9e   0x08000f9e   0x00000002   PAD
    0x08000fa0   0x08000fa0   0x000000d6   Code   RO          377    .text.GenNewPresetMode  vl53l1_api.o
    0x08001076   0x08001076   0x00000002   PAD
    0x08001078   0x08001078   0x00000042   Code   RO         2106    .text.HAL_Delay     stm32f4xx_hal.o
    0x080010ba   0x080010ba   0x00000002   PAD
    0x080010bc   0x080010bc   0x000001d0   Code   RO         1873    .text.HAL_GPIO_DeInit  stm32f4xx_hal_gpio.o
    0x0800128c   0x0800128c   0x00000022   Code   RO           30    .text.HAL_GPIO_EXTI_Callback  app_tof_pin_conf.o
    0x080012ae   0x080012ae   0x00000002   PAD
    0x080012b0   0x080012b0   0x00000038   Code   RO         1883    .text.HAL_GPIO_EXTI_IRQHandler  stm32f4xx_hal_gpio.o
    0x080012e8   0x080012e8   0x00000362   Code   RO         1871    .text.HAL_GPIO_Init  stm32f4xx_hal_gpio.o
    0x0800164a   0x0800164a   0x00000002   PAD
    0x0800164c   0x0800164c   0x0000002e   Code   RO         1877    .text.HAL_GPIO_WritePin  stm32f4xx_hal_gpio.o
    0x0800167a   0x0800167a   0x00000002   PAD
    0x0800167c   0x0800167c   0x0000000c   Code   RO         2098    .text.HAL_GetTick   stm32f4xx_hal.o
    0x08001688   0x08001688   0x00000060   Code   RO         1547    .text.HAL_I2C_DeInit  stm32f4xx_hal_i2c.o
    0x080016e8   0x080016e8   0x0000000c   Code   RO         1697    .text.HAL_I2C_GetError  stm32f4xx_hal_i2c.o
    0x080016f4   0x080016f4   0x0000000e   Code   RO         1693    .text.HAL_I2C_GetState  stm32f4xx_hal_i2c.o
    0x08001702   0x08001702   0x00000002   PAD
    0x08001704   0x08001704   0x000002a4   Code   RO         1543    .text.HAL_I2C_Init  stm32f4xx_hal_i2c.o
    0x080019a8   0x080019a8   0x00000416   Code   RO         1561    .text.HAL_I2C_Master_Receive  stm32f4xx_hal_i2c.o
    0x08001dbe   0x08001dbe   0x00000002   PAD
    0x08001dc0   0x08001dc0   0x00000208   Code   RO         1551    .text.HAL_I2C_Master_Transmit  stm32f4xx_hal_i2c.o
    0x08001fc8   0x08001fc8   0x00000008   Code   RO         1549    .text.HAL_I2C_MspDeInit  stm32f4xx_hal_i2c.o
    0x08001fd0   0x08001fd0   0x00000008   Code   RO         1545    .text.HAL_I2C_MspInit  stm32f4xx_hal_i2c.o
    0x08001fd8   0x08001fd8   0x0000001a   Code   RO         2096    .text.HAL_IncTick   stm32f4xx_hal.o
    0x08001ff2   0x08001ff2   0x00000002   PAD
    0x08001ff4   0x08001ff4   0x0000003c   Code   RO         2086    .text.HAL_Init      stm32f4xx_hal.o
    0x08002030   0x08002030   0x00000070   Code   RO         2088    .text.HAL_InitTick  stm32f4xx_hal.o
    0x080020a0   0x080020a0   0x00000052   Code   RO          196    .text.HAL_MspInit   stm32f4xx_hal_msp.o
    0x080020f2   0x080020f2   0x00000002   PAD
    0x080020f4   0x080020f4   0x00000014   Code   RO         2027    .text.HAL_NVIC_EnableIRQ  stm32f4xx_hal_cortex.o
    0x08002108   0x08002108   0x00000032   Code   RO         2019    .text.HAL_NVIC_SetPriority  stm32f4xx_hal_cortex.o
    0x0800213a   0x0800213a   0x00000002   PAD
    0x0800213c   0x0800213c   0x00000010   Code   RO         2015    .text.HAL_NVIC_SetPriorityGrouping  stm32f4xx_hal_cortex.o
    0x0800214c   0x0800214c   0x00000250   Code   RO         1758    .text.HAL_RCCEx_PeriphCLKConfig  stm32f4xx_hal_rcc_ex.o
    0x0800239c   0x0800239c   0x00000262   Code   RO         1727    .text.HAL_RCC_ClockConfig  stm32f4xx_hal_rcc.o
    0x080025fe   0x080025fe   0x00000002   PAD
    0x08002600   0x08002600   0x0000000c   Code   RO         1737    .text.HAL_RCC_GetHCLKFreq  stm32f4xx_hal_rcc.o
    0x0800260c   0x0800260c   0x00000022   Code   RO         1739    .text.HAL_RCC_GetPCLK1Freq  stm32f4xx_hal_rcc.o
    0x0800262e   0x0800262e   0x00000002   PAD
    0x08002630   0x08002630   0x00000022   Code   RO         1741    .text.HAL_RCC_GetPCLK2Freq  stm32f4xx_hal_rcc.o
    0x08002652   0x08002652   0x00000002   PAD
    0x08002654   0x08002654   0x000000e6   Code   RO         1729    .text.HAL_RCC_GetSysClockFreq  stm32f4xx_hal_rcc.o
    0x0800273a   0x0800273a   0x00000002   PAD
    0x0800273c   0x0800273c   0x000006be   Code   RO         1725    .text.HAL_RCC_OscConfig  stm32f4xx_hal_rcc.o
    0x08002dfa   0x08002dfa   0x00000002   PAD
    0x08002dfc   0x08002dfc   0x000000ea   Code   RO         2304    .text.HAL_RTC_Init  stm32f4xx_hal_rtc.o
    0x08002ee6   0x08002ee6   0x00000002   PAD
    0x08002ee8   0x08002ee8   0x00000050   Code   RO          198    .text.HAL_RTC_MspInit  stm32f4xx_hal_msp.o
    0x08002f38   0x08002f38   0x00000126   Code   RO         2324    .text.HAL_RTC_SetDate  stm32f4xx_hal_rtc.o
    0x0800305e   0x0800305e   0x00000002   PAD
    0x08003060   0x08003060   0x00000156   Code   RO         2316    .text.HAL_RTC_SetTime  stm32f4xx_hal_rtc.o
    0x080031b6   0x080031b6   0x00000002   PAD
    0x080031b8   0x080031b8   0x00000056   Code   RO         2342    .text.HAL_RTC_WaitForSynchro  stm32f4xx_hal_rtc.o
    0x0800320e   0x0800320e   0x00000002   PAD
    0x08003210   0x08003210   0x00000010   Code   RO         2039    .text.HAL_SYSTICK_Config  stm32f4xx_hal_cortex.o
    0x08003220   0x08003220   0x0000009a   Code   RO         2175    .text.HAL_UART_Init  stm32f4xx_hal_uart.o
    0x080032ba   0x080032ba   0x00000002   PAD
    0x080032bc   0x080032bc   0x00000008   Code   RO         2177    .text.HAL_UART_MspInit  stm32f4xx_hal_uart.o
    0x080032c4   0x080032c4   0x0000014e   Code   RO         2191    .text.HAL_UART_Transmit  stm32f4xx_hal_uart.o
    0x08003412   0x08003412   0x00000002   PAD
    0x08003414   0x08003414   0x00000004   Code   RO          169    .text.HardFault_Handler  stm32f4xx_it.o
    0x08003418   0x08003418   0x00000036   Code   RO          114    .text.I2C1_MspDeInit  stm32f4xx_nucleo_bus.o
    0x0800344e   0x0800344e   0x00000002   PAD
    0x08003450   0x08003450   0x000000a4   Code   RO          108    .text.I2C1_MspInit  stm32f4xx_nucleo_bus.o
    0x080034f4   0x080034f4   0x00000064   Code   RO         1703    .text.I2C_IsAcknowledgeFailed  stm32f4xx_hal_i2c.o
    0x08003558   0x08003558   0x000001aa   Code   RO         1563    .text.I2C_MasterRequestRead  stm32f4xx_hal_i2c.o
    0x08003702   0x08003702   0x00000002   PAD
    0x08003704   0x08003704   0x00000112   Code   RO         1555    .text.I2C_MasterRequestWrite  stm32f4xx_hal_i2c.o
    0x08003816   0x08003816   0x00000002   PAD
    0x08003818   0x08003818   0x00000096   Code   RO         1559    .text.I2C_WaitOnBTFFlagUntilTimeout  stm32f4xx_hal_i2c.o
    0x080038ae   0x080038ae   0x00000002   PAD
    0x080038b0   0x080038b0   0x000000be   Code   RO         1553    .text.I2C_WaitOnFlagUntilTimeout  stm32f4xx_hal_i2c.o
    0x0800396e   0x0800396e   0x00000002   PAD
    0x08003970   0x08003970   0x00000110   Code   RO         1701    .text.I2C_WaitOnMasterAddressFlagUntilTimeout  stm32f4xx_hal_i2c.o
    0x08003a80   0x08003a80   0x000000c6   Code   RO         1565    .text.I2C_WaitOnRXNEFlagUntilTimeout  stm32f4xx_hal_i2c.o
    0x08003b46   0x08003b46   0x00000002   PAD
    0x08003b48   0x08003b48   0x00000094   Code   RO         1557    .text.I2C_WaitOnTXEFlagUntilTimeout  stm32f4xx_hal_i2c.o
    0x08003bdc   0x08003bdc   0x00000124   Code   RO           15    .text.MX_GPIO_Init  main.o
    0x08003d00   0x08003d00   0x0000005e   Code   RO          110    .text.MX_I2C1_Init  stm32f4xx_nucleo_bus.o
    0x08003d5e   0x08003d5e   0x00000002   PAD
    0x08003d60   0x08003d60   0x000000a2   Code   RO           17    .text.MX_RTC_Init   main.o
    0x08003e02   0x08003e02   0x00000002   PAD
    0x08003e04   0x08003e04   0x00000008   Code   RO           81    .text.MX_TOF_Init   app_tof.o
    0x08003e0c   0x08003e0c   0x00000008   Code   RO           85    .text.MX_TOF_Process  app_tof.o
    0x08003e14   0x08003e14   0x00000054   Code   RO          147    .text.MX_USART2_UART_Init  stm32f4xx_nucleo.o
    0x08003e68   0x08003e68   0x00000044   Code   RO           83    .text.MX_VL53L1CB_SimpleRanging_Init  app_tof.o
    0x08003eac   0x08003eac   0x00000086   Code   RO           87    .text.MX_VL53L1CB_SimpleRanging_Process  app_tof.o
    0x08003f32   0x08003f32   0x00000002   PAD
    0x08003f34   0x08003f34   0x00000004   Code   RO          171    .text.MemManage_Handler  stm32f4xx_it.o
    0x08003f38   0x08003f38   0x00000004   Code   RO          167    .text.NMI_Handler   stm32f4xx_it.o
    0x08003f3c   0x08003f3c   0x0000006c   Code   RO         2025    .text.NVIC_EncodePriority  stm32f4xx_hal_cortex.o
    0x08003fa8   0x08003fa8   0x00000002   Code   RO          181    .text.PendSV_Handler  stm32f4xx_it.o
    0x08003faa   0x08003faa   0x00000002   PAD
    0x08003fac   0x08003fac   0x00000042   Code   RO         2318    .text.RTC_ByteToBcd2  stm32f4xx_hal_rtc.o
    0x08003fee   0x08003fee   0x00000002   PAD
    0x08003ff0   0x08003ff0   0x00000082   Code   RO         2308    .text.RTC_EnterInitMode  stm32f4xx_hal_rtc.o
    0x08004072   0x08004072   0x00000002   PAD
    0x08004074   0x08004074   0x00000048   Code   RO         2310    .text.RTC_ExitInitMode  stm32f4xx_hal_rtc.o
    0x080040bc   0x080040bc   0x00000002   Code   RO          177    .text.SVC_Handler   stm32f4xx_it.o
    0x080040be   0x080040be   0x00000002   PAD
    0x080040c0   0x080040c0   0x0000005e   Code   RO          275    .text.SetLimitValue  vl53l1_api.o
    0x0800411e   0x0800411e   0x00000002   PAD
    0x08004120   0x08004120   0x0000020e   Code   RO          317    .text.SetMeasurementData  vl53l1_api.o
    0x0800432e   0x0800432e   0x00000002   PAD
    0x08004330   0x08004330   0x000000ee   Code   RO          241    .text.SetPresetMode  vl53l1_api.o
    0x0800441e   0x0800441e   0x00000002   PAD
    0x08004420   0x08004420   0x00000876   Code   RO          373    .text.SetTargetData  vl53l1_api.o
    0x08004c96   0x08004c96   0x00000002   PAD
    0x08004c98   0x08004c98   0x00000052   Code   RO         2041    .text.SysTick_Config  stm32f4xx_hal_cortex.o
    0x08004cea   0x08004cea   0x00000002   PAD
    0x08004cec   0x08004cec   0x00000008   Code   RO          183    .text.SysTick_Handler  stm32f4xx_it.o
    0x08004cf4   0x08004cf4   0x000000bc   Code   RO           13    .text.SystemClock_Config  main.o
    0x08004db0   0x08004db0   0x00000012   Code   RO         2438    .text.SystemInit    system_stm32f4xx.o
    0x08004dc2   0x08004dc2   0x00000002   PAD
    0x08004dc4   0x08004dc4   0x0000013a   Code   RO         2179    .text.UART_SetConfig  stm32f4xx_hal_uart.o
    0x08004efe   0x08004efe   0x00000002   PAD
    0x08004f00   0x08004f00   0x000000d2   Code   RO         2193    .text.UART_WaitOnFlagUntilTimeout  stm32f4xx_hal_uart.o
    0x08004fd2   0x08004fd2   0x00000002   PAD
    0x08004fd4   0x08004fd4   0x00000098   Code   RO          145    .text.USART2_MspInit  stm32f4xx_nucleo.o
    0x0800506c   0x0800506c   0x00000004   Code   RO          175    .text.UsageFault_Handler  stm32f4xx_it.o
    0x08005070   0x08005070   0x0000006c   Code   RO          785    .text.V53L1_init_zone_dss_configs  vl53l1_core.o
    0x080050dc   0x080050dc   0x0000006a   Code   RO          783    .text.V53L1_init_zone_results_structure  vl53l1_core.o
    0x08005146   0x08005146   0x00000002   PAD
    0x08005148   0x08005148   0x0000000e   Code   RO         1508    .text.VL53L1CB_ConfigIT  vl53l1cb.o
    0x08005156   0x08005156   0x00000002   PAD
    0x08005158   0x08005158   0x000000b8   Code   RO         1504    .text.VL53L1CB_ConfigProfile  vl53l1cb.o
    0x08005210   0x08005210   0x00000064   Code   RO         1506    .text.VL53L1CB_ConfigROI  vl53l1cb.o
    0x08005274   0x08005274   0x00000042   Code   RO         1498    .text.VL53L1CB_DeInit  vl53l1cb.o
    0x080052b6   0x080052b6   0x00000002   PAD
    0x080052b8   0x080052b8   0x0000002e   Code   RO         1518    .text.VL53L1CB_GetAddress  vl53l1cb.o
    0x080052e6   0x080052e6   0x00000002   PAD
    0x080052e8   0x080052e8   0x0000003a   Code   RO         1502    .text.VL53L1CB_GetCapabilities  vl53l1cb.o
    0x08005322   0x08005322   0x00000002   PAD
    0x08005324   0x08005324   0x0000009e   Code   RO         1510    .text.VL53L1CB_GetDistance  vl53l1cb.o
    0x080053c2   0x080053c2   0x00000002   PAD
    0x080053c4   0x080053c4   0x0000000e   Code   RO         1522    .text.VL53L1CB_GetPowerMode  vl53l1cb.o
    0x080053d2   0x080053d2   0x00000002   PAD
    0x080053d4   0x080053d4   0x000000a8   Code   RO         1496    .text.VL53L1CB_Init  vl53l1cb.o
    0x0800547c   0x0800547c   0x000000ae   Code   RO           42    .text.VL53L1CB_Probe  custom_ranging_sensor.o
    0x0800552a   0x0800552a   0x00000002   PAD
    0x0800552c   0x0800552c   0x00000038   Code   RO         1500    .text.VL53L1CB_ReadID  vl53l1cb.o
    0x08005564   0x08005564   0x00000068   Code   RO         1524    .text.VL53L1CB_RegisterBusIO  vl53l1cb.o
    0x080055cc   0x080055cc   0x00000040   Code   RO         1516    .text.VL53L1CB_SetAddress  vl53l1cb.o
    0x0800560c   0x0800560c   0x0000000e   Code   RO         1520    .text.VL53L1CB_SetPowerMode  vl53l1cb.o
    0x0800561a   0x0800561a   0x00000002   PAD
    0x0800561c   0x0800561c   0x000000d6   Code   RO         1512    .text.VL53L1CB_Start  vl53l1cb.o
    0x080056f2   0x080056f2   0x00000002   PAD
    0x080056f4   0x080056f4   0x00000052   Code   RO         1514    .text.VL53L1CB_Stop  vl53l1cb.o
    0x08005746   0x08005746   0x00000002   PAD
    0x08005748   0x08005748   0x0000002a   Code   RO          303    .text.VL53L1_ClearInterruptAndStartMeasurement  vl53l1_api.o
    0x08005772   0x08005772   0x00000002   PAD
    0x08005774   0x08005774   0x000000b8   Code   RO          227    .text.VL53L1_DataInit  vl53l1_api.o
    0x0800582c   0x0800582c   0x0000002c   Code   RO         1460    .text.VL53L1_Delay  vl53l1_platform.o
    0x08005858   0x08005858   0x0000003e   Code   RO          259    .text.VL53L1_GetInterMeasurementPeriodMilliSeconds  vl53l1_api.o
    0x08005896   0x08005896   0x00000002   PAD
    0x08005898   0x08005898   0x0000004c   Code   RO          277    .text.VL53L1_GetLimitCheckEnable  vl53l1_api.o
    0x080058e4   0x080058e4   0x000000ca   Code   RO          281    .text.VL53L1_GetLimitCheckValue  vl53l1_api.o
    0x080059ae   0x080059ae   0x00000002   PAD
    0x080059b0   0x080059b0   0x00000022   Code   RO          305    .text.VL53L1_GetMeasurementDataReady  vl53l1_api.o
    0x080059d2   0x080059d2   0x00000002   PAD
    0x080059d4   0x080059d4   0x00000184   Code   RO          257    .text.VL53L1_GetMeasurementTimingBudgetMicroSeconds  vl53l1_api.o
    0x08005b58   0x08005b58   0x00000084   Code   RO          315    .text.VL53L1_GetMultiRangingData  vl53l1_api.o
    0x08005bdc   0x08005bdc   0x0000002a   Code   RO          255    .text.VL53L1_GetSequenceStepEnable  vl53l1_api.o
    0x08005c06   0x08005c06   0x00000002   PAD
    0x08005c08   0x08005c08   0x00000020   Code   RO         1454    .text.VL53L1_GetTickCount  vl53l1_platform.o
    0x08005c28   0x08005c28   0x00000116   Code   RO          325    .text.VL53L1_PerformRefSpadManagement  vl53l1_api.o
    0x08005d3e   0x08005d3e   0x00000002   PAD
    0x08005d40   0x08005d40   0x00000062   Code   RO         1448    .text.VL53L1_RdByte  vl53l1_platform.o
    0x08005da2   0x08005da2   0x00000002   PAD
    0x08005da4   0x08005da4   0x0000007c   Code   RO         1450    .text.VL53L1_RdWord  vl53l1_platform.o
    0x08005e20   0x08005e20   0x00000064   Code   RO         1438    .text.VL53L1_ReadMulti  vl53l1_platform.o
    0x08005e84   0x08005e84   0x00000042   Code   RO          225    .text.VL53L1_SetDeviceAddress  vl53l1_api.o
    0x08005ec6   0x08005ec6   0x00000002   PAD
    0x08005ec8   0x08005ec8   0x00000120   Code   RO          235    .text.VL53L1_SetDistanceMode  vl53l1_api.o
    0x08005fe8   0x08005fe8   0x0000003c   Code   RO          245    .text.VL53L1_SetInterMeasurementPeriodMilliSeconds  vl53l1_api.o
    0x08006024   0x08006024   0x00000086   Code   RO          229    .text.VL53L1_SetLimitCheckEnable  vl53l1_api.o
    0x080060aa   0x080060aa   0x00000002   PAD
    0x080060ac   0x080060ac   0x000001fc   Code   RO          243    .text.VL53L1_SetMeasurementTimingBudgetMicroSeconds  vl53l1_api.o
    0x080062a8   0x080062a8   0x000000b0   Code   RO          233    .text.VL53L1_SetPresetMode  vl53l1_api.o
    0x08006358   0x08006358   0x0000016c   Code   RO          287    .text.VL53L1_SetROI  vl53l1_api.o
    0x080064c4   0x080064c4   0x000000f8   Code   RO          237    .text.VL53L1_SmudgeCorrectionEnable  vl53l1_api.o
    0x080065bc   0x080065bc   0x00000164   Code   RO          299    .text.VL53L1_StartMeasurement  vl53l1_api.o
    0x08006720   0x08006720   0x00000056   Code   RO          231    .text.VL53L1_StaticInit  vl53l1_api.o
    0x08006776   0x08006776   0x00000002   PAD
    0x08006778   0x08006778   0x0000004c   Code   RO          301    .text.VL53L1_StopMeasurement  vl53l1_api.o
    0x080067c4   0x080067c4   0x00000022   Code   RO          239    .text.VL53L1_WaitDeviceBooted  vl53l1_api.o
    0x080067e6   0x080067e6   0x00000002   PAD
    0x080067e8   0x080067e8   0x00000016   Code   RO         1458    .text.VL53L1_WaitMs  vl53l1_platform.o
    0x080067fe   0x080067fe   0x00000002   PAD
    0x08006800   0x08006800   0x00000028   Code   RO         1462    .text.VL53L1_WaitUs  vl53l1_platform.o
    0x08006828   0x08006828   0x00000110   Code   RO         1464    .text.VL53L1_WaitValueMaskEx  vl53l1_platform.o
    0x08006938   0x08006938   0x0000004e   Code   RO         1440    .text.VL53L1_WrByte  vl53l1_platform.o
    0x08006986   0x08006986   0x00000002   PAD
    0x08006988   0x08006988   0x00000054   Code   RO         1442    .text.VL53L1_WrWord  vl53l1_platform.o
    0x080069dc   0x080069dc   0x00000074   Code   RO         1436    .text.VL53L1_WriteMulti  vl53l1_platform.o
    0x08006a50   0x08006a50   0x0000004a   Code   RO          841    .text.VL53L1_calc_crosstalk_plane_offset_with_margin  vl53l1_core.o
    0x08006a9a   0x08006a9a   0x00000002   PAD
    0x08006a9c   0x08006a9c   0x0000002a   Code   RO          843    .text.VL53L1_calc_decoded_timeout_us  vl53l1_core.o
    0x08006ac6   0x08006ac6   0x00000002   PAD
    0x08006ac8   0x08006ac8   0x0000002c   Code   RO          835    .text.VL53L1_calc_encoded_timeout  vl53l1_core.o
    0x08006af4   0x08006af4   0x00000052   Code   RO          829    .text.VL53L1_calc_macro_period_us  vl53l1_core.o
    0x08006b46   0x08006b46   0x00000002   PAD
    0x08006b48   0x08006b48   0x00000126   Code   RO          897    .text.VL53L1_calc_max_effective_spads  vl53l1_core.o
    0x08006c6e   0x08006c6e   0x00000002   PAD
    0x08006c70   0x08006c70   0x000001b8   Code   RO          871    .text.VL53L1_calc_mm_effective_spads  vl53l1_core.o
    0x08006e28   0x08006e28   0x00000034   Code   RO          979    .text.VL53L1_calc_pll_period_mm  vl53l1_core_support.o
    0x08006e5c   0x08006e5c   0x0000002a   Code   RO          961    .text.VL53L1_calc_pll_period_us  vl53l1_core_support.o
    0x08006e86   0x08006e86   0x00000002   PAD
    0x08006e88   0x08006e88   0x000000d4   Code   RO          831    .text.VL53L1_calc_range_ignore_threshold  vl53l1_core.o
    0x08006f5c   0x08006f5c   0x0000002e   Code   RO          833    .text.VL53L1_calc_timeout_mclks  vl53l1_core.o
    0x08006f8a   0x08006f8a   0x00000002   PAD
    0x08006f8c   0x08006f8c   0x000000ea   Code   RO          847    .text.VL53L1_calc_timeout_register_values  vl53l1_core.o
    0x08007076   0x08007076   0x00000002   PAD
    0x08007078   0x08007078   0x00000044   Code   RO          839    .text.VL53L1_calc_timeout_us  vl53l1_core.o
    0x080070bc   0x080070bc   0x00000176   Code   RO          775    .text.VL53L1_check_ll_driver_rd_state  vl53l1_core.o
    0x08007232   0x08007232   0x00000002   PAD
    0x08007234   0x08007234   0x00000034   Code   RO          825    .text.VL53L1_clear_interrupt  vl53l1_core.o
    0x08007268   0x08007268   0x00000032   Code   RO          564    .text.VL53L1_clear_interrupt_and_enable_next_range  vl53l1_api_core.o
    0x0800729a   0x0800729a   0x00000002   PAD
    0x0800729c   0x0800729c   0x00000088   Code   RO          933    .text.VL53L1_compute_histo_merge_nb  vl53l1_core.o
    0x08007324   0x08007324   0x00000026   Code   RO          947    .text.VL53L1_config_low_power_auto_mode  vl53l1_core.o
    0x0800734a   0x0800734a   0x00000002   PAD
    0x0800734c   0x0800734c   0x0000009e   Code   RO          740    .text.VL53L1_copy_hist_bins_to_static_cfg  vl53l1_api_preset_modes.o
    0x080073ea   0x080073ea   0x00000002   PAD
    0x080073ec   0x080073ec   0x000000c4   Code   RO          692    .text.VL53L1_copy_hist_cfg_to_static_cfg  vl53l1_api_preset_modes.o
    0x080074b0   0x080074b0   0x0000012a   Code   RO          779    .text.VL53L1_copy_rtn_good_spads_to_buffer  vl53l1_core.o
    0x080075da   0x080075da   0x00000002   PAD
    0x080075dc   0x080075dc   0x000002ce   Code   RO          562    .text.VL53L1_copy_sys_and_core_results_to_range_results  vl53l1_api_core.o
    0x080078aa   0x080078aa   0x00000002   PAD
    0x080078ac   0x080078ac   0x00000070   Code   RO          987    .text.VL53L1_copy_xtalk_bin_data_to_histogram_data_struct  vl53l1_core_support.o
    0x0800791c   0x0800791c   0x00000346   Code   RO          436    .text.VL53L1_data_init  vl53l1_api_core.o
    0x08007c62   0x08007c62   0x00000002   PAD
    0x08007c64   0x08007c64   0x00000054   Code   RO          991    .text.VL53L1_decode_row_col  vl53l1_core_support.o
    0x08007cb8   0x08007cb8   0x0000001e   Code   RO          845    .text.VL53L1_decode_timeout  vl53l1_core.o
    0x08007cd6   0x08007cd6   0x00000002   PAD
    0x08007cd8   0x08007cd8   0x00000022   Code   RO          971    .text.VL53L1_decode_vcsel_period  vl53l1_core_support.o
    0x08007cfa   0x08007cfa   0x00000002   PAD
    0x08007cfc   0x08007cfc   0x000000e0   Code   RO          893    .text.VL53L1_decode_zone_limits  vl53l1_core.o
    0x08007ddc   0x08007ddc   0x00000024   Code   RO          889    .text.VL53L1_decode_zone_size  vl53l1_core.o
    0x08007e00   0x08007e00   0x0000001e   Code   RO          817    .text.VL53L1_disable_firmware  vl53l1_core.o
    0x08007e1e   0x08007e1e   0x00000002   PAD
    0x08007e20   0x08007e20   0x0000001e   Code   RO          823    .text.VL53L1_disable_powerforce  vl53l1_core.o
    0x08007e3e   0x08007e3e   0x00000002   PAD
    0x08007e40   0x08007e40   0x00000072   Code   RO          963    .text.VL53L1_duration_maths  vl53l1_core_support.o
    0x08007eb2   0x08007eb2   0x00000002   PAD
    0x08007eb4   0x08007eb4   0x00000020   Code   RO          606    .text.VL53L1_dynamic_xtalk_correction_apply_disable  vl53l1_api_core.o
    0x08007ed4   0x08007ed4   0x00000022   Code   RO          604    .text.VL53L1_dynamic_xtalk_correction_apply_enable  vl53l1_api_core.o
    0x08007ef6   0x08007ef6   0x00000002   PAD
    0x08007ef8   0x08007ef8   0x000003be   Code   RO          931    .text.VL53L1_dynamic_xtalk_correction_calc_new_xtalk  vl53l1_core.o
    0x080082b6   0x080082b6   0x00000002   PAD
    0x080082b8   0x080082b8   0x00000122   Code   RO          929    .text.VL53L1_dynamic_xtalk_correction_calc_required_samples  vl53l1_core.o
    0x080083da   0x080083da   0x00000002   PAD
    0x080083dc   0x080083dc   0x00000554   Code   RO          935    .text.VL53L1_dynamic_xtalk_correction_corrector  vl53l1_core.o
    0x08008930   0x08008930   0x0000012c   Code   RO          939    .text.VL53L1_dynamic_xtalk_correction_data_init  vl53l1_core.o
    0x08008a5c   0x08008a5c   0x00000020   Code   RO          602    .text.VL53L1_dynamic_xtalk_correction_disable  vl53l1_api_core.o
    0x08008a7c   0x08008a7c   0x00000022   Code   RO          600    .text.VL53L1_dynamic_xtalk_correction_enable  vl53l1_api_core.o
    0x08008a9e   0x08008a9e   0x00000002   PAD
    0x08008aa0   0x08008aa0   0x00000042   Code   RO          937    .text.VL53L1_dynamic_xtalk_correction_output_init  vl53l1_core.o
    0x08008ae2   0x08008ae2   0x00000002   PAD
    0x08008ae4   0x08008ae4   0x00000020   Code   RO          610    .text.VL53L1_dynamic_xtalk_correction_single_apply_disable  vl53l1_api_core.o
    0x08008b04   0x08008b04   0x00000022   Code   RO          608    .text.VL53L1_dynamic_xtalk_correction_single_apply_enable  vl53l1_api_core.o
    0x08008b26   0x08008b26   0x00000002   PAD
    0x08008b28   0x08008b28   0x000000fe   Code   RO          907    .text.VL53L1_dynamic_zone_update  vl53l1_core.o
    0x08008c26   0x08008c26   0x00000002   PAD
    0x08008c28   0x08008c28   0x00000020   Code   RO          815    .text.VL53L1_enable_firmware  vl53l1_core.o
    0x08008c48   0x08008c48   0x00000020   Code   RO          821    .text.VL53L1_enable_powerforce  vl53l1_core.o
    0x08008c68   0x08008c68   0x00000044   Code   RO          887    .text.VL53L1_encode_row_col  vl53l1_core.o
    0x08008cac   0x08008cac   0x00000052   Code   RO          837    .text.VL53L1_encode_timeout  vl53l1_core.o
    0x08008cfe   0x08008cfe   0x00000002   PAD
    0x08008d00   0x08008d00   0x00000020   Code   RO          891    .text.VL53L1_encode_zone_size  vl53l1_core.o
    0x08008d20   0x08008d20   0x00000096   Code   RO          965    .text.VL53L1_events_per_spad_maths  vl53l1_core_support.o
    0x08008db6   0x08008db6   0x00000002   PAD
    0x08008db8   0x08008db8   0x00000402   Code   RO         1002    .text.VL53L1_f_001  vl53l1_dmax.o
    0x080091ba   0x080091ba   0x00000002   PAD
    0x080091bc   0x080091bc   0x00000066   Code   RO         1004    .text.VL53L1_f_002  vl53l1_dmax.o
    0x08009222   0x08009222   0x00000002   PAD
    0x08009224   0x08009224   0x0000015c   Code   RO         1091    .text.VL53L1_f_004  vl53l1_hist_core.o
    0x08009380   0x08009380   0x00000128   Code   RO         1085    .text.VL53L1_f_011  vl53l1_hist_core.o
    0x080094a8   0x080094a8   0x0000008a   Code   RO         1087    .text.VL53L1_f_012  vl53l1_hist_core.o
    0x08009532   0x08009532   0x00000002   PAD
    0x08009534   0x08009534   0x000000ce   Code   RO         1083    .text.VL53L1_f_013  vl53l1_hist_core.o
    0x08009602   0x08009602   0x00000002   PAD
    0x08009604   0x08009604   0x00000384   Code   RO         1340    .text.VL53L1_f_014  vl53l1_sigma_estimate.o
    0x08009988   0x08009988   0x000000ee   Code   RO         1022    .text.VL53L1_f_016  vl53l1_hist_algos_gen3.o
    0x08009a76   0x08009a76   0x00000002   PAD
    0x08009a78   0x08009a78   0x00000224   Code   RO         1024    .text.VL53L1_f_018  vl53l1_hist_algos_gen3.o
    0x08009c9c   0x08009c9c   0x000000b6   Code   RO         1026    .text.VL53L1_f_019  vl53l1_hist_algos_gen3.o
    0x08009d52   0x08009d52   0x00000002   PAD
    0x08009d54   0x08009d54   0x00000114   Code   RO         1028    .text.VL53L1_f_020  vl53l1_hist_algos_gen3.o
    0x08009e68   0x08009e68   0x000001d4   Code   RO         1030    .text.VL53L1_f_021  vl53l1_hist_algos_gen3.o
    0x0800a03c   0x0800a03c   0x000000a0   Code   RO         1034    .text.VL53L1_f_022  vl53l1_hist_algos_gen3.o
    0x0800a0dc   0x0800a0dc   0x000000c4   Code   RO         1040    .text.VL53L1_f_023  vl53l1_hist_algos_gen3.o
    0x0800a1a0   0x0800a1a0   0x00000158   Code   RO         1042    .text.VL53L1_f_026  vl53l1_hist_algos_gen3.o
    0x0800a2f8   0x0800a2f8   0x00000188   Code   RO         1036    .text.VL53L1_f_027  vl53l1_hist_algos_gen3.o
    0x0800a480   0x0800a480   0x0000020e   Code   RO         1032    .text.VL53L1_f_028  vl53l1_hist_algos_gen3.o
    0x0800a68e   0x0800a68e   0x00000002   PAD
    0x0800a690   0x0800a690   0x00000166   Code   RO         1044    .text.VL53L1_f_029  vl53l1_hist_algos_gen3.o
    0x0800a7f6   0x0800a7f6   0x00000002   PAD
    0x0800a7f8   0x0800a7f8   0x00000190   Code   RO         1038    .text.VL53L1_f_030  vl53l1_hist_algos_gen3.o
    0x0800a988   0x0800a988   0x00000476   Code   RO         1055    .text.VL53L1_f_033  vl53l1_hist_algos_gen4.o
    0x0800adfe   0x0800adfe   0x00000002   PAD
    0x0800ae00   0x0800ae00   0x00000116   Code   RO         1057    .text.VL53L1_f_034  vl53l1_hist_algos_gen4.o
    0x0800af16   0x0800af16   0x00000002   PAD
    0x0800af18   0x0800af18   0x00000220   Code   RO         1059    .text.VL53L1_f_035  vl53l1_hist_algos_gen4.o
    0x0800b138   0x0800b138   0x00000168   Code   RO         1061    .text.VL53L1_f_036  vl53l1_hist_algos_gen4.o
    0x0800b2a0   0x0800b2a0   0x00000080   Code   RO         1093    .text.VL53L1_f_038  vl53l1_hist_core.o
    0x0800b320   0x0800b320   0x000002c0   Code   RO         1095    .text.VL53L1_f_039  vl53l1_hist_core.o
    0x0800b5e0   0x0800b5e0   0x0000026a   Code   RO         1406    .text.VL53L1_f_040  vl53l1_xtalk.o
    0x0800b84a   0x0800b84a   0x00000002   PAD
    0x0800b84c   0x0800b84c   0x00000100   Code   RO         1408    .text.VL53L1_f_041  vl53l1_xtalk.o
    0x0800b94c   0x0800b94c   0x00000048   Code   RO         1171    .text.VL53L1_get_customer_nvm_managed  vl53l1_register_funcs.o
    0x0800b994   0x0800b994   0x000007b6   Code   RO          554    .text.VL53L1_get_device_results  vl53l1_api_core.o
    0x0800c14a   0x0800c14a   0x00000002   PAD
    0x0800c14c   0x0800c14c   0x000000cc   Code   RO          560    .text.VL53L1_get_dmax_calibration_data  vl53l1_api_core.o
    0x0800c218   0x0800c218   0x0000037e   Code   RO          556    .text.VL53L1_get_histogram_bin_data  vl53l1_api_core.o
    0x0800c596   0x0800c596   0x00000002   PAD
    0x0800c598   0x0800c598   0x0000004c   Code   RO          452    .text.VL53L1_get_inter_measurement_period_ms  vl53l1_api_core.o
    0x0800c5e4   0x0800c5e4   0x00000024   Code   RO          522    .text.VL53L1_get_lite_min_count_rate  vl53l1_api_core.o
    0x0800c608   0x0800c608   0x00000024   Code   RO          518    .text.VL53L1_get_lite_sigma_threshold  vl53l1_api_core.o
    0x0800c62c   0x0800c62c   0x0000012a   Code   RO          552    .text.VL53L1_get_measurement_results  vl53l1_api_core.o
    0x0800c756   0x0800c756   0x00000002   PAD
    0x0800c758   0x0800c758   0x0000006a   Code   RO          442    .text.VL53L1_get_mode_mitigation_roi  vl53l1_api_core.o
    0x0800c7c2   0x0800c7c2   0x00000002   PAD
    0x0800c7c4   0x0800c7c4   0x0000004e   Code   RO         1243    .text.VL53L1_get_nvm_copy_data  vl53l1_register_funcs.o
    0x0800c812   0x0800c812   0x00000002   PAD
    0x0800c814   0x0800c814   0x00000262   Code   RO          486    .text.VL53L1_get_preset_mode_timing_cfg  vl53l1_api_core.o
    0x0800ca76   0x0800ca76   0x00000002   PAD
    0x0800ca78   0x0800ca78   0x00000078   Code   RO          464    .text.VL53L1_get_sequence_config_bit  vl53l1_api_core.o
    0x0800caf0   0x0800caf0   0x00000048   Code   RO         1163    .text.VL53L1_get_static_nvm_managed  vl53l1_register_funcs.o
    0x0800cb38   0x0800cb38   0x000000d0   Code   RO          456    .text.VL53L1_get_timeouts_us  vl53l1_api_core.o
    0x0800cc08   0x0800cc08   0x00000af0   Code   RO          428    .text.VL53L1_get_tuning_parm  vl53l1_api_core.o
    0x0800d6f8   0x0800d6f8   0x00000028   Code   RO          484    .text.VL53L1_get_zone_config  vl53l1_api_core.o
    0x0800d720   0x0800d720   0x0000006e   Code   RO          969    .text.VL53L1_hist_calc_zero_distance_phase  vl53l1_core_support.o
    0x0800d78e   0x0800d78e   0x00000002   PAD
    0x0800d790   0x0800d790   0x0000013a   Code   RO          869    .text.VL53L1_hist_combine_mm1_mm2_offsets  vl53l1_core.o
    0x0800d8ca   0x0800d8ca   0x00000002   PAD
    0x0800d8cc   0x0800d8cc   0x00000124   Code   RO          855    .text.VL53L1_hist_copy_and_scale_ambient_info  vl53l1_core.o
    0x0800d9f0   0x0800d9f0   0x00000144   Code   RO          899    .text.VL53L1_hist_copy_results_to_sys_and_core  vl53l1_core.o
    0x0800db34   0x0800db34   0x0000008c   Code   RO          993    .text.VL53L1_hist_estimate_ambient_from_ambient_bins  vl53l1_core_support.o
    0x0800dbc0   0x0800dbc0   0x000000ee   Code   RO          973    .text.VL53L1_hist_estimate_ambient_from_thresholded_bins  vl53l1_core_support.o
    0x0800dcae   0x0800dcae   0x00000002   PAD
    0x0800dcb0   0x0800dcb0   0x0000032c   Code   RO          861    .text.VL53L1_hist_events_consistency_check  vl53l1_core.o
    0x0800dfdc   0x0800dfdc   0x0000008c   Code   RO          975    .text.VL53L1_hist_find_min_max_bin_values  vl53l1_core_support.o
    0x0800e068   0x0800e068   0x00000284   Code   RO          857    .text.VL53L1_hist_get_bin_sequence_config  vl53l1_core.o
    0x0800e2ec   0x0800e2ec   0x00000078   Code   RO          863    .text.VL53L1_hist_merged_pulse_check  vl53l1_core.o
    0x0800e364   0x0800e364   0x00000278   Code   RO          859    .text.VL53L1_hist_phase_consistency_check  vl53l1_core.o
    0x0800e5dc   0x0800e5dc   0x000002da   Code   RO         1104    .text.VL53L1_hist_process_data  vl53l1_hist_funcs.o
    0x0800e8b6   0x0800e8b6   0x00000002   PAD
    0x0800e8b8   0x0800e8b8   0x00000120   Code   RO          977    .text.VL53L1_hist_remove_ambient_bins  vl53l1_core_support.o
    0x0800e9d8   0x0800e9d8   0x0000005c   Code   RO          867    .text.VL53L1_hist_wrap_dmax  vl53l1_core.o
    0x0800ea34   0x0800ea34   0x000000c0   Code   RO          865    .text.VL53L1_hist_xmonitor_consistency_check  vl53l1_core.o
    0x0800eaf4   0x0800eaf4   0x000000c0   Code   RO         1223    .text.VL53L1_i2c_decode_core_results  vl53l1_register_funcs.o
    0x0800ebb4   0x0800ebb4   0x00000100   Code   RO         1167    .text.VL53L1_i2c_decode_customer_nvm_managed  vl53l1_register_funcs.o
    0x0800ecb4   0x0800ecb4   0x00000282   Code   RO         1231    .text.VL53L1_i2c_decode_debug_results  vl53l1_register_funcs.o
    0x0800ef36   0x0800ef36   0x00000002   PAD
    0x0800ef38   0x0800ef38   0x00000052   Code   RO          799    .text.VL53L1_i2c_decode_int16_t  vl53l1_core.o
    0x0800ef8a   0x0800ef8a   0x00000002   PAD
    0x0800ef8c   0x0800ef8c   0x00000048   Code   RO          809    .text.VL53L1_i2c_decode_int32_t  vl53l1_core.o
    0x0800efd4   0x0800efd4   0x0000022a   Code   RO         1239    .text.VL53L1_i2c_decode_nvm_copy_data  vl53l1_register_funcs.o
    0x0800f1fe   0x0800f1fe   0x00000002   PAD
    0x0800f200   0x0800f200   0x000000a4   Code   RO         1159    .text.VL53L1_i2c_decode_static_nvm_managed  vl53l1_register_funcs.o
    0x0800f2a4   0x0800f2a4   0x000001a6   Code   RO         1215    .text.VL53L1_i2c_decode_system_results  vl53l1_register_funcs.o
    0x0800f44a   0x0800f44a   0x00000002   PAD
    0x0800f44c   0x0800f44c   0x0000003e   Code   RO          795    .text.VL53L1_i2c_decode_uint16_t  vl53l1_core.o
    0x0800f48a   0x0800f48a   0x00000002   PAD
    0x0800f48c   0x0800f48c   0x00000036   Code   RO          803    .text.VL53L1_i2c_decode_uint32_t  vl53l1_core.o
    0x0800f4c2   0x0800f4c2   0x00000002   PAD
    0x0800f4c4   0x0800f4c4   0x000000fc   Code   RO         1165    .text.VL53L1_i2c_encode_customer_nvm_managed  vl53l1_register_funcs.o
    0x0800f5c0   0x0800f5c0   0x000000e8   Code   RO         1197    .text.VL53L1_i2c_encode_dynamic_config  vl53l1_register_funcs.o
    0x0800f6a8   0x0800f6a8   0x000000ec   Code   RO         1181    .text.VL53L1_i2c_encode_general_config  vl53l1_register_funcs.o
    0x0800f794   0x0800f794   0x00000064   Code   RO          797    .text.VL53L1_i2c_encode_int16_t  vl53l1_core.o
    0x0800f7f8   0x0800f7f8   0x00000176   Code   RO         1173    .text.VL53L1_i2c_encode_static_config  vl53l1_register_funcs.o
    0x0800f96e   0x0800f96e   0x00000002   PAD
    0x0800f970   0x0800f970   0x000000a4   Code   RO         1157    .text.VL53L1_i2c_encode_static_nvm_managed  vl53l1_register_funcs.o
    0x0800fa14   0x0800fa14   0x0000006c   Code   RO         1205    .text.VL53L1_i2c_encode_system_control  vl53l1_register_funcs.o
    0x0800fa80   0x0800fa80   0x000000ea   Code   RO         1189    .text.VL53L1_i2c_encode_timing_config  vl53l1_register_funcs.o
    0x0800fb6a   0x0800fb6a   0x00000002   PAD
    0x0800fb6c   0x0800fb6c   0x00000062   Code   RO          793    .text.VL53L1_i2c_encode_uint16_t  vl53l1_core.o
    0x0800fbce   0x0800fbce   0x00000002   PAD
    0x0800fbd0   0x0800fbd0   0x00000056   Code   RO          801    .text.VL53L1_i2c_encode_uint32_t  vl53l1_core.o
    0x0800fc26   0x0800fc26   0x00000002   PAD
    0x0800fc28   0x0800fc28   0x00000428   Code   RO          546    .text.VL53L1_init_and_start_range  vl53l1_api_core.o
    0x08010050   0x08010050   0x00000062   Code   RO          664    .text.VL53L1_init_hist_gen3_dmax_config_struct  vl53l1_api_preset_modes.o
    0x080100b2   0x080100b2   0x00000002   PAD
    0x080100b4   0x080100b4   0x000000f0   Code   RO          658    .text.VL53L1_init_hist_post_process_config_struct  vl53l1_api_preset_modes.o
    0x080101a4   0x080101a4   0x0000014c   Code   RO          989    .text.VL53L1_init_histogram_bin_data_struct  vl53l1_core_support.o
    0x080102f0   0x080102f0   0x0000012c   Code   RO          787    .text.VL53L1_init_histogram_config_structure  vl53l1_core.o
    0x0801041c   0x0801041c   0x0000012c   Code   RO          789    .text.VL53L1_init_histogram_multizone_config_structure  vl53l1_core.o
    0x08010548   0x08010548   0x0000004c   Code   RO          769    .text.VL53L1_init_ll_driver_state  vl53l1_core.o
    0x08010594   0x08010594   0x00000040   Code   RO          654    .text.VL53L1_init_offset_cal_config_struct  vl53l1_api_preset_modes.o
    0x080105d4   0x080105d4   0x0000003e   Code   RO          646    .text.VL53L1_init_refspadchar_config_struct  vl53l1_api_preset_modes.o
    0x08010612   0x08010612   0x00000002   PAD
    0x08010614   0x08010614   0x00000036   Code   RO          648    .text.VL53L1_init_ssc_config_struct  vl53l1_api_preset_modes.o
    0x0801064a   0x0801064a   0x00000002   PAD
    0x0801064c   0x0801064c   0x00000070   Code   RO          781    .text.VL53L1_init_system_results  vl53l1_core.o
    0x080106bc   0x080106bc   0x00000318   Code   RO          662    .text.VL53L1_init_tuning_parm_storage_struct  vl53l1_api_preset_modes.o
    0x080109d4   0x080109d4   0x0000002c   Code   RO          767    .text.VL53L1_init_version  vl53l1_core.o
    0x08010a00   0x08010a00   0x0000009e   Code   RO          791    .text.VL53L1_init_xtalk_bin_data_struct  vl53l1_core.o
    0x08010a9e   0x08010a9e   0x00000002   PAD
    0x08010aa0   0x08010aa0   0x000000d2   Code   RO          650    .text.VL53L1_init_xtalk_config_struct  vl53l1_api_preset_modes.o
    0x08010b72   0x08010b72   0x00000002   PAD
    0x08010b74   0x08010b74   0x00000054   Code   RO          652    .text.VL53L1_init_xtalk_extract_config_struct  vl53l1_api_preset_modes.o
    0x08010bc8   0x08010bc8   0x0000003e   Code   RO          656    .text.VL53L1_init_zone_cal_config_struct  vl53l1_api_preset_modes.o
    0x08010c06   0x08010c06   0x00000002   PAD
    0x08010c08   0x08010c08   0x00000042   Code   RO         1421    .text.VL53L1_init_zone_config_histogram_bins  vl53l1_zone_presets.o
    0x08010c4a   0x08010c4a   0x00000002   PAD
    0x08010c4c   0x08010c4c   0x00000120   Code   RO         1419    .text.VL53L1_init_zone_config_structure  vl53l1_zone_presets.o
    0x08010d6c   0x08010d6c   0x00000064   Code   RO         1478    .text.VL53L1_ipp_hist_process_data  vl53l1_platform_ipp.o
    0x08010dd0   0x08010dd0   0x00000064   Code   RO          895    .text.VL53L1_is_aperture_location  vl53l1_core.o
    0x08010e34   0x08010e34   0x00000080   Code   RO         1375    .text.VL53L1_is_new_data_ready  vl53l1_wait.o
    0x08010eb4   0x08010eb4   0x00000066   Code   RO          967    .text.VL53L1_isqrt  vl53l1_core_support.o
    0x08010f1a   0x08010f1a   0x00000002   PAD
    0x08010f1c   0x08010f1c   0x0000017a   Code   RO          426    .text.VL53L1_load_patch  vl53l1_api_core.o
    0x08011096   0x08011096   0x00000002   PAD
    0x08011098   0x08011098   0x00000062   Code   RO          943    .text.VL53L1_low_power_auto_data_init  vl53l1_core.o
    0x080110fa   0x080110fa   0x00000002   PAD
    0x080110fc   0x080110fc   0x00000076   Code   RO          945    .text.VL53L1_low_power_auto_data_stop_range  vl53l1_core.o
    0x08011172   0x08011172   0x00000002   PAD
    0x08011174   0x08011174   0x00000074   Code   RO          949    .text.VL53L1_low_power_auto_setup_manual_calibration  vl53l1_core.o
    0x080111e8   0x080111e8   0x0000016c   Code   RO          909    .text.VL53L1_multizone_hist_bins_update  vl53l1_core.o
    0x08011354   0x08011354   0x00000074   Code   RO         1127    .text.VL53L1_nvm_decode_additional_offset_cal_data  vl53l1_nvm.o
    0x080113c8   0x080113c8   0x000000b2   Code   RO         1125    .text.VL53L1_nvm_decode_cal_peak_rate_map  vl53l1_nvm.o
    0x0801147a   0x0801147a   0x00000002   PAD
    0x0801147c   0x0801147c   0x000000b4   Code   RO         1129    .text.VL53L1_nvm_decode_fmt_range_results_data  vl53l1_nvm.o
    0x08011530   0x08011530   0x00000072   Code   RO         1123    .text.VL53L1_nvm_decode_optical_centre  vl53l1_nvm.o
    0x080115a2   0x080115a2   0x00000002   PAD
    0x080115a4   0x080115a4   0x00000070   Code   RO         1119    .text.VL53L1_nvm_disable  vl53l1_nvm.o
    0x08011614   0x08011614   0x000000d8   Code   RO         1115    .text.VL53L1_nvm_enable  vl53l1_nvm.o
    0x080116ec   0x080116ec   0x000000d6   Code   RO         1117    .text.VL53L1_nvm_read  vl53l1_nvm.o
    0x080117c2   0x080117c2   0x00000002   PAD
    0x080117c4   0x080117c4   0x00000056   Code   RO         1361    .text.VL53L1_poll_for_boot_completion  vl53l1_wait.o
    0x0801181a   0x0801181a   0x00000002   PAD
    0x0801181c   0x0801181c   0x00000068   Code   RO         1373    .text.VL53L1_poll_for_range_completion  vl53l1_wait.o
    0x08011884   0x08011884   0x00000080   Code   RO          724    .text.VL53L1_preset_mode_histogram_characterisation  vl53l1_api_preset_modes.o
    0x08011904   0x08011904   0x0000018e   Code   RO          704    .text.VL53L1_preset_mode_histogram_long_range  vl53l1_api_preset_modes.o
    0x08011a92   0x08011a92   0x00000002   PAD
    0x08011a94   0x08011a94   0x0000010c   Code   RO          706    .text.VL53L1_preset_mode_histogram_long_range_mm1  vl53l1_api_preset_modes.o
    0x08011ba0   0x08011ba0   0x00000070   Code   RO          708    .text.VL53L1_preset_mode_histogram_long_range_mm2  vl53l1_api_preset_modes.o
    0x08011c10   0x08011c10   0x0000017a   Code   RO          710    .text.VL53L1_preset_mode_histogram_medium_range  vl53l1_api_preset_modes.o
    0x08011d8a   0x08011d8a   0x00000002   PAD
    0x08011d8c   0x08011d8c   0x00000104   Code   RO          712    .text.VL53L1_preset_mode_histogram_medium_range_mm1  vl53l1_api_preset_modes.o
    0x08011e90   0x08011e90   0x00000070   Code   RO          714    .text.VL53L1_preset_mode_histogram_medium_range_mm2  vl53l1_api_preset_modes.o
    0x08011f00   0x08011f00   0x000000c2   Code   RO          734    .text.VL53L1_preset_mode_histogram_multizone  vl53l1_api_preset_modes.o
    0x08011fc2   0x08011fc2   0x00000002   PAD
    0x08011fc4   0x08011fc4   0x000000c2   Code   RO          728    .text.VL53L1_preset_mode_histogram_multizone_long_range  vl53l1_api_preset_modes.o
    0x08012086   0x08012086   0x00000002   PAD
    0x08012088   0x08012088   0x000000c2   Code   RO          736    .text.VL53L1_preset_mode_histogram_multizone_short_range  vl53l1_api_preset_modes.o
    0x0801214a   0x0801214a   0x00000002   PAD
    0x0801214c   0x0801214c   0x00000170   Code   RO          690    .text.VL53L1_preset_mode_histogram_ranging  vl53l1_api_preset_modes.o
    0x080122bc   0x080122bc   0x00000118   Code   RO          698    .text.VL53L1_preset_mode_histogram_ranging_mm1_cal  vl53l1_api_preset_modes.o
    0x080123d4   0x080123d4   0x00000070   Code   RO          700    .text.VL53L1_preset_mode_histogram_ranging_mm2_cal  vl53l1_api_preset_modes.o
    0x08012444   0x08012444   0x00000086   Code   RO          742    .text.VL53L1_preset_mode_histogram_ranging_ref  vl53l1_api_preset_modes.o
    0x080124ca   0x080124ca   0x00000002   PAD
    0x080124cc   0x080124cc   0x00000162   Code   RO          702    .text.VL53L1_preset_mode_histogram_ranging_short_timing  vl53l1_api_preset_modes.o
    0x0801262e   0x0801262e   0x00000002   PAD
    0x08012630   0x08012630   0x00000112   Code   RO          694    .text.VL53L1_preset_mode_histogram_ranging_with_mm1  vl53l1_api_preset_modes.o
    0x08012742   0x08012742   0x00000002   PAD
    0x08012744   0x08012744   0x00000070   Code   RO          696    .text.VL53L1_preset_mode_histogram_ranging_with_mm2  vl53l1_api_preset_modes.o
    0x080127b4   0x080127b4   0x00000162   Code   RO          716    .text.VL53L1_preset_mode_histogram_short_range  vl53l1_api_preset_modes.o
    0x08012916   0x08012916   0x00000002   PAD
    0x08012918   0x08012918   0x000000ee   Code   RO          720    .text.VL53L1_preset_mode_histogram_short_range_mm1  vl53l1_api_preset_modes.o
    0x08012a06   0x08012a06   0x00000002   PAD
    0x08012a08   0x08012a08   0x00000070   Code   RO          722    .text.VL53L1_preset_mode_histogram_short_range_mm2  vl53l1_api_preset_modes.o
    0x08012a78   0x08012a78   0x00000166   Code   RO          730    .text.VL53L1_preset_mode_histogram_xtalk_mm1  vl53l1_api_preset_modes.o
    0x08012bde   0x08012bde   0x00000002   PAD
    0x08012be0   0x08012be0   0x00000066   Code   RO          732    .text.VL53L1_preset_mode_histogram_xtalk_mm2  vl53l1_api_preset_modes.o
    0x08012c46   0x08012c46   0x00000002   PAD
    0x08012c48   0x08012c48   0x0000013c   Code   RO          726    .text.VL53L1_preset_mode_histogram_xtalk_planar  vl53l1_api_preset_modes.o
    0x08012d84   0x08012d84   0x00000072   Code   RO          686    .text.VL53L1_preset_mode_low_power_auto_long_ranging  vl53l1_api_preset_modes.o
    0x08012df6   0x08012df6   0x00000002   PAD
    0x08012df8   0x08012df8   0x00000072   Code   RO          682    .text.VL53L1_preset_mode_low_power_auto_ranging  vl53l1_api_preset_modes.o
    0x08012e6a   0x08012e6a   0x00000002   PAD
    0x08012e6c   0x08012e6c   0x00000072   Code   RO          684    .text.VL53L1_preset_mode_low_power_auto_short_ranging  vl53l1_api_preset_modes.o
    0x08012ede   0x08012ede   0x00000002   PAD
    0x08012ee0   0x08012ee0   0x00000066   Code   RO          738    .text.VL53L1_preset_mode_olt  vl53l1_api_preset_modes.o
    0x08012f46   0x08012f46   0x00000002   PAD
    0x08012f48   0x08012f48   0x0000008a   Code   RO          688    .text.VL53L1_preset_mode_singleshot_ranging  vl53l1_api_preset_modes.o
    0x08012fd2   0x08012fd2   0x00000002   PAD
    0x08012fd4   0x08012fd4   0x0000011a   Code   RO          718    .text.VL53L1_preset_mode_special_histogram_short_range  vl53l1_api_preset_modes.o
    0x080130ee   0x080130ee   0x00000002   PAD
    0x080130f0   0x080130f0   0x00000348   Code   RO          666    .text.VL53L1_preset_mode_standard_ranging  vl53l1_api_preset_modes.o
    0x08013438   0x08013438   0x000000a0   Code   RO          670    .text.VL53L1_preset_mode_standard_ranging_long_range  vl53l1_api_preset_modes.o
    0x080134d8   0x080134d8   0x0000006c   Code   RO          672    .text.VL53L1_preset_mode_standard_ranging_mm1_cal  vl53l1_api_preset_modes.o
    0x08013544   0x08013544   0x0000006c   Code   RO          674    .text.VL53L1_preset_mode_standard_ranging_mm2_cal  vl53l1_api_preset_modes.o
    0x080135b0   0x080135b0   0x000000a0   Code   RO          668    .text.VL53L1_preset_mode_standard_ranging_short_range  vl53l1_api_preset_modes.o
    0x08013650   0x08013650   0x00000092   Code   RO          676    .text.VL53L1_preset_mode_timed_ranging  vl53l1_api_preset_modes.o
    0x080136e2   0x080136e2   0x00000002   PAD
    0x080136e4   0x080136e4   0x00000092   Code   RO          680    .text.VL53L1_preset_mode_timed_ranging_long_range  vl53l1_api_preset_modes.o
    0x08013776   0x08013776   0x00000002   PAD
    0x08013778   0x08013778   0x00000094   Code   RO          678    .text.VL53L1_preset_mode_timed_ranging_short_range  vl53l1_api_preset_modes.o
    0x0801380c   0x0801380c   0x0000015e   Code   RO          985    .text.VL53L1_range_maths  vl53l1_core_support.o
    0x0801396a   0x0801396a   0x00000002   PAD
    0x0801396c   0x0801396c   0x00000096   Code   RO          981    .text.VL53L1_rate_maths  vl53l1_core_support.o
    0x08013a02   0x08013a02   0x00000002   PAD
    0x08013a04   0x08013a04   0x00000062   Code   RO          983    .text.VL53L1_rate_per_spad_maths  vl53l1_core_support.o
    0x08013a66   0x08013a66   0x00000002   PAD
    0x08013a68   0x08013a68   0x00000042   Code   RO         1145    .text.VL53L1_read_nvm_additional_offset_cal_data  vl53l1_nvm.o
    0x08013aaa   0x08013aaa   0x00000002   PAD
    0x08013aac   0x08013aac   0x00000042   Code   RO         1143    .text.VL53L1_read_nvm_cal_peak_rate_map  vl53l1_nvm.o
    0x08013aee   0x08013aee   0x00000002   PAD
    0x08013af0   0x08013af0   0x0000004c   Code   RO         1147    .text.VL53L1_read_nvm_fmt_range_results_data  vl53l1_nvm.o
    0x08013b3c   0x08013b3c   0x00000042   Code   RO         1141    .text.VL53L1_read_nvm_optical_centre  vl53l1_nvm.o
    0x08013b7e   0x08013b7e   0x00000002   PAD
    0x08013b80   0x08013b80   0x00000068   Code   RO         1137    .text.VL53L1_read_nvm_raw_data  vl53l1_nvm.o
    0x08013be8   0x08013be8   0x00000238   Code   RO          438    .text.VL53L1_read_p2p_data  vl53l1_api_core.o
    0x08013e20   0x08013e20   0x000000f8   Code   RO          397    .text.VL53L1_run_device_test  vl53l1_api_calibration.o
    0x08013f18   0x08013f18   0x000001de   Code   RO          395    .text.VL53L1_run_ref_spad_char  vl53l1_api_calibration.o
    0x080140f6   0x080140f6   0x00000002   PAD
    0x080140f8   0x080140f8   0x00000064   Code   RO          905    .text.VL53L1_save_cfg_data  vl53l1_core.o
    0x0801415c   0x0801415c   0x00000024   Code   RO          576    .text.VL53L1_set_dmax_mode  vl53l1_api_core.o
    0x08014180   0x08014180   0x0000003a   Code   RO          813    .text.VL53L1_set_firmware_enable_register  vl53l1_core.o
    0x080141ba   0x080141ba   0x00000002   PAD
    0x080141bc   0x080141bc   0x000000d4   Code   RO          911    .text.VL53L1_set_histogram_multizone_initial_bin_config  vl53l1_core.o
    0x08014290   0x08014290   0x0000004e   Code   RO          450    .text.VL53L1_set_inter_measurement_period_ms  vl53l1_api_core.o
    0x080142de   0x080142de   0x00000002   PAD
    0x080142e0   0x080142e0   0x00000026   Code   RO          524    .text.VL53L1_set_lite_min_count_rate  vl53l1_api_core.o
    0x08014306   0x08014306   0x00000002   PAD
    0x08014308   0x08014308   0x00000026   Code   RO          520    .text.VL53L1_set_lite_sigma_threshold  vl53l1_api_core.o
    0x0801432e   0x0801432e   0x00000002   PAD
    0x08014330   0x08014330   0x0000003a   Code   RO          819    .text.VL53L1_set_powerforce_register  vl53l1_core.o
    0x0801436a   0x0801436a   0x00000002   PAD
    0x0801436c   0x0801436c   0x000008be   Code   RO          440    .text.VL53L1_set_preset_mode  vl53l1_api_core.o
    0x08014c2a   0x08014c2a   0x00000002   PAD
    0x08014c2c   0x08014c2c   0x0000015e   Code   RO          923    .text.VL53L1_set_ref_spad_char_config  vl53l1_core.o
    0x08014d8a   0x08014d8a   0x00000002   PAD
    0x08014d8c   0x08014d8c   0x0000004c   Code   RO         1209    .text.VL53L1_set_system_control  vl53l1_register_funcs.o
    0x08014dd8   0x08014dd8   0x00000076   Code   RO          454    .text.VL53L1_set_timeouts_us  vl53l1_api_core.o
    0x08014e4e   0x08014e4e   0x00000002   PAD
    0x08014e50   0x08014e50   0x0000003c   Code   RO          478    .text.VL53L1_set_user_zone  vl53l1_api_core.o
    0x08014e8c   0x08014e8c   0x00000080   Code   RO          482    .text.VL53L1_set_zone_config  vl53l1_api_core.o
    0x08014f0c   0x08014f0c   0x00000048   Code   RO          548    .text.VL53L1_set_zone_dss_config  vl53l1_api_core.o
    0x08014f54   0x08014f54   0x00000032   Code   RO          885    .text.VL53L1_spad_number_to_byte_bit_index  vl53l1_core.o
    0x08014f86   0x08014f86   0x00000002   PAD
    0x08014f88   0x08014f88   0x00000032   Code   RO          811    .text.VL53L1_start_test  vl53l1_core.o
    0x08014fba   0x08014fba   0x00000002   PAD
    0x08014fbc   0x08014fbc   0x0000008a   Code   RO          550    .text.VL53L1_stop_range  vl53l1_api_core.o
    0x08015046   0x08015046   0x00000002   PAD
    0x08015048   0x08015048   0x0000006e   Code   RO          430    .text.VL53L1_unload_patch  vl53l1_api_core.o
    0x080150b6   0x080150b6   0x00000002   PAD
    0x080150b8   0x080150b8   0x0000007c   Code   RO          773    .text.VL53L1_update_internal_stream_counters  vl53l1_core.o
    0x08015134   0x08015134   0x00000232   Code   RO          777    .text.VL53L1_update_ll_driver_cfg_state  vl53l1_core.o
    0x08015366   0x08015366   0x00000002   PAD
    0x08015368   0x08015368   0x000001b0   Code   RO          771    .text.VL53L1_update_ll_driver_rd_state  vl53l1_core.o
    0x08015518   0x08015518   0x00000088   Code   RO         1377    .text.VL53L1_wait_for_test_completion  vl53l1_wait.o
    0x080155a0   0x080155a0   0x00000056   Code   RO          941    .text.VL53L1_xtalk_cal_data_init  vl53l1_core.o
    0x080155f6   0x080155f6   0x00000002   PAD
    0x080155f8   0x080155f8   0x000000b8   Code   RO         1423    .text.VL53L1_zone_preset_xtalk_planar  vl53l1_zone_presets.o
    0x080156b0   0x080156b0   0x0000001c   Code   RO         1434    .text._I2CRead      vl53l1_platform.o
    0x080156cc   0x080156cc   0x0000001c   Code   RO         1432    .text._I2CWrite     vl53l1_platform.o
    0x080156e8   0x080156e8   0x00000030   Code   RO         2029    .text.__NVIC_EnableIRQ  stm32f4xx_hal_cortex.o
    0x08015718   0x08015718   0x00000010   Code   RO         2021    .text.__NVIC_GetPriorityGrouping  stm32f4xx_hal_cortex.o
    0x08015728   0x08015728   0x00000042   Code   RO         2023    .text.__NVIC_SetPriority  stm32f4xx_hal_cortex.o
    0x0801576a   0x0801576a   0x00000002   PAD
    0x0801576c   0x0801576c   0x0000003c   Code   RO         2017    .text.__NVIC_SetPriorityGrouping  stm32f4xx_hal_cortex.o
    0x080157a8   0x080157a8   0x0000003c   Code   RO           91    .text.decimal_part  app_tof.o
    0x080157e4   0x080157e4   0x00000034   Code   RO          155    .text.fputc         stm32f4xx_nucleo.o
    0x08015818   0x08015818   0x00000024   Code   RO           11    .text.main          main.o
    0x0801583c   0x0801583c   0x00000146   Code   RO           89    .text.print_result  app_tof.o
    0x08015982   0x08015982   0x00000002   PAD
    0x08015984   0x08015984   0x0000002a   Code   RO           40    .text.reset_device  custom_ranging_sensor.o
    0x080159ae   0x080159ae   0x00000002   PAD
    0x080159b0   0x080159b0   0x000000da   Code   RO          558    .text.select_offset_per_vcsel  vl53l1_api_core.o
    0x08015a8a   0x08015a8a   0x00000002   PAD
    0x08015a8c   0x08015a8c   0x00000130   Code   RO          618    .text.vl53l1_diff_histo_stddev  vl53l1_api_core.o
    0x08015bbc   0x08015bbc   0x000002d0   Code   RO          566    .text.vl53l1_histo_merge  vl53l1_api_core.o
    0x08015e8c   0x08015e8c   0x0000026c   Code   RO         1528    .text.vl53l1cb_get_result  vl53l1cb.o
    0x080160f8   0x080160f8   0x00000062   Code   RO         1526    .text.vl53l1cb_poll_for_measurement  vl53l1cb.o
    0x0801615a   0x0801615a   0x00000002   PAD
    0x0801615c   0x0801615c   0x00000020   Code   RO         2467    i.__0printf         mc_w.l(printfa.o)
    0x0801617c   0x0801617c   0x0000000e   Code   RO         2543    i.__scatterload_copy  mc_w.l(handlers.o)
    0x0801618a   0x0801618a   0x00000002   Code   RO         2544    i.__scatterload_null  mc_w.l(handlers.o)
    0x0801618c   0x0801618c   0x0000000e   Code   RO         2545    i.__scatterload_zeroinit  mc_w.l(handlers.o)
    0x0801619a   0x0801619a   0x00000002   PAD
    0x0801619c   0x0801619c   0x00000184   Code   RO         2474    i._fp_digits        mc_w.l(printfa.o)
    0x08016320   0x08016320   0x000006dc   Code   RO         2475    i._printf_core      mc_w.l(printfa.o)
    0x080169fc   0x080169fc   0x00000024   Code   RO         2476    i._printf_post_padding  mc_w.l(printfa.o)
    0x08016a20   0x08016a20   0x0000002e   Code   RO         2477    i._printf_pre_padding  mc_w.l(printfa.o)
    0x08016a4e   0x08016a4e   0x00000010   Data   RO         2443    .rodata.AHBPrescTable  system_stm32f4xx.o
    0x08016a5e   0x08016a5e   0x00000008   Data   RO         2444    .rodata.APBPrescTable  system_stm32f4xx.o
    0x08016a66   0x08016a66   0x000000c6   Data   RO           94    .rodata.str1.1      app_tof.o
    0x08016b2c   0x08016b2c   0x00000020   Data   RO         2542    Region$$Table       anon$$obj.o


    Execution Region RW_IRAM1 (Exec base: 0x20000000, Load base: 0x08016b50, Size: 0x000035d8, Max: 0x00018000, ABSOLUTE)

    Exec Addr    Load Addr    Size         Type   Attr      Idx    E Section Name        Object

    0x20000000   0x08016b50   0x00000004   Data   RW         2508    .data               mc_w.l(stdout.o)
    0x20000004   0x08016b54   0x0000002c   Data   RW          380    .data.BDTable       vl53l1_api.o
    0x20000030   0x08016b80   0x00000004   Data   RW          157    .data.COM_USART     stm32f4xx_nucleo.o
    0x20000034   0x08016b84   0x00000004   Data   RW         2442    .data.SystemCoreClock  system_stm32f4xx.o
    0x20000038   0x08016b88   0x00000038   Data   RW         1534    .data.VL53L1CB_RANGING_SENSOR_Driver  vl53l1cb.o
    0x20000070   0x08016bc0   0x00000001   Data   RW         2141    .data.uwTickFreq    stm32f4xx_hal.o
    0x20000071   0x08016bc1   0x00000003   PAD
    0x20000074   0x08016bc4   0x00000004   Data   RW         2140    .data.uwTickPrio    stm32f4xx_hal.o
    0x20000078        -       0x00000001   Zero   RW          159    .bss.COM_ActiveLogPort  stm32f4xx_nucleo.o
    0x20000079   0x08016bc8   0x00000003   PAD
    0x2000007c        -       0x00000004   Zero   RW           70    .bss.CUSTOM_RANGING_CompObj  custom_ranging_sensor.o
    0x20000080        -       0x00000010   Zero   RW           96    .bss.Cap            app_tof.o
    0x20000090        -       0x00000004   Zero   RW          133    .bss.I2C1InitCounter  stm32f4xx_nucleo_bus.o
    0x20000094        -       0x00000014   Zero   RW           97    .bss.Profile        app_tof.o
    0x200000a8        -       0x00000010   Zero   RW           71    .bss.RANGING_SENSOR_Cap  custom_ranging_sensor.o
    0x200000b8        -       0x00000048   Zero   RW           98    .bss.Result         app_tof.o
    0x20000100        -       0x00000001   Zero   RW           93    .bss.ToF_EventDetected  app_tof.o
    0x20000101   0x08016bc8   0x00000007   PAD
    0x20000108        -       0x00002a90   Zero   RW           72    .bss.VL53L1CB_Probe.VL53L1CBObj  custom_ranging_sensor.o
    0x20002b98        -       0x00000100   Zero   RW         1468    .bss._I2CBuffer     vl53l1_platform.o
    0x20002c98        -       0x00000044   Zero   RW          158    .bss.hcom_uart      stm32f4xx_nucleo.o
    0x20002cdc        -       0x00000054   Zero   RW          132    .bss.hi2c1          stm32f4xx_nucleo_bus.o
    0x20002d30        -       0x00000020   Zero   RW           21    .bss.hrtc           main.o
    0x20002d50        -       0x00000004   Zero   RW           95    .bss.status         app_tof.o
    0x20002d54        -       0x00000004   Zero   RW         2142    .bss.uwTick         stm32f4xx_hal.o
    0x20002d58        -       0x00000080   Zero   RW         1535    .bss.vl53l1cb_get_result.data  vl53l1cb.o
    0x20002dd8        -       0x00000800   Zero   RW            1    STACK               startup_stm32f401xe.o


==============================================================================

Image component sizes


      Code (inc. data)   RO Data    RW Data    ZI Data      Debug   Object Name

       604          4        198          0        113       2802   app_tof.o
        34          0          0          0          0        598   app_tof_pin_conf.o
       466          0          0          0      10916      40564   custom_ranging_sensor.o
       692          0          0          0         32       6848   main.o
        36          8        404          0       2048        880   startup_stm32f401xe.o
       276          0          0          5          4       6782   stm32f4xx_hal.o
       482          0          0          0          0       9027   stm32f4xx_hal_cortex.o
      1432          0          0          0          0       5187   stm32f4xx_hal_gpio.o
      4138          0          0          0          0      37327   stm32f4xx_hal_i2c.o
       162          0          0          0          0       3840   stm32f4xx_hal_msp.o
      2646          0          0          0          0       7725   stm32f4xx_hal_rcc.o
       592          0          0          0          0       4393   stm32f4xx_hal_rcc_ex.o
      1224          0          0          0          0      10033   stm32f4xx_hal_rtc.o
      1020          0          0          0          0      20203   stm32f4xx_hal_uart.o
        56          0          0          0          0       1374   stm32f4xx_it.o
       406          0          0          4         69       6335   stm32f4xx_nucleo.o
       714          0          0          0         88       7467   stm32f4xx_nucleo_bus.o
        18          0         24          4          0       2637   system_stm32f4xx.o
      8242         70          0         44          0      73071   vl53l1_api.o
       726          0          0          0          0      46063   vl53l1_api_calibration.o
     15512        548          0          0          0      88876   vl53l1_api_core.o
     10052          0          0          0          0      34909   vl53l1_api_preset_modes.o
     14320          6          0          0          0      73679   vl53l1_core.o
      2536          0          0          0          0       8067   vl53l1_core_support.o
      1128          0          0          0          0       4860   vl53l1_dmax.o
      4088          0          0          0          0      10861   vl53l1_hist_algos_gen3.o
      2324          0          0          0          0      11050   vl53l1_hist_algos_gen4.o
      1820          0          0          0          0       6543   vl53l1_hist_core.o
       730          0          0          0          0       9354   vl53l1_hist_funcs.o
      1508          0          0          0          0      46207   vl53l1_nvm.o
      1066          0          0          0        256      38240   vl53l1_platform.o
       100          0          0          0          0      35415   vl53l1_platform_ipp.o
      4128          0          0          0          0      74157   vl53l1_register_funcs.o
       900          0          0          0          0       5637   vl53l1_sigma_estimate.o
       454          0          0          0          0      36906   vl53l1_wait.o
       874          0          0          0          0      12705   vl53l1_xtalk.o
       538          0          0          0          0       4406   vl53l1_zone_presets.o
      2060         12          0         56        128      41364   vl53l1cb.o

    ----------------------------------------------------------------------
     88496        648        658        116      13664     836392   Object Totals
         0          0         32          0          0          0   (incl. Generated)
       392          0          0          3         10          0   (incl. Padding)

    ----------------------------------------------------------------------

      Code (inc. data)   RO Data    RW Data    ZI Data      Debug   Library Member Name

         0          0          0          0          0          0   entry.o
         0          0          0          0          0          0   entry10a.o
         0          0          0          0          0          0   entry11a.o
         8          4          0          0          0          0   entry2.o
         4          0          0          0          0          0   entry5.o
         0          0          0          0          0          0   entry7b.o
         0          0          0          0          0          0   entry8b.o
         8          4          0          0          0          0   entry9a.o
        30          0          0          0          0          0   handlers.o
        36          8          0          0          0         68   init.o
         0          0          0          0          0          0   iusefp.o
        98          0          0          0          0         84   ldiv.o
        30          0          0          0          0         68   llshl.o
        36          0          0          0          0         68   llsshr.o
        32          0          0          0          0         68   llushr.o
        36          0          0          0          0         68   memcpya.o
        36          0          0          0          0        108   memseta.o
      2258         90          0          0          0        452   printfa.o
         0          0          0          4          0          0   stdout.o
        24          0          0          0          0         76   strncpy.o
        44          0          0          0          0         80   uidiv.o
        98          0          0          0          0         92   uldiv.o
        48          0          0          0          0         68   cdrcmple.o
       334          0          0          0          0        148   dadd.o
       222          0          0          0          0        100   ddiv.o
       186          0          0          0          0        176   depilogue.o
        48          0          0          0          0         68   dfixul.o
       228          0          0          0          0         96   dmul.o

    ----------------------------------------------------------------------
      3850        106          0          4          0       1888   Library Totals
         6          0          0          0          0          0   (incl. Padding)

    ----------------------------------------------------------------------

      Code (inc. data)   RO Data    RW Data    ZI Data      Debug   Library Name

      2778        106          0          4          0       1232   mc_w.l
      1066          0          0          0          0        656   mf_w.l

    ----------------------------------------------------------------------
      3850        106          0          4          0       1888   Library Totals

    ----------------------------------------------------------------------

==============================================================================


      Code (inc. data)   RO Data    RW Data    ZI Data      Debug   

     92346        754        658        120      13664     836776   Grand Totals
     92346        754        658        120      13664     836776   ELF Image Totals
     92346        754        658        120          0          0   ROM Totals

==============================================================================

    Total RO  Size (Code + RO Data)                93004 (  90.82kB)
    Total RW  Size (RW Data + ZI Data)             13784 (  13.46kB)
    Total ROM Size (Code + RO Data + RW Data)      93124 (  90.94kB)

==============================================================================

